Archive member included to satisfy reference by file (symbol)

c:/st/stm32cubeide_1.11.0/stm32cubeide/plugins/com.st.stm32cube.ide.mcu.externaltools.gnu-tools-for-stm32.10.3-2021.10.win32_1.0.100.202210260954/tools/bin/../lib/gcc/arm-none-eabi/10.3.1/../../../../arm-none-eabi/lib/thumb/v7e-m+fp/hard\libc_nano.a(lib_a-errno.o)
                              ./Application/User/syscalls.o (__errno)
c:/st/stm32cubeide_1.11.0/stm32cubeide/plugins/com.st.stm32cube.ide.mcu.externaltools.gnu-tools-for-stm32.10.3-2021.10.win32_1.0.100.202210260954/tools/bin/../lib/gcc/arm-none-eabi/10.3.1/../../../../arm-none-eabi/lib/thumb/v7e-m+fp/hard\libc_nano.a(lib_a-exit.o)
                              c:/st/stm32cubeide_1.11.0/stm32cubeide/plugins/com.st.stm32cube.ide.mcu.externaltools.gnu-tools-for-stm32.10.3-2021.10.win32_1.0.100.202210260954/tools/bin/../lib/gcc/arm-none-eabi/10.3.1/../../../../arm-none-eabi/lib/thumb/v7e-m+fp/hard/crt0.o (exit)
c:/st/stm32cubeide_1.11.0/stm32cubeide/plugins/com.st.stm32cube.ide.mcu.externaltools.gnu-tools-for-stm32.10.3-2021.10.win32_1.0.100.202210260954/tools/bin/../lib/gcc/arm-none-eabi/10.3.1/../../../../arm-none-eabi/lib/thumb/v7e-m+fp/hard\libc_nano.a(lib_a-impure.o)
                              c:/st/stm32cubeide_1.11.0/stm32cubeide/plugins/com.st.stm32cube.ide.mcu.externaltools.gnu-tools-for-stm32.10.3-2021.10.win32_1.0.100.202210260954/tools/bin/../lib/gcc/arm-none-eabi/10.3.1/../../../../arm-none-eabi/lib/thumb/v7e-m+fp/hard\libc_nano.a(lib_a-exit.o) (_global_impure_ptr)
c:/st/stm32cubeide_1.11.0/stm32cubeide/plugins/com.st.stm32cube.ide.mcu.externaltools.gnu-tools-for-stm32.10.3-2021.10.win32_1.0.100.202210260954/tools/bin/../lib/gcc/arm-none-eabi/10.3.1/../../../../arm-none-eabi/lib/thumb/v7e-m+fp/hard\libc_nano.a(lib_a-init.o)
                              c:/st/stm32cubeide_1.11.0/stm32cubeide/plugins/com.st.stm32cube.ide.mcu.externaltools.gnu-tools-for-stm32.10.3-2021.10.win32_1.0.100.202210260954/tools/bin/../lib/gcc/arm-none-eabi/10.3.1/../../../../arm-none-eabi/lib/thumb/v7e-m+fp/hard/crt0.o (__libc_init_array)
c:/st/stm32cubeide_1.11.0/stm32cubeide/plugins/com.st.stm32cube.ide.mcu.externaltools.gnu-tools-for-stm32.10.3-2021.10.win32_1.0.100.202210260954/tools/bin/../lib/gcc/arm-none-eabi/10.3.1/../../../../arm-none-eabi/lib/thumb/v7e-m+fp/hard\libc_nano.a(lib_a-memset.o)
                              c:/st/stm32cubeide_1.11.0/stm32cubeide/plugins/com.st.stm32cube.ide.mcu.externaltools.gnu-tools-for-stm32.10.3-2021.10.win32_1.0.100.202210260954/tools/bin/../lib/gcc/arm-none-eabi/10.3.1/../../../../arm-none-eabi/lib/thumb/v7e-m+fp/hard/crt0.o (memset)
c:/st/stm32cubeide_1.11.0/stm32cubeide/plugins/com.st.stm32cube.ide.mcu.externaltools.gnu-tools-for-stm32.10.3-2021.10.win32_1.0.100.202210260954/tools/bin/../lib/gcc/arm-none-eabi/10.3.1/../../../../arm-none-eabi/lib/thumb/v7e-m+fp/hard\libc_nano.a(lib_a-printf.o)
                              ./Application/User/app_mems.o (printf)
c:/st/stm32cubeide_1.11.0/stm32cubeide/plugins/com.st.stm32cube.ide.mcu.externaltools.gnu-tools-for-stm32.10.3-2021.10.win32_1.0.100.202210260954/tools/bin/../lib/gcc/arm-none-eabi/10.3.1/../../../../arm-none-eabi/lib/thumb/v7e-m+fp/hard\libc_nano.a(lib_a-snprintf.o)
                              ./Application/User/app_mems.o (snprintf)
c:/st/stm32cubeide_1.11.0/stm32cubeide/plugins/com.st.stm32cube.ide.mcu.externaltools.gnu-tools-for-stm32.10.3-2021.10.win32_1.0.100.202210260954/tools/bin/../lib/gcc/arm-none-eabi/10.3.1/../../../../arm-none-eabi/lib/thumb/v7e-m+fp/hard\libc_nano.a(lib_a-findfp.o)
                              c:/st/stm32cubeide_1.11.0/stm32cubeide/plugins/com.st.stm32cube.ide.mcu.externaltools.gnu-tools-for-stm32.10.3-2021.10.win32_1.0.100.202210260954/tools/bin/../lib/gcc/arm-none-eabi/10.3.1/../../../../arm-none-eabi/lib/thumb/v7e-m+fp/hard\libc_nano.a(lib_a-printf.o) (__sinit)
c:/st/stm32cubeide_1.11.0/stm32cubeide/plugins/com.st.stm32cube.ide.mcu.externaltools.gnu-tools-for-stm32.10.3-2021.10.win32_1.0.100.202210260954/tools/bin/../lib/gcc/arm-none-eabi/10.3.1/../../../../arm-none-eabi/lib/thumb/v7e-m+fp/hard\libc_nano.a(lib_a-fwalk.o)
                              c:/st/stm32cubeide_1.11.0/stm32cubeide/plugins/com.st.stm32cube.ide.mcu.externaltools.gnu-tools-for-stm32.10.3-2021.10.win32_1.0.100.202210260954/tools/bin/../lib/gcc/arm-none-eabi/10.3.1/../../../../arm-none-eabi/lib/thumb/v7e-m+fp/hard\libc_nano.a(lib_a-findfp.o) (_fwalk)
c:/st/stm32cubeide_1.11.0/stm32cubeide/plugins/com.st.stm32cube.ide.mcu.externaltools.gnu-tools-for-stm32.10.3-2021.10.win32_1.0.100.202210260954/tools/bin/../lib/gcc/arm-none-eabi/10.3.1/../../../../arm-none-eabi/lib/thumb/v7e-m+fp/hard\libc_nano.a(lib_a-lock.o)
[...]
Memory Configuration

Name             Origin             Length             Attributes
RAM              0x0000000020000000 0x0000000000018000 xrw
RAM2             0x0000000010000000 0x0000000000008000 xrw
FLASH            0x0000000008000000 0x0000000000100000 xr
*default*        0x0000000000000000 0xffffffffffffffff

Linker script and memory map

LOAD c:/st/stm32cubeide_1.11.0/stm32cubeide/plugins/com.st.stm32cube.ide.mcu.externaltools.gnu-tools-for-stm32.10.3-2021.10.win32_1.0.100.202210260954/tools/bin/../lib/gcc/arm-none-eabi/10.3.1/thumb/v7e-m+fp/hard/crti.o
LOAD c:/st/stm32cubeide_1.11.0/stm32cubeide/plugins/com.st.stm32cube.ide.mcu.externaltools.gnu-tools-for-stm32.10.3-2021.10.win32_1.0.100.202210260954/tools/bin/../lib/gcc/arm-none-eabi/10.3.1/thumb/v7e-m+fp/hard/crtbegin.o
LOAD c:/st/stm32cubeide_1.11.0/stm32cubeide/plugins/com.st.stm32cube.ide.mcu.externaltools.gnu-tools-for-stm32.10.3-2021.10.win32_1.0.100.202210260954/tools/bin/../lib/gcc/arm-none-eabi/10.3.1/../../../../arm-none-eabi/lib/thumb/v7e-m+fp/hard/crt0.o
LOAD ./Application/Startup/startup_stm32l476rgtx.o
LOAD ./Application/User/app_mems.o
LOAD ./Application/User/main.o
LOAD ./Application/User/stm32l4xx_hal_msp.o
LOAD ./Application/User/stm32l4xx_it.o
LOAD ./Application/User/stm32l4xx_nucleo_bus.o
LOAD ./Application/User/syscalls.o
LOAD ./Application/User/sysmem.o
LOAD ./Drivers/BSP/Components/hts221.o
LOAD ./Drivers/BSP/Components/hts221_reg.o
LOAD ./Drivers/BSP/Components/lis2dw12.o
LOAD ./Drivers/BSP/Components/lis2dw12_reg.o
LOAD ./Drivers/BSP/Components/lis2mdl.o
LOAD ./Drivers/BSP/Components/lis2mdl_reg.o
LOAD ./Drivers/BSP/Components/lps22hh.o
LOAD ./Drivers/BSP/Components/lps22hh_reg.o
LOAD ./Drivers/BSP/Components/lsm6dso.o
LOAD ./Drivers/BSP/Components/lsm6dso_reg.o
LOAD ./Drivers/BSP/Components/stts751.o
LOAD ./Drivers/BSP/Components/stts751_reg.o
LOAD ./Drivers/BSP/IKS01A3/iks01a3_env_sensors.o
LOAD ./Drivers/BSP/IKS01A3/iks01a3_env_sensors_ex.o
LOAD ./Drivers/BSP/IKS01A3/iks01a3_motion_sensors.o
LOAD ./Drivers/BSP/IKS01A3/iks01a3_motion_sensors_ex.o
LOAD ./Drivers/BSP/STM32L4xx_Nucleo/stm32l4xx_nucleo.o
LOAD ./Drivers/CMSIS/system_stm32l4xx.o
LOAD ./Drivers/STM32L4xx_HAL_Driver/stm32l4xx_hal.o
LOAD ./Drivers/STM32L4xx_HAL_Driver/stm32l4xx_hal_cortex.o
LOAD ./Drivers/STM32L4xx_HAL_Driver/stm32l4xx_hal_dma.o
LOAD ./Drivers/STM32L4xx_HAL_Driver/stm32l4xx_hal_dma_ex.o
LOAD ./Drivers/STM32L4xx_HAL_Driver/stm32l4xx_hal_exti.o
LOAD ./Drivers/STM32L4xx_HAL_Driver/stm32l4xx_hal_flash.o
LOAD ./Drivers/STM32L4xx_HAL_Driver/stm32l4xx_hal_flash_ex.o
LOAD ./Drivers/STM32L4xx_HAL_Driver/stm32l4xx_hal_flash_ramfunc.o
LOAD ./Drivers/STM32L4xx_HAL_Driver/stm32l4xx_hal_gpio.o
LOAD ./Drivers/STM32L4xx_HAL_Driver/stm32l4xx_hal_i2c.o
LOAD ./Drivers/STM32L4xx_HAL_Driver/stm32l4xx_hal_i2c_ex.o
LOAD ./Drivers/STM32L4xx_HAL_Driver/stm32l4xx_hal_pwr.o
LOAD ./Drivers/STM32L4xx_HAL_Driver/stm32l4xx_hal_pwr_ex.o
LOAD ./Drivers/STM32L4xx_HAL_Driver/stm32l4xx_hal_rcc.o
LOAD ./Drivers/STM32L4xx_HAL_Driver/stm32l4xx_hal_rcc_ex.o
LOAD ./Drivers/STM32L4xx_HAL_Driver/stm32l4xx_hal_tim.o
LOAD ./Drivers/STM32L4xx_HAL_Driver/stm32l4xx_hal_tim_ex.o
LOAD ./Drivers/STM32L4xx_HAL_Driver/stm32l4xx_hal_uart.o
LOAD ./Drivers/STM32L4xx_HAL_Driver/stm32l4xx_hal_uart_ex.o
START GROUP
LOAD c:/st/stm32cubeide_1.11.0/stm32cubeide/plugins/com.st.stm32cube.ide.mcu.externaltools.gnu-tools-for-stm32.10.3-2021.10.win32_1.0.100.202210260954/tools/bin/../lib/gcc/arm-none-eabi/10.3.1/../../../../arm-none-eabi/lib/thumb/v7e-m+fp/hard\libc_nano.a
LOAD c:/st/stm32cubeide_1.11.0/stm32cubeide/plugins/com.st.stm32cube.ide.mcu.externaltools.gnu-tools-for-stm32.10.3-2021.10.win32_1.0.100.202210260954/tools/bin/../lib/gcc/arm-none-eabi/10.3.1/../../../../arm-none-eabi/lib/thumb/v7e-m+fp/hard\libm.a
END GROUP
START GROUP
LOAD c:/st/stm32cubeide_1.11.0/stm32cubeide/plugins/com.st.stm32cube.ide.mcu.externaltools.gnu-tools-for-stm32.10.3-2021.10.win32_1.0.100.202210260954/tools/bin/../lib/gcc/arm-none-eabi/10.3.1/thumb/v7e-m+fp/hard\libgcc.a
LOAD c:/st/stm32cubeide_1.11.0/stm32cubeide/plugins/com.st.stm32cube.ide.mcu.externaltools.gnu-tools-for-stm32.10.3-2021.10.win32_1.0.100.202210260954/tools/bin/../lib/gcc/arm-none-eabi/10.3.1/../../../../arm-none-eabi/lib/thumb/v7e-m+fp/hard\libc_nano.a
END GROUP
START GROUP
LOAD c:/st/stm32cubeide_1.11.0/stm32cubeide/plugins/com.st.stm32cube.ide.mcu.externaltools.gnu-tools-for-stm32.10.3-2021.10.win32_1.0.100.202210260954/tools/bin/../lib/gcc/arm-none-eabi/10.3.1/thumb/v7e-m+fp/hard\libgcc.a
LOAD c:/st/stm32cubeide_1.11.0/stm32cubeide/plugins/com.st.stm32cube.ide.mcu.externaltools.gnu-tools-for-stm32.10.3-2021.10.win32_1.0.100.202210260954/tools/bin/../lib/gcc/arm-none-eabi/10.3.1/../../../../arm-none-eabi/lib/thumb/v7e-m+fp/hard\libc_nano.a
LOAD c:/st/stm32cubeide_1.11.0/stm32cubeide/plugins/com.st.stm32cube.ide.mcu.externaltools.gnu-tools-for-stm32.10.3-2021.10.win32_1.0.100.202210260954/tools/bin/../lib/gcc/arm-none-eabi/10.3.1/../../../../arm-none-eabi/lib/thumb/v7e-m+fp/hard\libnosys.a
END GROUP
START GROUP
LOAD c:/st/stm32cubeide_1.11.0/stm32cubeide/plugins/com.st.stm32cube.ide.mcu.externaltools.gnu-tools-for-stm32.10.3-2021.10.win32_1.0.100.202210260954/tools/bin/../lib/gcc/arm-none-eabi/10.3.1/thumb/v7e-m+fp/hard\libgcc.a
LOAD c:/st/stm32cubeide_1.11.0/stm32cubeide/plugins/com.st.stm32cube.ide.mcu.externaltools.gnu-tools-for-stm32.10.3-2021.10.win32_1.0.100.202210260954/tools/bin/../lib/gcc/arm-none-eabi/10.3.1/../../../../arm-none-eabi/lib/thumb/v7e-m+fp/hard\libc_nano.a
LOAD c:/st/stm32cubeide_1.11.0/stm32cubeide/plugins/com.st.stm32cube.ide.mcu.externaltools.gnu-tools-for-stm32.10.3-2021.10.win32_1.0.100.202210260954/tools/bin/../lib/gcc/arm-none-eabi/10.3.1/../../../../arm-none-eabi/lib/thumb/v7e-m+fp/hard\libnosys.a
END GROUP
LOAD c:/st/stm32cubeide_1.11.0/stm32cubeide/plugins/com.st.stm32cube.ide.mcu.externaltools.gnu-tools-for-stm32.10.3-2021.10.win32_1.0.100.202210260954/tools/bin/../lib/gcc/arm-none-eabi/10.3.1/thumb/v7e-m+fp/hard/crtend.o
LOAD c:/st/stm32cubeide_1.11.0/stm32cubeide/plugins/com.st.stm32cube.ide.mcu.externaltools.gnu-tools-for-stm32.10.3-2021.10.win32_1.0.100.202210260954/tools/bin/../lib/gcc/arm-none-eabi/10.3.1/thumb/v7e-m+fp/hard/crtn.o
                0x0000000020018000                _estack = (ORIGIN (RAM) + LENGTH (RAM))
                0x0000000000000200                _Min_Heap_Size = 0x200
                0x0000000000000400                _Min_Stack_Size = 0x400

.isr_vector     0x0000000008000000      0x188
                0x0000000008000000                . = ALIGN (0x4)
 *(.isr_vector)
 .isr_vector    0x0000000008000000      0x188 ./Application/Startup/startup_stm32l476rgtx.o
                0x0000000008000000                g_pfnVectors
                0x0000000008000188                . = ALIGN (0x4)

.text           0x0000000008000190     0xf9f4
                0x0000000008000190                . = ALIGN (0x4)
 *(.text)
 .text          0x0000000008000190       0x40 c:/st/stm32cubeide_1.11.0/stm32cubeide/plugins/com.st.stm32cube.ide.mcu.externaltools.gnu-tools-for-stm32.10.3-2021.10.win32_1.0.100.202210260954/tools/bin/../lib/gcc/arm-none-eabi/10.3.1/thumb/v7e-m+fp/hard/crtbegin.o
 .text          0x00000000080001d0       0xa0 c:/st/stm32cubeide_1.11.0/stm32cubeide/plugins/com.st.stm32cube.ide.mcu.externaltools.gnu-tools-for-stm32.10.3-2021.10.win32_1.0.100.202210260954/tools/bin/../lib/gcc/arm-none-eabi/10.3.1/../../../../arm-none-eabi/lib/thumb/v7e-m+fp/hard\libc_nano.a(lib_a-memchr.o)
                0x00000000080001d0                memchr
 .text          0x0000000008000270      0x378 c:/st/stm32cubeide_1.11.0/stm32cubeide/plugins/com.st.stm32cube.ide.mcu.externaltools.gnu-tools-for-stm32.10.3-2021.10.win32_1.0.100.202210260954/tools/bin/../lib/gcc/arm-none-eabi/10.3.1/thumb/v7e-m+fp/hard\libgcc.a(_arm_addsubdf3.o)
                0x0000000008000270                __aeabi_drsub
                0x0000000008000278                __aeabi_dsub
                0x0000000008000278                __subdf3
                0x000000000800027c                __aeabi_dadd
                0x000000000800027c                __adddf3
                0x00000000080004f4                __floatunsidf
                0x00000000080004f4                __aeabi_ui2d
                0x0000000008000514                __floatsidf
                0x0000000008000514                __aeabi_i2d
                0x0000000008000538                __aeabi_f2d
                0x0000000008000538                __extendsfdf2
                0x000000000800057c                __floatundidf
                0x000000000800057c                __aeabi_ul2d
                0x000000000800058c                __floatdidf
                0x000000000800058c                __aeabi_l2d
 .text          0x00000000080005e8      0x424 c:/st/stm32cubeide_1.11.0/stm32cubeide/plugins/com.st.stm32cube.ide.mcu.externaltools.gnu-tools-for-stm32.10.3-2021.10.win32_1.0.100.202210260954/tools/bin/../lib/gcc/arm-none-eabi/10.3.1/thumb/v7e-m+fp/hard\libgcc.a(_arm_muldivdf3.o)
                0x00000000080005e8                __aeabi_dmul
                0x00000000080005e8                __muldf3
                0x000000000800083c                __divdf3
                0x000000000800083c                __aeabi_ddiv
 .text          0x0000000008000a0c      0x110 c:/st/stm32cubeide_1.11.0/stm32cubeide/plugins/com.st.stm32cube.ide.mcu.externaltools.gnu-tools-for-stm32.10.3-2021.10.win32_1.0.100.202210260954/tools/bin/../lib/gcc/arm-none-eabi/10.3.1/thumb/v7e-m+fp/hard\libgcc.a(_arm_cmpdf2.o)
                0x0000000008000a0c                __gtdf2
                0x0000000008000a0c                __gedf2
                0x0000000008000a14                __ltdf2
                0x0000000008000a14                __ledf2
                0x0000000008000a1c                __nedf2
                0x0000000008000a1c                __eqdf2
                0x0000000008000a1c                __cmpdf2
                0x0000000008000a98                __aeabi_cdrcmple
                0x0000000008000aa8                __aeabi_cdcmpeq
                0x0000000008000aa8                __aeabi_cdcmple
                0x0000000008000ab8                __aeabi_dcmpeq
                0x0000000008000acc                __aeabi_dcmplt
                0x0000000008000ae0                __aeabi_dcmple
                0x0000000008000af4                __aeabi_dcmpge
                0x0000000008000b08                __aeabi_dcmpgt
 .text          0x0000000008000b1c       0x2c c:/st/stm32cubeide_1.11.0/stm32cubeide/plugins/com.st.stm32cube.ide.mcu.externaltools.gnu-tools-for-stm32.10.3-2021.10.win32_1.0.100.202210260954/tools/bin/../lib/gcc/arm-none-eabi/10.3.1/thumb/v7e-m+fp/hard\libgcc.a(_arm_unorddf2.o)
                0x0000000008000b1c                __unorddf2
                0x0000000008000b1c                __aeabi_dcmpun
 .text          0x0000000008000b48       0x50 c:/st/stm32cubeide_1.11.0/stm32cubeide/plugins/com.st.stm32cube.ide.mcu.externaltools.gnu-tools-for-stm32.10.3-2021.10.win32_1.0.100.202210260954/tools/bin/../lib/gcc/arm-none-eabi/10.3.1/thumb/v7e-m+fp/hard\libgcc.a(_arm_fixdfsi.o)
                0x0000000008000b48                __aeabi_d2iz
                0x0000000008000b48                __fixdfsi
 .text          0x0000000008000b98       0xa0 c:/st/stm32cubeide_1.11.0/stm32cubeide/plugins/com.st.stm32cube.ide.mcu.externaltools.gnu-tools-for-stm32.10.3-2021.10.win32_1.0.100.202210260954/tools/bin/../lib/gcc/arm-none-eabi/10.3.1/thumb/v7e-m+fp/hard\libgcc.a(_arm_truncdfsf2.o)
                0x0000000008000b98                __truncdfsf2
                0x0000000008000b98                __aeabi_d2f
 .text          0x0000000008000c38       0x30 c:/st/stm32cubeide_1.11.0/stm32cubeide/plugins/com.st.stm32cube.ide.mcu.externaltools.gnu-tools-for-stm32.10.3-2021.10.win32_1.0.100.202210260954/tools/bin/../lib/gcc/arm-none-eabi/10.3.1/thumb/v7e-m+fp/hard\libgcc.a(_aeabi_uldivmod.o)
                0x0000000008000c38                __aeabi_uldivmod
 .text          0x0000000008000c68      0x2d0 c:/st/stm32cubeide_1.11.0/stm32cubeide/plugins/com.st.stm32cube.ide.mcu.externaltools.gnu-tools-for-stm32.10.3-2021.10.win32_1.0.100.202210260954/tools/bin/../lib/gcc/arm-none-eabi/10.3.1/thumb/v7e-m+fp/hard\libgcc.a(_udivmoddi4.o)
                0x0000000008000c68                __udivmoddi4
 .text          0x0000000008000f38        0x4 c:/st/stm32cubeide_1.11.0/stm32cubeide/plugins/com.st.stm32cube.ide.mcu.externaltools.gnu-tools-for-stm32.10.3-2021.10.win32_1.0.100.202210260954/tools/bin/../lib/gcc/arm-none-eabi/10.3.1/thumb/v7e-m+fp/hard\libgcc.a(_dvmd_tls.o)
                0x0000000008000f38                __aeabi_idiv0
                0x0000000008000f38                __aeabi_ldiv0
 *(.text*)
 .text.Reset_Handler
                0x0000000008000f3c       0x50 ./Application/Startup/startup_stm32l476rgtx.o
                0x0000000008000f3c                Reset_Handler
 .text.Default_Handler
                0x0000000008000f8c        0x2 ./Application/Startup/startup_stm32l476rgtx.o
                0x0000000008000f8c                RTC_Alarm_IRQHandler
                0x0000000008000f8c                EXTI2_IRQHandler
                0x0000000008000f8c                TIM8_TRG_COM_IRQHandler
                0x0000000008000f8c                TIM8_CC_IRQHandler
                0x0000000008000f8c                TIM1_CC_IRQHandler
                0x0000000008000f8c                TSC_IRQHandler
                0x0000000008000f8c                TAMP_STAMP_IRQHandler
                0x0000000008000f8c                EXTI3_IRQHandler
                0x0000000008000f8c                LPTIM2_IRQHandler
                0x0000000008000f8c                DFSDM1_FLT1_IRQHandler
                0x0000000008000f8c                I2C3_ER_IRQHandler
                0x0000000008000f8c                DFSDM1_FLT2_IRQHandler
                0x0000000008000f8c                I2C2_EV_IRQHandler
                0x0000000008000f8c                CAN1_RX0_IRQHandler
                0x0000000008000f8c                FPU_IRQHandler
                0x0000000008000f8c                TIM1_UP_TIM16_IRQHandler
                0x0000000008000f8c                ADC1_2_IRQHandler
                0x0000000008000f8c                SPI1_IRQHandler
                0x0000000008000f8c                TIM6_DAC_IRQHandler
                0x0000000008000f8c                TIM8_UP_IRQHandler
                0x0000000008000f8c                DMA2_Channel2_IRQHandler
                0x0000000008000f8c                DMA1_Channel4_IRQHandler
                0x0000000008000f8c                SAI2_IRQHandler
                0x0000000008000f8c                DFSDM1_FLT3_IRQHandler
                0x0000000008000f8c                USART3_IRQHandler
                0x0000000008000f8c                DMA1_Channel7_IRQHandler
                0x0000000008000f8c                CAN1_RX1_IRQHandler
                0x0000000008000f8c                LCD_IRQHandler
                0x0000000008000f8c                UART5_IRQHandler
                0x0000000008000f8c                ADC3_IRQHandler
                0x0000000008000f8c                TIM4_IRQHandler
                0x0000000008000f8c                DMA2_Channel1_IRQHandler
                0x0000000008000f8c                QUADSPI_IRQHandler
                0x0000000008000f8c                I2C1_EV_IRQHandler
                0x0000000008000f8c                DMA1_Channel6_IRQHandler
                0x0000000008000f8c                UART4_IRQHandler
                0x0000000008000f8c                DMA2_Channel4_IRQHandler
                0x0000000008000f8c                TIM3_IRQHandler
                0x0000000008000f8c                RCC_IRQHandler
                0x0000000008000f8c                DMA1_Channel1_IRQHandler
                0x0000000008000f8c                Default_Handler
                0x0000000008000f8c                DMA2_Channel7_IRQHandler
                0x0000000008000f8c                TIM7_IRQHandler
                0x0000000008000f8c                SDMMC1_IRQHandler
                0x0000000008000f8c                TIM5_IRQHandler
                0x0000000008000f8c                I2C3_EV_IRQHandler
                0x0000000008000f8c                RTC_WKUP_IRQHandler
                0x0000000008000f8c                PVD_PVM_IRQHandler
                0x0000000008000f8c                SPI2_IRQHandler
                0x0000000008000f8c                CAN1_TX_IRQHandler
                0x0000000008000f8c                DMA2_Channel5_IRQHandler
                0x0000000008000f8c                DMA1_Channel5_IRQHandler
                0x0000000008000f8c                RNG_IRQHandler
                0x0000000008000f8c                TIM1_TRG_COM_TIM17_IRQHandler
                0x0000000008000f8c                DMA1_Channel3_IRQHandler
                0x0000000008000f8c                COMP_IRQHandler
                0x0000000008000f8c                WWDG_IRQHandler
                0x0000000008000f8c                LPUART1_IRQHandler
                0x0000000008000f8c                DMA2_Channel6_IRQHandler
                0x0000000008000f8c                TIM2_IRQHandler
                0x0000000008000f8c                USART2_IRQHandler
                0x0000000008000f8c                DFSDM1_FLT0_IRQHandler
                0x0000000008000f8c                I2C2_ER_IRQHandler
                0x0000000008000f8c                DMA1_Channel2_IRQHandler
                0x0000000008000f8c                TIM8_BRK_IRQHandler
                0x0000000008000f8c                CAN1_SCE_IRQHandler
                0x0000000008000f8c                FLASH_IRQHandler
                0x0000000008000f8c                USART1_IRQHandler
                0x0000000008000f8c                OTG_FS_IRQHandler
                0x0000000008000f8c                SPI3_IRQHandler
                0x0000000008000f8c                I2C1_ER_IRQHandler
                0x0000000008000f8c                FMC_IRQHandler
                0x0000000008000f8c                SWPMI1_IRQHandler
                0x0000000008000f8c                LPTIM1_IRQHandler
                0x0000000008000f8c                SAI1_IRQHandler
                0x0000000008000f8c                DMA2_Channel3_IRQHandler
                0x0000000008000f8c                TIM1_BRK_TIM15_IRQHandler
 .text.MX_MEMS_Init
                0x0000000008000f8e        0xc ./Application/User/app_mems.o
                0x0000000008000f8e                MX_MEMS_Init
 .text.MX_MEMS_Process
                0x0000000008000f9a        0xc ./Application/User/app_mems.o
                0x0000000008000f9a                MX_MEMS_Process
 *fill*         0x0000000008000fa6        0x2 
 .text.MX_IKS01A3_DataLogTerminal_Init
                0x0000000008000fa8      0x368 ./Application/User/app_mems.o
 .text.BSP_PB_Callback
                0x0000000008001310       0x20 ./Application/User/app_mems.o
                0x0000000008001310                BSP_PB_Callback
 .text.MX_IKS01A3_DataLogTerminal_Process
                0x0000000008001330      0x118 ./Application/User/app_mems.o
 .text.floatToInt
                0x0000000008001448      0x114 ./Application/User/app_mems.o
 .text.Accelero_Sensor_Handler
                0x000000000800155c      0x168 ./Application/User/app_mems.o
 .text.Gyro_Sensor_Handler
                0x00000000080016c4      0x168 ./Application/User/app_mems.o
 .text.Magneto_Sensor_Handler
                0x000000000800182c      0x168 ./Application/User/app_mems.o
 .text.Temp_Sensor_Handler
                0x0000000008001994      0x138 ./Application/User/app_mems.o
 .text.Press_Sensor_Handler
                0x0000000008001acc      0x124 ./Application/User/app_mems.o
 .text.Hum_Sensor_Handler
                0x0000000008001bf0      0x124 ./Application/User/app_mems.o
 .text.main     0x0000000008001d14       0x1a ./Application/User/main.o
                0x0000000008001d14                main
 .text.SystemClock_Config
                0x0000000008001d2e       0xa2 ./Application/User/main.o
                0x0000000008001d2e                SystemClock_Config
 .text.MX_GPIO_Init
                0x0000000008001dd0      0x110 ./Application/User/main.o
 .text.Error_Handler
                0x0000000008001ee0        0xa ./Application/User/main.o
                0x0000000008001ee0                Error_Handler
 *fill*         0x0000000008001eea        0x2 
 .text.HAL_MspInit
                0x0000000008001eec       0x48 ./Application/User/stm32l4xx_hal_msp.o
                0x0000000008001eec                HAL_MspInit
 .text.NMI_Handler
                0x0000000008001f34        0x6 ./Application/User/stm32l4xx_it.o
                0x0000000008001f34                NMI_Handler
 .text.HardFault_Handler
                0x0000000008001f3a        0x6 ./Application/User/stm32l4xx_it.o
                0x0000000008001f3a                HardFault_Handler
 .text.MemManage_Handler
                0x0000000008001f40        0x6 ./Application/User/stm32l4xx_it.o
                0x0000000008001f40                MemManage_Handler
 .text.BusFault_Handler
                0x0000000008001f46        0x6 ./Application/User/stm32l4xx_it.o
                0x0000000008001f46                BusFault_Handler
 .text.UsageFault_Handler
                0x0000000008001f4c        0x6 ./Application/User/stm32l4xx_it.o
                0x0000000008001f4c                UsageFault_Handler
 .text.SVC_Handler
                0x0000000008001f52        0xe ./Application/User/stm32l4xx_it.o
                0x0000000008001f52                SVC_Handler
 .text.DebugMon_Handler
                0x0000000008001f60        0xe ./Application/User/stm32l4xx_it.o
                0x0000000008001f60                DebugMon_Handler
 .text.PendSV_Handler
                0x0000000008001f6e        0xe ./Application/User/stm32l4xx_it.o
                0x0000000008001f6e                PendSV_Handler
 .text.SysTick_Handler
                0x0000000008001f7c        0xc ./Application/User/stm32l4xx_it.o
                0x0000000008001f7c                SysTick_Handler
 .text.EXTI0_IRQHandler
                0x0000000008001f88        0xe ./Application/User/stm32l4xx_it.o
                0x0000000008001f88                EXTI0_IRQHandler
 .text.EXTI1_IRQHandler
                0x0000000008001f96        0xe ./Application/User/stm32l4xx_it.o
                0x0000000008001f96                EXTI1_IRQHandler
 .text.EXTI4_IRQHandler
                0x0000000008001fa4        0xe ./Application/User/stm32l4xx_it.o
                0x0000000008001fa4                EXTI4_IRQHandler
 .text.EXTI9_5_IRQHandler
                0x0000000008001fb2        0xe ./Application/User/stm32l4xx_it.o
                0x0000000008001fb2                EXTI9_5_IRQHandler
 .text.EXTI15_10_IRQHandler
                0x0000000008001fc0       0x1c ./Application/User/stm32l4xx_it.o
                0x0000000008001fc0                EXTI15_10_IRQHandler
 .text.BSP_I2C1_Init
                0x0000000008001fdc       0x7c ./Application/User/stm32l4xx_nucleo_bus.o
                0x0000000008001fdc                BSP_I2C1_Init
 .text.BSP_I2C1_DeInit
                0x0000000008002058       0x50 ./Application/User/stm32l4xx_nucleo_bus.o
                0x0000000008002058                BSP_I2C1_DeInit
 .text.BSP_I2C1_WriteReg
                0x00000000080020a8       0x64 ./Application/User/stm32l4xx_nucleo_bus.o
                0x00000000080020a8                BSP_I2C1_WriteReg
 .text.BSP_I2C1_ReadReg
                0x000000000800210c       0x64 ./Application/User/stm32l4xx_nucleo_bus.o
                0x000000000800210c                BSP_I2C1_ReadReg
 .text.BSP_GetTick
                0x0000000008002170        0xe ./Application/User/stm32l4xx_nucleo_bus.o
                0x0000000008002170                BSP_GetTick
 *fill*         0x000000000800217e        0x2 
 .text.MX_I2C1_Init
                0x0000000008002180       0x88 ./Application/User/stm32l4xx_nucleo_bus.o
                0x0000000008002180                MX_I2C1_Init
 .text.I2C1_MspInit
                0x0000000008002208       0xc0 ./Application/User/stm32l4xx_nucleo_bus.o
 .text.I2C1_MspDeInit
                0x00000000080022c8       0x38 ./Application/User/stm32l4xx_nucleo_bus.o
 .text._read    0x0000000008002300       0x3a ./Application/User/syscalls.o
                0x0000000008002300                _read
 .text._write   0x000000000800233a       0x38 ./Application/User/syscalls.o
                0x000000000800233a                _write
 .text._close   0x0000000008002372       0x18 ./Application/User/syscalls.o
                0x0000000008002372                _close
 .text._fstat   0x000000000800238a       0x20 ./Application/User/syscalls.o
                0x000000000800238a                _fstat
 .text._isatty  0x00000000080023aa       0x16 ./Application/User/syscalls.o
                0x00000000080023aa                _isatty
 .text._lseek   0x00000000080023c0       0x1a ./Application/User/syscalls.o
                0x00000000080023c0                _lseek
 *fill*         0x00000000080023da        0x2 
 .text._sbrk    0x00000000080023dc       0x6c ./Application/User/sysmem.o
                0x00000000080023dc                _sbrk
 .text.HTS221_RegisterBusIO
                0x0000000008002448       0x94 ./Drivers/BSP/Components/hts221.o
                0x0000000008002448                HTS221_RegisterBusIO
 .text.HTS221_Init
                0x00000000080024dc       0x36 ./Drivers/BSP/Components/hts221.o
                0x00000000080024dc                HTS221_Init
 .text.HTS221_DeInit
                0x0000000008002512       0x48 ./Drivers/BSP/Components/hts221.o
                0x0000000008002512                HTS221_DeInit
 .text.HTS221_ReadID
                0x000000000800255a       0x2c ./Drivers/BSP/Components/hts221.o
                0x000000000800255a                HTS221_ReadID
 *fill*         0x0000000008002586        0x2 
 .text.HTS221_GetCapabilities
                0x0000000008002588       0x48 ./Drivers/BSP/Components/hts221.o
                0x0000000008002588                HTS221_GetCapabilities
 .text.HTS221_HUM_Enable
                0x00000000080025d0       0x4a ./Drivers/BSP/Components/hts221.o
                0x00000000080025d0                HTS221_HUM_Enable
 .text.HTS221_HUM_Disable
                0x000000000800261a       0x4a ./Drivers/BSP/Components/hts221.o
                0x000000000800261a                HTS221_HUM_Disable
 .text.HTS221_HUM_GetOutputDataRate
                0x0000000008002664       0x1c ./Drivers/BSP/Components/hts221.o
                0x0000000008002664                HTS221_HUM_GetOutputDataRate
 .text.HTS221_HUM_SetOutputDataRate
                0x0000000008002680       0x20 ./Drivers/BSP/Components/hts221.o
                0x0000000008002680                HTS221_HUM_SetOutputDataRate
 .text.HTS221_HUM_GetHumidity
                0x00000000080026a0      0x110 ./Drivers/BSP/Components/hts221.o
                0x00000000080026a0                HTS221_HUM_GetHumidity
 .text.HTS221_TEMP_Enable
                0x00000000080027b0       0x4a ./Drivers/BSP/Components/hts221.o
                0x00000000080027b0                HTS221_TEMP_Enable
 .text.HTS221_TEMP_Disable
                0x00000000080027fa       0x4a ./Drivers/BSP/Components/hts221.o
                0x00000000080027fa                HTS221_TEMP_Disable
 .text.HTS221_TEMP_GetOutputDataRate
                0x0000000008002844       0x1c ./Drivers/BSP/Components/hts221.o
                0x0000000008002844                HTS221_TEMP_GetOutputDataRate
 .text.HTS221_TEMP_SetOutputDataRate
                0x0000000008002860       0x20 ./Drivers/BSP/Components/hts221.o
                0x0000000008002860                HTS221_TEMP_SetOutputDataRate
 .text.HTS221_TEMP_GetTemperature
                0x0000000008002880       0xd4 ./Drivers/BSP/Components/hts221.o
                0x0000000008002880                HTS221_TEMP_GetTemperature
 .text.HTS221_GetOutputDataRate
                0x0000000008002954       0x88 ./Drivers/BSP/Components/hts221.o
 .text.HTS221_SetOutputDataRate
                0x00000000080029dc       0x60 ./Drivers/BSP/Components/hts221.o
 .text.HTS221_Initialize
                0x0000000008002a3c       0x58 ./Drivers/BSP/Components/hts221.o
 .text.Linear_Interpolation
                0x0000000008002a94       0x72 ./Drivers/BSP/Components/hts221.o
 .text.ReadRegWrap
                0x0000000008002b06       0x62 ./Drivers/BSP/Components/hts221.o
 .text.WriteRegWrap
                0x0000000008002b68       0x62 ./Drivers/BSP/Components/hts221.o
 .text.hts221_read_reg
                0x0000000008002bca       0x30 ./Drivers/BSP/Components/hts221_reg.o
                0x0000000008002bca                hts221_read_reg
 .text.hts221_write_reg
                0x0000000008002bfa       0x30 ./Drivers/BSP/Components/hts221_reg.o
                0x0000000008002bfa                hts221_write_reg
 .text.hts221_data_rate_set
                0x0000000008002c2a       0x4c ./Drivers/BSP/Components/hts221_reg.o
                0x0000000008002c2a                hts221_data_rate_set
 *fill*         0x0000000008002c76        0x2 
 .text.hts221_data_rate_get
                0x0000000008002c78       0x70 ./Drivers/BSP/Components/hts221_reg.o
                0x0000000008002c78                hts221_data_rate_get
 .text.hts221_block_data_update_set
                0x0000000008002ce8       0x4c ./Drivers/BSP/Components/hts221_reg.o
                0x0000000008002ce8                hts221_block_data_update_set
 .text.hts221_humidity_raw_get
                0x0000000008002d34       0x46 ./Drivers/BSP/Components/hts221_reg.o
                0x0000000008002d34                hts221_humidity_raw_get
 .text.hts221_temperature_raw_get
                0x0000000008002d7a       0x46 ./Drivers/BSP/Components/hts221_reg.o
                0x0000000008002d7a                hts221_temperature_raw_get
 .text.hts221_device_id_get
                0x0000000008002dc0       0x22 ./Drivers/BSP/Components/hts221_reg.o
                0x0000000008002dc0                hts221_device_id_get
 .text.hts221_power_on_set
                0x0000000008002de2       0x4c ./Drivers/BSP/Components/hts221_reg.o
                0x0000000008002de2                hts221_power_on_set
 .text.hts221_hum_rh_point_0_get
                0x0000000008002e2e       0x3c ./Drivers/BSP/Components/hts221_reg.o
                0x0000000008002e2e                hts221_hum_rh_point_0_get
 .text.hts221_hum_rh_point_1_get
                0x0000000008002e6a       0x3c ./Drivers/BSP/Components/hts221_reg.o
                0x0000000008002e6a                hts221_hum_rh_point_1_get
 .text.hts221_temp_deg_point_0_get
                0x0000000008002ea6       0x62 ./Drivers/BSP/Components/hts221_reg.o
                0x0000000008002ea6                hts221_temp_deg_point_0_get
 .text.hts221_temp_deg_point_1_get
                0x0000000008002f08       0x62 ./Drivers/BSP/Components/hts221_reg.o
                0x0000000008002f08                hts221_temp_deg_point_1_get
 .text.hts221_hum_adc_point_0_get
                0x0000000008002f6a       0x48 ./Drivers/BSP/Components/hts221_reg.o
                0x0000000008002f6a                hts221_hum_adc_point_0_get
 .text.hts221_hum_adc_point_1_get
                0x0000000008002fb2       0x48 ./Drivers/BSP/Components/hts221_reg.o
                0x0000000008002fb2                hts221_hum_adc_point_1_get
 .text.hts221_temp_adc_point_0_get
                0x0000000008002ffa       0x48 ./Drivers/BSP/Components/hts221_reg.o
                0x0000000008002ffa                hts221_temp_adc_point_0_get
 .text.hts221_temp_adc_point_1_get
                0x0000000008003042       0x48 ./Drivers/BSP/Components/hts221_reg.o
                0x0000000008003042                hts221_temp_adc_point_1_get
 *fill*         0x000000000800308a        0x2 
 .text.LIS2DW12_RegisterBusIO
                0x000000000800308c       0xd4 ./Drivers/BSP/Components/lis2dw12.o
                0x000000000800308c                LIS2DW12_RegisterBusIO
 .text.LIS2DW12_Init
                0x0000000008003160       0xc4 ./Drivers/BSP/Components/lis2dw12.o
                0x0000000008003160                LIS2DW12_Init
 .text.LIS2DW12_DeInit
                0x0000000008003224       0x44 ./Drivers/BSP/Components/lis2dw12.o
                0x0000000008003224                LIS2DW12_DeInit
 .text.LIS2DW12_ReadID
                0x0000000008003268       0x2c ./Drivers/BSP/Components/lis2dw12.o
                0x0000000008003268                LIS2DW12_ReadID
 .text.LIS2DW12_GetCapabilities
                0x0000000008003294       0x5c ./Drivers/BSP/Components/lis2dw12.o
                0x0000000008003294                LIS2DW12_GetCapabilities
 .text.LIS2DW12_ACC_Enable
                0x00000000080032f0       0x52 ./Drivers/BSP/Components/lis2dw12.o
                0x00000000080032f0                LIS2DW12_ACC_Enable
 .text.LIS2DW12_ACC_Disable
                0x0000000008003342       0x40 ./Drivers/BSP/Components/lis2dw12.o
                0x0000000008003342                LIS2DW12_ACC_Disable
 *fill*         0x0000000008003382        0x2 
 .text.LIS2DW12_ACC_GetSensitivity
                0x0000000008003384      0x190 ./Drivers/BSP/Components/lis2dw12.o
                0x0000000008003384                LIS2DW12_ACC_GetSensitivity
 .text.LIS2DW12_ACC_GetOutputDataRate
                0x0000000008003514      0x404 ./Drivers/BSP/Components/lis2dw12.o
                0x0000000008003514                LIS2DW12_ACC_GetOutputDataRate
 .text.LIS2DW12_ACC_SetOutputDataRate
                0x0000000008003918       0x24 ./Drivers/BSP/Components/lis2dw12.o
                0x0000000008003918                LIS2DW12_ACC_SetOutputDataRate
 .text.LIS2DW12_ACC_SetOutputDataRate_With_Mode
                0x000000000800393c       0x4c ./Drivers/BSP/Components/lis2dw12.o
                0x000000000800393c                LIS2DW12_ACC_SetOutputDataRate_With_Mode
 .text.LIS2DW12_ACC_GetFullScale
                0x0000000008003988       0x84 ./Drivers/BSP/Components/lis2dw12.o
                0x0000000008003988                LIS2DW12_ACC_GetFullScale
 .text.LIS2DW12_ACC_SetFullScale
                0x0000000008003a0c       0x50 ./Drivers/BSP/Components/lis2dw12.o
                0x0000000008003a0c                LIS2DW12_ACC_SetFullScale
 .text.LIS2DW12_ACC_GetAxesRaw
                0x0000000008003a5c      0x148 ./Drivers/BSP/Components/lis2dw12.o
                0x0000000008003a5c                LIS2DW12_ACC_GetAxesRaw
 .text.LIS2DW12_ACC_GetAxes
                0x0000000008003ba4       0xaa ./Drivers/BSP/Components/lis2dw12.o
                0x0000000008003ba4                LIS2DW12_ACC_GetAxes
 .text.LIS2DW12_Write_Reg
                0x0000000008003c4e       0x36 ./Drivers/BSP/Components/lis2dw12.o
                0x0000000008003c4e                LIS2DW12_Write_Reg
 .text.LIS2DW12_ACC_SetOutputDataRate_When_Enabled
                0x0000000008003c84      0x238 ./Drivers/BSP/Components/lis2dw12.o
 .text.LIS2DW12_ACC_SetOutputDataRate_When_Disabled
                0x0000000008003ebc      0x124 ./Drivers/BSP/Components/lis2dw12.o
 .text.ReadRegWrap
                0x0000000008003fe0       0x36 ./Drivers/BSP/Components/lis2dw12.o
 .text.WriteRegWrap
                0x0000000008004016       0x36 ./Drivers/BSP/Components/lis2dw12.o
 .text.lis2dw12_read_reg
                0x000000000800404c       0x30 ./Drivers/BSP/Components/lis2dw12_reg.o
                0x000000000800404c                lis2dw12_read_reg
 .text.lis2dw12_write_reg
                0x000000000800407c       0x30 ./Drivers/BSP/Components/lis2dw12_reg.o
                0x000000000800407c                lis2dw12_write_reg
 .text.lis2dw12_power_mode_set
                0x00000000080040ac       0x9c ./Drivers/BSP/Components/lis2dw12_reg.o
                0x00000000080040ac                lis2dw12_power_mode_set
 .text.lis2dw12_power_mode_get
                0x0000000008004148      0x174 ./Drivers/BSP/Components/lis2dw12_reg.o
                0x0000000008004148                lis2dw12_power_mode_get
 .text.lis2dw12_data_rate_set
                0x00000000080042bc       0x8a ./Drivers/BSP/Components/lis2dw12_reg.o
                0x00000000080042bc                lis2dw12_data_rate_set
 *fill*         0x0000000008004346        0x2 
 .text.lis2dw12_data_rate_get
                0x0000000008004348      0x194 ./Drivers/BSP/Components/lis2dw12_reg.o
                0x0000000008004348                lis2dw12_data_rate_get
 .text.lis2dw12_block_data_update_set
                0x00000000080044dc       0x4c ./Drivers/BSP/Components/lis2dw12_reg.o
                0x00000000080044dc                lis2dw12_block_data_update_set
 .text.lis2dw12_full_scale_set
                0x0000000008004528       0x4c ./Drivers/BSP/Components/lis2dw12_reg.o
                0x0000000008004528                lis2dw12_full_scale_set
 .text.lis2dw12_full_scale_get
                0x0000000008004574       0x70 ./Drivers/BSP/Components/lis2dw12_reg.o
                0x0000000008004574                lis2dw12_full_scale_get
 .text.lis2dw12_acceleration_raw_get
                0x00000000080045e4       0x96 ./Drivers/BSP/Components/lis2dw12_reg.o
                0x00000000080045e4                lis2dw12_acceleration_raw_get
 .text.lis2dw12_device_id_get
                0x000000000800467a       0x22 ./Drivers/BSP/Components/lis2dw12_reg.o
                0x000000000800467a                lis2dw12_device_id_get
 .text.lis2dw12_auto_increment_set
                0x000000000800469c       0x4c ./Drivers/BSP/Components/lis2dw12_reg.o
                0x000000000800469c                lis2dw12_auto_increment_set
 .text.lis2dw12_fifo_mode_set
                0x00000000080046e8       0x4c ./Drivers/BSP/Components/lis2dw12_reg.o
                0x00000000080046e8                lis2dw12_fifo_mode_set
 .text.LIS2MDL_RegisterBusIO
                0x0000000008004734      0x100 ./Drivers/BSP/Components/lis2mdl.o
                0x0000000008004734                LIS2MDL_RegisterBusIO
 .text.LIS2MDL_Init
                0x0000000008004834      0x10c ./Drivers/BSP/Components/lis2mdl.o
                0x0000000008004834                LIS2MDL_Init
 .text.LIS2MDL_DeInit
                0x0000000008004940       0x2c ./Drivers/BSP/Components/lis2mdl.o
                0x0000000008004940                LIS2MDL_DeInit
 .text.LIS2MDL_ReadID
                0x000000000800496c       0x4c ./Drivers/BSP/Components/lis2mdl.o
                0x000000000800496c                LIS2MDL_ReadID
 .text.LIS2MDL_GetCapabilities
                0x00000000080049b8       0x5c ./Drivers/BSP/Components/lis2mdl.o
                0x00000000080049b8                LIS2MDL_GetCapabilities
 .text.LIS2MDL_MAG_Enable
                0x0000000008004a14       0x84 ./Drivers/BSP/Components/lis2mdl.o
                0x0000000008004a14                LIS2MDL_MAG_Enable
 .text.LIS2MDL_MAG_Disable
                0x0000000008004a98       0x86 ./Drivers/BSP/Components/lis2mdl.o
                0x0000000008004a98                LIS2MDL_MAG_Disable
 .text.LIS2MDL_MAG_GetSensitivity
                0x0000000008004b1e       0x20 ./Drivers/BSP/Components/lis2mdl.o
                0x0000000008004b1e                LIS2MDL_MAG_GetSensitivity
 *fill*         0x0000000008004b3e        0x2 
 .text.LIS2MDL_MAG_GetOutputDataRate
                0x0000000008004b40       0x8c ./Drivers/BSP/Components/lis2mdl.o
                0x0000000008004b40                LIS2MDL_MAG_GetOutputDataRate
 .text.LIS2MDL_MAG_SetOutputDataRate
                0x0000000008004bcc       0xc8 ./Drivers/BSP/Components/lis2mdl.o
                0x0000000008004bcc                LIS2MDL_MAG_SetOutputDataRate
 .text.LIS2MDL_MAG_GetFullScale
                0x0000000008004c94       0x1e ./Drivers/BSP/Components/lis2mdl.o
                0x0000000008004c94                LIS2MDL_MAG_GetFullScale
 .text.LIS2MDL_MAG_SetFullScale
                0x0000000008004cb2       0x18 ./Drivers/BSP/Components/lis2mdl.o
                0x0000000008004cb2                LIS2MDL_MAG_SetFullScale
 .text.LIS2MDL_MAG_GetAxesRaw
                0x0000000008004cca       0x48 ./Drivers/BSP/Components/lis2mdl.o
                0x0000000008004cca                LIS2MDL_MAG_GetAxesRaw
 .text.LIS2MDL_MAG_GetAxes
                0x0000000008004d12      0x114 ./Drivers/BSP/Components/lis2mdl.o
                0x0000000008004d12                LIS2MDL_MAG_GetAxes
 .text.LIS2MDL_Write_Reg
                0x0000000008004e26       0x56 ./Drivers/BSP/Components/lis2mdl.o
                0x0000000008004e26                LIS2MDL_Write_Reg
 .text.ReadMagRegWrap
                0x0000000008004e7c       0x82 ./Drivers/BSP/Components/lis2mdl.o
 .text.WriteMagRegWrap
                0x0000000008004efe       0x82 ./Drivers/BSP/Components/lis2mdl.o
 .text.LSM6DSOX_SENSORHUB_LIS2MDL_ReadShData
                0x0000000008004f80      0x27e ./Drivers/BSP/Components/lis2mdl.o
 .text.LSM6DSOX_SENSORHUB_LIS2MDL_WriteShData
                0x00000000080051fe      0x23c ./Drivers/BSP/Components/lis2mdl.o
 .text.lis2mdl_read_reg
                0x000000000800543a       0x30 ./Drivers/BSP/Components/lis2mdl_reg.o
                0x000000000800543a                lis2mdl_read_reg
 .text.lis2mdl_write_reg
                0x000000000800546a       0x30 ./Drivers/BSP/Components/lis2mdl_reg.o
                0x000000000800546a                lis2mdl_write_reg
 .text.lis2mdl_operating_mode_set
                0x000000000800549a       0x4c ./Drivers/BSP/Components/lis2mdl_reg.o
                0x000000000800549a                lis2mdl_operating_mode_set
 .text.lis2mdl_data_rate_set
                0x00000000080054e6       0x4c ./Drivers/BSP/Components/lis2mdl_reg.o
                0x00000000080054e6                lis2mdl_data_rate_set
 *fill*         0x0000000008005532        0x2 
 .text.lis2mdl_data_rate_get
                0x0000000008005534       0x70 ./Drivers/BSP/Components/lis2mdl_reg.o
                0x0000000008005534                lis2mdl_data_rate_get
 .text.lis2mdl_block_data_update_set
                0x00000000080055a4       0x4c ./Drivers/BSP/Components/lis2mdl_reg.o
                0x00000000080055a4                lis2mdl_block_data_update_set
 .text.lis2mdl_magnetic_raw_get
                0x00000000080055f0       0x96 ./Drivers/BSP/Components/lis2mdl_reg.o
                0x00000000080055f0                lis2mdl_magnetic_raw_get
 .text.lis2mdl_device_id_get
                0x0000000008005686       0x22 ./Drivers/BSP/Components/lis2mdl_reg.o
                0x0000000008005686                lis2mdl_device_id_get
 .text.lis2mdl_self_test_set
                0x00000000080056a8       0x4c ./Drivers/BSP/Components/lis2mdl_reg.o
                0x00000000080056a8                lis2mdl_self_test_set
 .text.lis2mdl_i2c_interface_set
                0x00000000080056f4       0x4c ./Drivers/BSP/Components/lis2mdl_reg.o
                0x00000000080056f4                lis2mdl_i2c_interface_set
 .text.LPS22HH_RegisterBusIO
                0x0000000008005740       0xd4 ./Drivers/BSP/Components/lps22hh.o
                0x0000000008005740                LPS22HH_RegisterBusIO
 .text.LPS22HH_Init
                0x0000000008005814       0x36 ./Drivers/BSP/Components/lps22hh.o
                0x0000000008005814                LPS22HH_Init
 .text.LPS22HH_DeInit
                0x000000000800584a       0x48 ./Drivers/BSP/Components/lps22hh.o
                0x000000000800584a                LPS22HH_DeInit
 .text.LPS22HH_ReadID
                0x0000000008005892       0x2c ./Drivers/BSP/Components/lps22hh.o
                0x0000000008005892                LPS22HH_ReadID
 *fill*         0x00000000080058be        0x2 
 .text.LPS22HH_GetCapabilities
                0x00000000080058c0       0x48 ./Drivers/BSP/Components/lps22hh.o
                0x00000000080058c0                LPS22HH_GetCapabilities
 .text.LPS22HH_PRESS_Enable
                0x0000000008005908       0x48 ./Drivers/BSP/Components/lps22hh.o
                0x0000000008005908                LPS22HH_PRESS_Enable
 .text.LPS22HH_PRESS_Disable
                0x0000000008005950       0x68 ./Drivers/BSP/Components/lps22hh.o
                0x0000000008005950                LPS22HH_PRESS_Disable
 .text.LPS22HH_PRESS_GetOutputDataRate
                0x00000000080059b8       0x1c ./Drivers/BSP/Components/lps22hh.o
                0x00000000080059b8                LPS22HH_PRESS_GetOutputDataRate
 .text.LPS22HH_PRESS_SetOutputDataRate
                0x00000000080059d4       0x38 ./Drivers/BSP/Components/lps22hh.o
                0x00000000080059d4                LPS22HH_PRESS_SetOutputDataRate
 .text.LPS22HH_PRESS_GetPressure
                0x0000000008005a0c       0x50 ./Drivers/BSP/Components/lps22hh.o
                0x0000000008005a0c                LPS22HH_PRESS_GetPressure
 .text.LPS22HH_TEMP_Enable
                0x0000000008005a5c       0x48 ./Drivers/BSP/Components/lps22hh.o
                0x0000000008005a5c                LPS22HH_TEMP_Enable
 .text.LPS22HH_TEMP_Disable
                0x0000000008005aa4       0x68 ./Drivers/BSP/Components/lps22hh.o
                0x0000000008005aa4                LPS22HH_TEMP_Disable
 .text.LPS22HH_TEMP_GetOutputDataRate
                0x0000000008005b0c       0x1c ./Drivers/BSP/Components/lps22hh.o
                0x0000000008005b0c                LPS22HH_TEMP_GetOutputDataRate
 .text.LPS22HH_TEMP_SetOutputDataRate
                0x0000000008005b28       0x38 ./Drivers/BSP/Components/lps22hh.o
                0x0000000008005b28                LPS22HH_TEMP_SetOutputDataRate
 .text.LPS22HH_TEMP_GetTemperature
                0x0000000008005b60       0x52 ./Drivers/BSP/Components/lps22hh.o
                0x0000000008005b60                LPS22HH_TEMP_GetTemperature
 .text.LPS22HH_Write_Reg
                0x0000000008005bb2       0x36 ./Drivers/BSP/Components/lps22hh.o
                0x0000000008005bb2                LPS22HH_Write_Reg
 .text.LPS22HH_GetOutputDataRate
                0x0000000008005be8       0xc8 ./Drivers/BSP/Components/lps22hh.o
 .text.LPS22HH_SetOutputDataRate_When_Enabled
                0x0000000008005cb0       0xe4 ./Drivers/BSP/Components/lps22hh.o
 .text.LPS22HH_SetOutputDataRate_When_Disabled
                0x0000000008005d94       0xb4 ./Drivers/BSP/Components/lps22hh.o
 .text.LPS22HH_Initialize
                0x0000000008005e48       0x92 ./Drivers/BSP/Components/lps22hh.o
 .text.ReadRegWrap
                0x0000000008005eda       0x36 ./Drivers/BSP/Components/lps22hh.o
 .text.WriteRegWrap
                0x0000000008005f10       0x36 ./Drivers/BSP/Components/lps22hh.o
 .text.lps22hh_read_reg
                0x0000000008005f46       0x30 ./Drivers/BSP/Components/lps22hh_reg.o
                0x0000000008005f46                lps22hh_read_reg
 .text.lps22hh_write_reg
                0x0000000008005f76       0x30 ./Drivers/BSP/Components/lps22hh_reg.o
                0x0000000008005f76                lps22hh_write_reg
 *fill*         0x0000000008005fa6        0x2 
 .text.lps22hh_from_lsb_to_hpa
                0x0000000008005fa8       0x30 ./Drivers/BSP/Components/lps22hh_reg.o
                0x0000000008005fa8                lps22hh_from_lsb_to_hpa
 .text.lps22hh_from_lsb_to_celsius
                0x0000000008005fd8       0x34 ./Drivers/BSP/Components/lps22hh_reg.o
                0x0000000008005fd8                lps22hh_from_lsb_to_celsius
 .text.lps22hh_block_data_update_set
                0x000000000800600c       0x4c ./Drivers/BSP/Components/lps22hh_reg.o
                0x000000000800600c                lps22hh_block_data_update_set
 .text.lps22hh_data_rate_set
                0x0000000008006058       0x9c ./Drivers/BSP/Components/lps22hh_reg.o
                0x0000000008006058                lps22hh_data_rate_set
 .text.lps22hh_data_rate_get
                0x00000000080060f4      0x150 ./Drivers/BSP/Components/lps22hh_reg.o
                0x00000000080060f4                lps22hh_data_rate_get
 .text.lps22hh_pressure_raw_get
                0x0000000008006244       0x52 ./Drivers/BSP/Components/lps22hh_reg.o
                0x0000000008006244                lps22hh_pressure_raw_get
 .text.lps22hh_temperature_raw_get
                0x0000000008006296       0x46 ./Drivers/BSP/Components/lps22hh_reg.o
                0x0000000008006296                lps22hh_temperature_raw_get
 .text.lps22hh_device_id_get
                0x00000000080062dc       0x22 ./Drivers/BSP/Components/lps22hh_reg.o
                0x00000000080062dc                lps22hh_device_id_get
 .text.lps22hh_auto_increment_set
                0x00000000080062fe       0x4c ./Drivers/BSP/Components/lps22hh_reg.o
                0x00000000080062fe                lps22hh_auto_increment_set
 .text.lps22hh_lp_bandwidth_set
                0x000000000800634a       0x4c ./Drivers/BSP/Components/lps22hh_reg.o
                0x000000000800634a                lps22hh_lp_bandwidth_set
 .text.lps22hh_i3c_interface_set
                0x0000000008006396       0x5e ./Drivers/BSP/Components/lps22hh_reg.o
                0x0000000008006396                lps22hh_i3c_interface_set
 .text.LSM6DSO_RegisterBusIO
                0x00000000080063f4       0xd4 ./Drivers/BSP/Components/lsm6dso.o
                0x00000000080063f4                LSM6DSO_RegisterBusIO
 .text.LSM6DSO_Init
                0x00000000080064c8       0xea ./Drivers/BSP/Components/lsm6dso.o
                0x00000000080064c8                LSM6DSO_Init
 .text.LSM6DSO_DeInit
                0x00000000080065b2       0x4e ./Drivers/BSP/Components/lsm6dso.o
                0x00000000080065b2                LSM6DSO_DeInit
 .text.LSM6DSO_ReadID
                0x0000000008006600       0x2c ./Drivers/BSP/Components/lsm6dso.o
                0x0000000008006600                LSM6DSO_ReadID
 .text.LSM6DSO_GetCapabilities
                0x000000000800662c       0x5c ./Drivers/BSP/Components/lsm6dso.o
                0x000000000800662c                LSM6DSO_GetCapabilities
 .text.LSM6DSO_ACC_Enable
                0x0000000008006688       0x48 ./Drivers/BSP/Components/lsm6dso.o
                0x0000000008006688                LSM6DSO_ACC_Enable
 .text.LSM6DSO_ACC_Disable
                0x00000000080066d0       0x5e ./Drivers/BSP/Components/lsm6dso.o
                0x00000000080066d0                LSM6DSO_ACC_Disable
 *fill*         0x000000000800672e        0x2 
 .text.LSM6DSO_ACC_GetSensitivity
                0x0000000008006730       0x8c ./Drivers/BSP/Components/lsm6dso.o
                0x0000000008006730                LSM6DSO_ACC_GetSensitivity
 .text.LSM6DSO_ACC_GetOutputDataRate
                0x00000000080067bc      0x108 ./Drivers/BSP/Components/lsm6dso.o
                0x00000000080067bc                LSM6DSO_ACC_GetOutputDataRate
 .text.LSM6DSO_ACC_SetOutputDataRate
                0x00000000080068c4       0x22 ./Drivers/BSP/Components/lsm6dso.o
                0x00000000080068c4                LSM6DSO_ACC_SetOutputDataRate
 *fill*         0x00000000080068e6        0x2 
 .text.LSM6DSO_ACC_SetOutputDataRate_With_Mode
                0x00000000080068e8      0x33c ./Drivers/BSP/Components/lsm6dso.o
                0x00000000080068e8                LSM6DSO_ACC_SetOutputDataRate_With_Mode
 .text.LSM6DSO_ACC_GetFullScale
                0x0000000008006c24       0x7c ./Drivers/BSP/Components/lsm6dso.o
                0x0000000008006c24                LSM6DSO_ACC_GetFullScale
 .text.LSM6DSO_ACC_SetFullScale
                0x0000000008006ca0       0x50 ./Drivers/BSP/Components/lsm6dso.o
                0x0000000008006ca0                LSM6DSO_ACC_SetFullScale
 .text.LSM6DSO_ACC_GetAxesRaw
                0x0000000008006cf0       0x48 ./Drivers/BSP/Components/lsm6dso.o
                0x0000000008006cf0                LSM6DSO_ACC_GetAxesRaw
 .text.LSM6DSO_ACC_GetAxes
                0x0000000008006d38       0xae ./Drivers/BSP/Components/lsm6dso.o
                0x0000000008006d38                LSM6DSO_ACC_GetAxes
 .text.LSM6DSO_GYRO_Enable
                0x0000000008006de6       0x48 ./Drivers/BSP/Components/lsm6dso.o
                0x0000000008006de6                LSM6DSO_GYRO_Enable
 .text.LSM6DSO_GYRO_Disable
                0x0000000008006e2e       0x5e ./Drivers/BSP/Components/lsm6dso.o
                0x0000000008006e2e                LSM6DSO_GYRO_Disable
 .text.LSM6DSO_GYRO_GetSensitivity
                0x0000000008006e8c       0xa4 ./Drivers/BSP/Components/lsm6dso.o
                0x0000000008006e8c                LSM6DSO_GYRO_GetSensitivity
 .text.LSM6DSO_GYRO_GetOutputDataRate
                0x0000000008006f30       0xf8 ./Drivers/BSP/Components/lsm6dso.o
                0x0000000008006f30                LSM6DSO_GYRO_GetOutputDataRate
 .text.LSM6DSO_GYRO_SetOutputDataRate
                0x0000000008007028       0x22 ./Drivers/BSP/Components/lsm6dso.o
                0x0000000008007028                LSM6DSO_GYRO_SetOutputDataRate
 *fill*         0x000000000800704a        0x2 
 .text.LSM6DSO_GYRO_SetOutputDataRate_With_Mode
                0x000000000800704c      0x12c ./Drivers/BSP/Components/lsm6dso.o
                0x000000000800704c                LSM6DSO_GYRO_SetOutputDataRate_With_Mode
 .text.LSM6DSO_GYRO_GetFullScale
                0x0000000008007178       0x94 ./Drivers/BSP/Components/lsm6dso.o
                0x0000000008007178                LSM6DSO_GYRO_GetFullScale
 .text.LSM6DSO_GYRO_SetFullScale
                0x000000000800720c       0x5e ./Drivers/BSP/Components/lsm6dso.o
                0x000000000800720c                LSM6DSO_GYRO_SetFullScale
 .text.LSM6DSO_GYRO_GetAxesRaw
                0x000000000800726a       0x48 ./Drivers/BSP/Components/lsm6dso.o
                0x000000000800726a                LSM6DSO_GYRO_GetAxesRaw
 .text.LSM6DSO_GYRO_GetAxes
                0x00000000080072b2       0xa8 ./Drivers/BSP/Components/lsm6dso.o
                0x00000000080072b2                LSM6DSO_GYRO_GetAxes
 .text.LSM6DSO_Write_Reg
                0x000000000800735a       0x36 ./Drivers/BSP/Components/lsm6dso.o
                0x000000000800735a                LSM6DSO_Write_Reg
 .text.LSM6DSO_ACC_SetOutputDataRate_When_Enabled
                0x0000000008007390      0x130 ./Drivers/BSP/Components/lsm6dso.o
 .text.LSM6DSO_ACC_SetOutputDataRate_When_Disabled
                0x00000000080074c0      0x120 ./Drivers/BSP/Components/lsm6dso.o
 .text.LSM6DSO_GYRO_SetOutputDataRate_When_Enabled
                0x00000000080075e0      0x118 ./Drivers/BSP/Components/lsm6dso.o
 .text.LSM6DSO_GYRO_SetOutputDataRate_When_Disabled
                0x00000000080076f8      0x104 ./Drivers/BSP/Components/lsm6dso.o
 .text.ReadRegWrap
                0x00000000080077fc       0x36 ./Drivers/BSP/Components/lsm6dso.o
 .text.WriteRegWrap
                0x0000000008007832       0x36 ./Drivers/BSP/Components/lsm6dso.o
 .text.lsm6dso_read_reg
                0x0000000008007868       0x30 ./Drivers/BSP/Components/lsm6dso_reg.o
                0x0000000008007868                lsm6dso_read_reg
 .text.lsm6dso_write_reg
                0x0000000008007898       0x30 ./Drivers/BSP/Components/lsm6dso_reg.o
                0x0000000008007898                lsm6dso_write_reg
 .text.lsm6dso_xl_full_scale_set
                0x00000000080078c8       0x4c ./Drivers/BSP/Components/lsm6dso_reg.o
                0x00000000080078c8                lsm6dso_xl_full_scale_set
 .text.lsm6dso_xl_full_scale_get
                0x0000000008007914       0x70 ./Drivers/BSP/Components/lsm6dso_reg.o
                0x0000000008007914                lsm6dso_xl_full_scale_get
 .text.lsm6dso_xl_data_rate_set
                0x0000000008007984      0x1f8 ./Drivers/BSP/Components/lsm6dso_reg.o
                0x0000000008007984                lsm6dso_xl_data_rate_set
 .text.lsm6dso_xl_data_rate_get
                0x0000000008007b7c       0xd0 ./Drivers/BSP/Components/lsm6dso_reg.o
                0x0000000008007b7c                lsm6dso_xl_data_rate_get
 .text.lsm6dso_gy_full_scale_set
                0x0000000008007c4c       0x4c ./Drivers/BSP/Components/lsm6dso_reg.o
                0x0000000008007c4c                lsm6dso_gy_full_scale_set
 .text.lsm6dso_gy_full_scale_get
                0x0000000008007c98       0x84 ./Drivers/BSP/Components/lsm6dso_reg.o
                0x0000000008007c98                lsm6dso_gy_full_scale_get
 .text.lsm6dso_gy_data_rate_set
                0x0000000008007d1c      0x1f8 ./Drivers/BSP/Components/lsm6dso_reg.o
                0x0000000008007d1c                lsm6dso_gy_data_rate_set
 .text.lsm6dso_gy_data_rate_get
                0x0000000008007f14       0xc4 ./Drivers/BSP/Components/lsm6dso_reg.o
                0x0000000008007f14                lsm6dso_gy_data_rate_get
 .text.lsm6dso_block_data_update_set
                0x0000000008007fd8       0x4c ./Drivers/BSP/Components/lsm6dso_reg.o
                0x0000000008007fd8                lsm6dso_block_data_update_set
 .text.lsm6dso_angular_rate_raw_get
                0x0000000008008024       0x96 ./Drivers/BSP/Components/lsm6dso_reg.o
                0x0000000008008024                lsm6dso_angular_rate_raw_get
 .text.lsm6dso_acceleration_raw_get
                0x00000000080080ba       0x96 ./Drivers/BSP/Components/lsm6dso_reg.o
                0x00000000080080ba                lsm6dso_acceleration_raw_get
 .text.lsm6dso_mem_bank_set
                0x0000000008008150       0x4c ./Drivers/BSP/Components/lsm6dso_reg.o
                0x0000000008008150                lsm6dso_mem_bank_set
 .text.lsm6dso_device_id_get
                0x000000000800819c       0x22 ./Drivers/BSP/Components/lsm6dso_reg.o
                0x000000000800819c                lsm6dso_device_id_get
 .text.lsm6dso_auto_increment_set
                0x00000000080081be       0x4c ./Drivers/BSP/Components/lsm6dso_reg.o
                0x00000000080081be                lsm6dso_auto_increment_set
 .text.lsm6dso_i3c_disable_set
                0x000000000800820a       0x8c ./Drivers/BSP/Components/lsm6dso_reg.o
                0x000000000800820a                lsm6dso_i3c_disable_set
 .text.lsm6dso_fifo_mode_set
                0x0000000008008296       0x4c ./Drivers/BSP/Components/lsm6dso_reg.o
                0x0000000008008296                lsm6dso_fifo_mode_set
 .text.lsm6dso_fsm_enable_get
                0x00000000080082e2       0x42 ./Drivers/BSP/Components/lsm6dso_reg.o
                0x00000000080082e2                lsm6dso_fsm_enable_get
 .text.lsm6dso_fsm_data_rate_get
                0x0000000008008324       0x90 ./Drivers/BSP/Components/lsm6dso_reg.o
                0x0000000008008324                lsm6dso_fsm_data_rate_get
 .text.STTS751_RegisterBusIO
                0x00000000080083b4       0x94 ./Drivers/BSP/Components/stts751.o
                0x00000000080083b4                STTS751_RegisterBusIO
 .text.STTS751_Init
                0x0000000008008448       0x74 ./Drivers/BSP/Components/stts751.o
                0x0000000008008448                STTS751_Init
 .text.STTS751_DeInit
                0x00000000080084bc       0x36 ./Drivers/BSP/Components/stts751.o
                0x00000000080084bc                STTS751_DeInit
 .text.STTS751_ReadID
                0x00000000080084f2       0x36 ./Drivers/BSP/Components/stts751.o
                0x00000000080084f2                STTS751_ReadID
 .text.STTS751_GetCapabilities
                0x0000000008008528       0x48 ./Drivers/BSP/Components/stts751.o
                0x0000000008008528                STTS751_GetCapabilities
 .text.STTS751_TEMP_Enable
                0x0000000008008570       0x44 ./Drivers/BSP/Components/stts751.o
                0x0000000008008570                STTS751_TEMP_Enable
 .text.STTS751_TEMP_Disable
                0x00000000080085b4       0x58 ./Drivers/BSP/Components/stts751.o
                0x00000000080085b4                STTS751_TEMP_Disable
 .text.STTS751_TEMP_GetOutputDataRate
                0x000000000800860c       0xf4 ./Drivers/BSP/Components/stts751.o
                0x000000000800860c                STTS751_TEMP_GetOutputDataRate
 .text.STTS751_TEMP_SetOutputDataRate
                0x0000000008008700      0x184 ./Drivers/BSP/Components/stts751.o
                0x0000000008008700                STTS751_TEMP_SetOutputDataRate
 .text.STTS751_TEMP_GetTemperature
                0x0000000008008884       0x44 ./Drivers/BSP/Components/stts751.o
                0x0000000008008884                STTS751_TEMP_GetTemperature
 .text.ReadRegWrap
                0x00000000080088c8       0x6e ./Drivers/BSP/Components/stts751.o
 .text.WriteRegWrap
                0x0000000008008936       0x6e ./Drivers/BSP/Components/stts751.o
 .text.stts751_read_reg
                0x00000000080089a4       0x30 ./Drivers/BSP/Components/stts751_reg.o
                0x00000000080089a4                stts751_read_reg
 .text.stts751_write_reg
                0x00000000080089d4       0x30 ./Drivers/BSP/Components/stts751_reg.o
                0x00000000080089d4                stts751_write_reg
 .text.stts751_from_lsb_to_celsius
                0x0000000008008a04       0x34 ./Drivers/BSP/Components/stts751_reg.o
                0x0000000008008a04                stts751_from_lsb_to_celsius
 .text.stts751_temp_data_rate_set
                0x0000000008008a38       0xac ./Drivers/BSP/Components/stts751_reg.o
                0x0000000008008a38                stts751_temp_data_rate_set
 .text.stts751_temp_data_rate_get
                0x0000000008008ae4      0x100 ./Drivers/BSP/Components/stts751_reg.o
                0x0000000008008ae4                stts751_temp_data_rate_get
 .text.stts751_resolution_set
                0x0000000008008be4       0x4c ./Drivers/BSP/Components/stts751_reg.o
                0x0000000008008be4                stts751_resolution_set
 .text.stts751_resolution_get
                0x0000000008008c30       0x70 ./Drivers/BSP/Components/stts751_reg.o
                0x0000000008008c30                stts751_resolution_get
 .text.stts751_temperature_raw_get
                0x0000000008008ca0       0x5e ./Drivers/BSP/Components/stts751_reg.o
                0x0000000008008ca0                stts751_temperature_raw_get
 .text.stts751_pin_event_route_set
                0x0000000008008cfe       0x4c ./Drivers/BSP/Components/stts751_reg.o
                0x0000000008008cfe                stts751_pin_event_route_set
 .text.stts751_device_id_get
                0x0000000008008d4a       0x4e ./Drivers/BSP/Components/stts751_reg.o
                0x0000000008008d4a                stts751_device_id_get
 .text.IKS01A3_ENV_SENSOR_Init
                0x0000000008008d98      0x1f8 ./Drivers/BSP/IKS01A3/iks01a3_env_sensors.o
                0x0000000008008d98                IKS01A3_ENV_SENSOR_Init
 .text.IKS01A3_ENV_SENSOR_GetCapabilities
                0x0000000008008f90       0x54 ./Drivers/BSP/IKS01A3/iks01a3_env_sensors.o
                0x0000000008008f90                IKS01A3_ENV_SENSOR_GetCapabilities
 .text.IKS01A3_ENV_SENSOR_ReadID
                0x0000000008008fe4       0x54 ./Drivers/BSP/IKS01A3/iks01a3_env_sensors.o
                0x0000000008008fe4                IKS01A3_ENV_SENSOR_ReadID
 .text.IKS01A3_ENV_SENSOR_GetOutputDataRate
                0x0000000008009038       0x88 ./Drivers/BSP/IKS01A3/iks01a3_env_sensors.o
                0x0000000008009038                IKS01A3_ENV_SENSOR_GetOutputDataRate
 .text.IKS01A3_ENV_SENSOR_GetValue
                0x00000000080090c0       0x88 ./Drivers/BSP/IKS01A3/iks01a3_env_sensors.o
                0x00000000080090c0                IKS01A3_ENV_SENSOR_GetValue
 .text.HTS221_0_Probe
                0x0000000008009148      0x174 ./Drivers/BSP/IKS01A3/iks01a3_env_sensors.o
 .text.LPS22HH_0_Probe
                0x00000000080092bc      0x178 ./Drivers/BSP/IKS01A3/iks01a3_env_sensors.o
 .text.STTS751_0_Probe
                0x0000000008009434      0x148 ./Drivers/BSP/IKS01A3/iks01a3_env_sensors.o
 .text.IKS01A3_MOTION_SENSOR_Init
                0x000000000800957c      0x1f8 ./Drivers/BSP/IKS01A3/iks01a3_motion_sensors.o
                0x000000000800957c                IKS01A3_MOTION_SENSOR_Init
 .text.IKS01A3_MOTION_SENSOR_GetCapabilities
                0x0000000008009774       0x54 ./Drivers/BSP/IKS01A3/iks01a3_motion_sensors.o
                0x0000000008009774                IKS01A3_MOTION_SENSOR_GetCapabilities
 .text.IKS01A3_MOTION_SENSOR_ReadID
                0x00000000080097c8       0x54 ./Drivers/BSP/IKS01A3/iks01a3_motion_sensors.o
                0x00000000080097c8                IKS01A3_MOTION_SENSOR_ReadID
 .text.IKS01A3_MOTION_SENSOR_GetAxes
                0x000000000800981c       0x88 ./Drivers/BSP/IKS01A3/iks01a3_motion_sensors.o
                0x000000000800981c                IKS01A3_MOTION_SENSOR_GetAxes
 .text.IKS01A3_MOTION_SENSOR_GetOutputDataRate
                0x00000000080098a4       0x88 ./Drivers/BSP/IKS01A3/iks01a3_motion_sensors.o
                0x00000000080098a4                IKS01A3_MOTION_SENSOR_GetOutputDataRate
 .text.IKS01A3_MOTION_SENSOR_GetFullScale
                0x000000000800992c       0x88 ./Drivers/BSP/IKS01A3/iks01a3_motion_sensors.o
                0x000000000800992c                IKS01A3_MOTION_SENSOR_GetFullScale
 .text.LSM6DSO_0_Probe
                0x00000000080099b4      0x180 ./Drivers/BSP/IKS01A3/iks01a3_motion_sensors.o
 .text.LIS2DW12_0_Probe
                0x0000000008009b34      0x150 ./Drivers/BSP/IKS01A3/iks01a3_motion_sensors.o
 .text.LIS2MDL_0_Probe
                0x0000000008009c84      0x150 ./Drivers/BSP/IKS01A3/iks01a3_motion_sensors.o
 .text.BSP_LED_Init
                0x0000000008009dd4       0x24 ./Drivers/BSP/STM32L4xx_Nucleo/stm32l4xx_nucleo.o
                0x0000000008009dd4                BSP_LED_Init
 .text.LED_USER_GPIO_Init
                0x0000000008009df8       0x7c ./Drivers/BSP/STM32L4xx_Nucleo/stm32l4xx_nucleo.o
 .text.BSP_PB_Init
                0x0000000008009e74       0xa8 ./Drivers/BSP/STM32L4xx_Nucleo/stm32l4xx_nucleo.o
                0x0000000008009e74                BSP_PB_Init
 .text.BSP_PB_GetState
                0x0000000008009f1c       0x38 ./Drivers/BSP/STM32L4xx_Nucleo/stm32l4xx_nucleo.o
                0x0000000008009f1c                BSP_PB_GetState
 .text.BUTTON_USER_EXTI_Callback
                0x0000000008009f54        0xe ./Drivers/BSP/STM32L4xx_Nucleo/stm32l4xx_nucleo.o
 *fill*         0x0000000008009f62        0x2 
 .text.BUTTON_USER_GPIO_Init
                0x0000000008009f64       0x74 ./Drivers/BSP/STM32L4xx_Nucleo/stm32l4xx_nucleo.o
 .text.BSP_COM_Init
                0x0000000008009fd8       0x7c ./Drivers/BSP/STM32L4xx_Nucleo/stm32l4xx_nucleo.o
                0x0000000008009fd8                BSP_COM_Init
 .text.MX_USART2_UART_Init
                0x000000000800a054       0x68 ./Drivers/BSP/STM32L4xx_Nucleo/stm32l4xx_nucleo.o
                0x000000000800a054                MX_USART2_UART_Init
 .text.__io_putchar
                0x000000000800a0bc       0x38 ./Drivers/BSP/STM32L4xx_Nucleo/stm32l4xx_nucleo.o
                0x000000000800a0bc                __io_putchar
 .text.USART2_MspInit
                0x000000000800a0f4       0xbc ./Drivers/BSP/STM32L4xx_Nucleo/stm32l4xx_nucleo.o
 .text.SystemInit
                0x000000000800a1b0       0x24 ./Drivers/CMSIS/system_stm32l4xx.o
                0x000000000800a1b0                SystemInit
 .text.HAL_Init
                0x000000000800a1d4       0x40 ./Drivers/STM32L4xx_HAL_Driver/stm32l4xx_hal.o
                0x000000000800a1d4                HAL_Init
 .text.HAL_InitTick
                0x000000000800a214       0x78 ./Drivers/STM32L4xx_HAL_Driver/stm32l4xx_hal.o
                0x000000000800a214                HAL_InitTick
 .text.HAL_IncTick
                0x000000000800a28c       0x28 ./Drivers/STM32L4xx_HAL_Driver/stm32l4xx_hal.o
                0x000000000800a28c                HAL_IncTick
 .text.HAL_GetTick
                0x000000000800a2b4       0x18 ./Drivers/STM32L4xx_HAL_Driver/stm32l4xx_hal.o
                0x000000000800a2b4                HAL_GetTick
 .text.HAL_Delay
                0x000000000800a2cc       0x48 ./Drivers/STM32L4xx_HAL_Driver/stm32l4xx_hal.o
                0x000000000800a2cc                HAL_Delay
 .text.__NVIC_SetPriorityGrouping
                0x000000000800a314       0x48 ./Drivers/STM32L4xx_HAL_Driver/stm32l4xx_hal_cortex.o
 .text.__NVIC_GetPriorityGrouping
                0x000000000800a35c       0x1c ./Drivers/STM32L4xx_HAL_Driver/stm32l4xx_hal_cortex.o
 .text.__NVIC_EnableIRQ
                0x000000000800a378       0x3c ./Drivers/STM32L4xx_HAL_Driver/stm32l4xx_hal_cortex.o
 .text.__NVIC_SetPriority
                0x000000000800a3b4       0x54 ./Drivers/STM32L4xx_HAL_Driver/stm32l4xx_hal_cortex.o
 .text.NVIC_EncodePriority
                0x000000000800a408       0x66 ./Drivers/STM32L4xx_HAL_Driver/stm32l4xx_hal_cortex.o
 *fill*         0x000000000800a46e        0x2 
 .text.SysTick_Config
                0x000000000800a470       0x44 ./Drivers/STM32L4xx_HAL_Driver/stm32l4xx_hal_cortex.o
 .text.HAL_NVIC_SetPriorityGrouping
                0x000000000800a4b4       0x16 ./Drivers/STM32L4xx_HAL_Driver/stm32l4xx_hal_cortex.o
                0x000000000800a4b4                HAL_NVIC_SetPriorityGrouping
 .text.HAL_NVIC_SetPriority
                0x000000000800a4ca       0x38 ./Drivers/STM32L4xx_HAL_Driver/stm32l4xx_hal_cortex.o
                0x000000000800a4ca                HAL_NVIC_SetPriority
 .text.HAL_NVIC_EnableIRQ
                0x000000000800a502       0x1c ./Drivers/STM32L4xx_HAL_Driver/stm32l4xx_hal_cortex.o
                0x000000000800a502                HAL_NVIC_EnableIRQ
 .text.HAL_SYSTICK_Config
                0x000000000800a51e       0x18 ./Drivers/STM32L4xx_HAL_Driver/stm32l4xx_hal_cortex.o
                0x000000000800a51e                HAL_SYSTICK_Config
 .text.HAL_EXTI_RegisterCallback
                0x000000000800a536       0x34 ./Drivers/STM32L4xx_HAL_Driver/stm32l4xx_hal_exti.o
                0x000000000800a536                HAL_EXTI_RegisterCallback
 .text.HAL_EXTI_GetHandle
                0x000000000800a56a       0x28 ./Drivers/STM32L4xx_HAL_Driver/stm32l4xx_hal_exti.o
                0x000000000800a56a                HAL_EXTI_GetHandle
 *fill*         0x000000000800a592        0x2 
 .text.HAL_EXTI_IRQHandler
                0x000000000800a594       0x60 ./Drivers/STM32L4xx_HAL_Driver/stm32l4xx_hal_exti.o
                0x000000000800a594                HAL_EXTI_IRQHandler
 .text.HAL_GPIO_Init
                0x000000000800a5f4      0x354 ./Drivers/STM32L4xx_HAL_Driver/stm32l4xx_hal_gpio.o
                0x000000000800a5f4                HAL_GPIO_Init
 .text.HAL_GPIO_DeInit
                0x000000000800a948      0x1e8 ./Drivers/STM32L4xx_HAL_Driver/stm32l4xx_hal_gpio.o
                0x000000000800a948                HAL_GPIO_DeInit
 .text.HAL_GPIO_ReadPin
                0x000000000800ab30       0x30 ./Drivers/STM32L4xx_HAL_Driver/stm32l4xx_hal_gpio.o
                0x000000000800ab30                HAL_GPIO_ReadPin
 .text.HAL_GPIO_WritePin
                0x000000000800ab60       0x30 ./Drivers/STM32L4xx_HAL_Driver/stm32l4xx_hal_gpio.o
                0x000000000800ab60                HAL_GPIO_WritePin
 .text.HAL_GPIO_EXTI_IRQHandler
                0x000000000800ab90       0x30 ./Drivers/STM32L4xx_HAL_Driver/stm32l4xx_hal_gpio.o
                0x000000000800ab90                HAL_GPIO_EXTI_IRQHandler
 .text.HAL_GPIO_EXTI_Callback
                0x000000000800abc0       0x16 ./Drivers/STM32L4xx_HAL_Driver/stm32l4xx_hal_gpio.o
                0x000000000800abc0                HAL_GPIO_EXTI_Callback
 .text.HAL_I2C_Init
                0x000000000800abd6      0x11e ./Drivers/STM32L4xx_HAL_Driver/stm32l4xx_hal_i2c.o
                0x000000000800abd6                HAL_I2C_Init
 .text.HAL_I2C_DeInit
                0x000000000800acf4       0x5e ./Drivers/STM32L4xx_HAL_Driver/stm32l4xx_hal_i2c.o
                0x000000000800acf4                HAL_I2C_DeInit
 .text.HAL_I2C_MspInit
                0x000000000800ad52       0x14 ./Drivers/STM32L4xx_HAL_Driver/stm32l4xx_hal_i2c.o
                0x000000000800ad52                HAL_I2C_MspInit
 .text.HAL_I2C_MspDeInit
                0x000000000800ad66       0x14 ./Drivers/STM32L4xx_HAL_Driver/stm32l4xx_hal_i2c.o
                0x000000000800ad66                HAL_I2C_MspDeInit
 *fill*         0x000000000800ad7a        0x2 
 .text.HAL_I2C_Mem_Write
                0x000000000800ad7c      0x228 ./Drivers/STM32L4xx_HAL_Driver/stm32l4xx_hal_i2c.o
                0x000000000800ad7c                HAL_I2C_Mem_Write
 .text.HAL_I2C_Mem_Read
                0x000000000800afa4      0x234 ./Drivers/STM32L4xx_HAL_Driver/stm32l4xx_hal_i2c.o
                0x000000000800afa4                HAL_I2C_Mem_Read
 .text.HAL_I2C_GetState
                0x000000000800b1d8       0x1c ./Drivers/STM32L4xx_HAL_Driver/stm32l4xx_hal_i2c.o
                0x000000000800b1d8                HAL_I2C_GetState
 .text.HAL_I2C_GetError
                0x000000000800b1f4       0x18 ./Drivers/STM32L4xx_HAL_Driver/stm32l4xx_hal_i2c.o
                0x000000000800b1f4                HAL_I2C_GetError
 .text.I2C_RequestMemoryWrite
                0x000000000800b20c       0xa8 ./Drivers/STM32L4xx_HAL_Driver/stm32l4xx_hal_i2c.o
 .text.I2C_RequestMemoryRead
                0x000000000800b2b4       0xa8 ./Drivers/STM32L4xx_HAL_Driver/stm32l4xx_hal_i2c.o
 .text.I2C_Flush_TXDR
                0x000000000800b35c       0x48 ./Drivers/STM32L4xx_HAL_Driver/stm32l4xx_hal_i2c.o
 .text.I2C_WaitOnFlagUntilTimeout
                0x000000000800b3a4       0x80 ./Drivers/STM32L4xx_HAL_Driver/stm32l4xx_hal_i2c.o
 .text.I2C_WaitOnTXISFlagUntilTimeout
                0x000000000800b424       0x80 ./Drivers/STM32L4xx_HAL_Driver/stm32l4xx_hal_i2c.o
 .text.I2C_WaitOnSTOPFlagUntilTimeout
                0x000000000800b4a4       0x78 ./Drivers/STM32L4xx_HAL_Driver/stm32l4xx_hal_i2c.o
 .text.I2C_IsErrorOccurred
                0x000000000800b51c      0x1d8 ./Drivers/STM32L4xx_HAL_Driver/stm32l4xx_hal_i2c.o
 .text.I2C_TransferConfig
                0x000000000800b6f4       0x64 ./Drivers/STM32L4xx_HAL_Driver/stm32l4xx_hal_i2c.o
 .text.HAL_I2CEx_ConfigAnalogFilter
                0x000000000800b758       0x96 ./Drivers/STM32L4xx_HAL_Driver/stm32l4xx_hal_i2c_ex.o
                0x000000000800b758                HAL_I2CEx_ConfigAnalogFilter
 .text.HAL_I2CEx_ConfigDigitalFilter
                0x000000000800b7ee       0x98 ./Drivers/STM32L4xx_HAL_Driver/stm32l4xx_hal_i2c_ex.o
                0x000000000800b7ee                HAL_I2CEx_ConfigDigitalFilter
 *fill*         0x000000000800b886        0x2 
 .text.HAL_PWREx_GetVoltageRange
                0x000000000800b888       0x1c ./Drivers/STM32L4xx_HAL_Driver/stm32l4xx_hal_pwr_ex.o
                0x000000000800b888                HAL_PWREx_GetVoltageRange
 .text.HAL_PWREx_ControlVoltageScaling
                0x000000000800b8a4       0xac ./Drivers/STM32L4xx_HAL_Driver/stm32l4xx_hal_pwr_ex.o
                0x000000000800b8a4                HAL_PWREx_ControlVoltageScaling
 .text.HAL_RCC_OscConfig
                0x000000000800b950      0x7b8 ./Drivers/STM32L4xx_HAL_Driver/stm32l4xx_hal_rcc.o
                0x000000000800b950                HAL_RCC_OscConfig
 .text.HAL_RCC_ClockConfig
                0x000000000800c108      0x200 ./Drivers/STM32L4xx_HAL_Driver/stm32l4xx_hal_rcc.o
                0x000000000800c108                HAL_RCC_ClockConfig
 .text.HAL_RCC_GetSysClockFreq
                0x000000000800c308      0x118 ./Drivers/STM32L4xx_HAL_Driver/stm32l4xx_hal_rcc.o
                0x000000000800c308                HAL_RCC_GetSysClockFreq
 .text.HAL_RCC_GetHCLKFreq
                0x000000000800c420       0x18 ./Drivers/STM32L4xx_HAL_Driver/stm32l4xx_hal_rcc.o
                0x000000000800c420                HAL_RCC_GetHCLKFreq
 .text.HAL_RCC_GetPCLK1Freq
                0x000000000800c438       0x2c ./Drivers/STM32L4xx_HAL_Driver/stm32l4xx_hal_rcc.o
                0x000000000800c438                HAL_RCC_GetPCLK1Freq
 .text.HAL_RCC_GetPCLK2Freq
                0x000000000800c464       0x2c ./Drivers/STM32L4xx_HAL_Driver/stm32l4xx_hal_rcc.o
                0x000000000800c464                HAL_RCC_GetPCLK2Freq
 .text.RCC_SetFlashLatencyFromMSIRange
                0x000000000800c490       0xc0 ./Drivers/STM32L4xx_HAL_Driver/stm32l4xx_hal_rcc.o
 .text.HAL_RCCEx_PeriphCLKConfig
                0x000000000800c550      0x5d4 ./Drivers/STM32L4xx_HAL_Driver/stm32l4xx_hal_rcc_ex.o
                0x000000000800c550                HAL_RCCEx_PeriphCLKConfig
 .text.RCCEx_PLLSAI1_Config
                0x000000000800cb24      0x1e8 ./Drivers/STM32L4xx_HAL_Driver/stm32l4xx_hal_rcc_ex.o
 .text.RCCEx_PLLSAI2_Config
                0x000000000800cd0c      0x1bc ./Drivers/STM32L4xx_HAL_Driver/stm32l4xx_hal_rcc_ex.o
 .text.HAL_UART_Init
                0x000000000800cec8       0x9c ./Drivers/STM32L4xx_HAL_Driver/stm32l4xx_hal_uart.o
                0x000000000800cec8                HAL_UART_Init
 .text.HAL_UART_MspInit
                0x000000000800cf64       0x14 ./Drivers/STM32L4xx_HAL_Driver/stm32l4xx_hal_uart.o
                0x000000000800cf64                HAL_UART_MspInit
 .text.HAL_UART_Transmit
                0x000000000800cf78      0x128 ./Drivers/STM32L4xx_HAL_Driver/stm32l4xx_hal_uart.o
                0x000000000800cf78                HAL_UART_Transmit
 .text.UART_SetConfig
                0x000000000800d0a0      0x570 ./Drivers/STM32L4xx_HAL_Driver/stm32l4xx_hal_uart.o
                0x000000000800d0a0                UART_SetConfig
 .text.UART_AdvFeatureConfig
                0x000000000800d610      0x144 ./Drivers/STM32L4xx_HAL_Driver/stm32l4xx_hal_uart.o
                0x000000000800d610                UART_AdvFeatureConfig
 .text.UART_CheckIdleState
                0x000000000800d754       0x92 ./Drivers/STM32L4xx_HAL_Driver/stm32l4xx_hal_uart.o
                0x000000000800d754                UART_CheckIdleState
 .text.UART_WaitOnFlagUntilTimeout
                0x000000000800d7e6      0x188 ./Drivers/STM32L4xx_HAL_Driver/stm32l4xx_hal_uart.o
                0x000000000800d7e6                UART_WaitOnFlagUntilTimeout
 *fill*         0x000000000800d96e        0x2 
 .text.__errno  0x000000000800d970        0xc c:/st/stm32cubeide_1.11.0/stm32cubeide/plugins/com.st.stm32cube.ide.mcu.externaltools.gnu-tools-for-stm32.10.3-2021.10.win32_1.0.100.202210260954/tools/bin/../lib/gcc/arm-none-eabi/10.3.1/../../../../arm-none-eabi/lib/thumb/v7e-m+fp/hard\libc_nano.a(lib_a-errno.o)
                0x000000000800d970                __errno
 .text.__libc_init_array
                0x000000000800d97c       0x48 c:/st/stm32cubeide_1.11.0/stm32cubeide/plugins/com.st.stm32cube.ide.mcu.externaltools.gnu-tools-for-stm32.10.3-2021.10.win32_1.0.100.202210260954/tools/bin/../lib/gcc/arm-none-eabi/10.3.1/../../../../arm-none-eabi/lib/thumb/v7e-m+fp/hard\libc_nano.a(lib_a-init.o)
                0x000000000800d97c                __libc_init_array
 .text.memset   0x000000000800d9c4       0x10 c:/st/stm32cubeide_1.11.0/stm32cubeide/plugins/com.st.stm32cube.ide.mcu.externaltools.gnu-tools-for-stm32.10.3-2021.10.win32_1.0.100.202210260954/tools/bin/../lib/gcc/arm-none-eabi/10.3.1/../../../../arm-none-eabi/lib/thumb/v7e-m+fp/hard\libc_nano.a(lib_a-memset.o)
                0x000000000800d9c4                memset
 .text.printf   0x000000000800d9d4       0x30 c:/st/stm32cubeide_1.11.0/stm32cubeide/plugins/com.st.stm32cube.ide.mcu.externaltools.gnu-tools-for-stm32.10.3-2021.10.win32_1.0.100.202210260954/tools/bin/../lib/gcc/arm-none-eabi/10.3.1/../../../../arm-none-eabi/lib/thumb/v7e-m+fp/hard\libc_nano.a(lib_a-printf.o)
                0x000000000800d9d4                iprintf
                0x000000000800d9d4                printf
 .text.snprintf
                0x000000000800da04       0x68 c:/st/stm32cubeide_1.11.0/stm32cubeide/plugins/com.st.stm32cube.ide.mcu.externaltools.gnu-tools-for-stm32.10.3-2021.10.win32_1.0.100.202210260954/tools/bin/../lib/gcc/arm-none-eabi/10.3.1/../../../../arm-none-eabi/lib/thumb/v7e-m+fp/hard\libc_nano.a(lib_a-snprintf.o)
                0x000000000800da04                sniprintf
                0x000000000800da04                snprintf
 .text.std      0x000000000800da6c       0x48 c:/st/stm32cubeide_1.11.0/stm32cubeide/plugins/com.st.stm32cube.ide.mcu.externaltools.gnu-tools-for-stm32.10.3-2021.10.win32_1.0.100.202210260954/tools/bin/../lib/gcc/arm-none-eabi/10.3.1/../../../../arm-none-eabi/lib/thumb/v7e-m+fp/hard\libc_nano.a(lib_a-findfp.o)
 .text._cleanup_r
                0x000000000800dab4        0xc c:/st/stm32cubeide_1.11.0/stm32cubeide/plugins/com.st.stm32cube.ide.mcu.externaltools.gnu-tools-for-stm32.10.3-2021.10.win32_1.0.100.202210260954/tools/bin/../lib/gcc/arm-none-eabi/10.3.1/../../../../arm-none-eabi/lib/thumb/v7e-m+fp/hard\libc_nano.a(lib_a-findfp.o)
                0x000000000800dab4                _cleanup_r
 .text.__sfmoreglue
                0x000000000800dac0       0x2c c:/st/stm32cubeide_1.11.0/stm32cubeide/plugins/com.st.stm32cube.ide.mcu.externaltools.gnu-tools-for-stm32.10.3-2021.10.win32_1.0.100.202210260954/tools/bin/../lib/gcc/arm-none-eabi/10.3.1/../../../../arm-none-eabi/lib/thumb/v7e-m+fp/hard\libc_nano.a(lib_a-findfp.o)
                0x000000000800dac0                __sfmoreglue
 .text.__sfp_lock_acquire
                0x000000000800daec        0xc c:/st/stm32cubeide_1.11.0/stm32cubeide/plugins/com.st.stm32cube.ide.mcu.externaltools.gnu-tools-for-stm32.10.3-2021.10.win32_1.0.100.202210260954/tools/bin/../lib/gcc/arm-none-eabi/10.3.1/../../../../arm-none-eabi/lib/thumb/v7e-m+fp/hard\libc_nano.a(lib_a-findfp.o)
                0x000000000800daec                __sfp_lock_acquire
 .text.__sfp_lock_release
                0x000000000800daf8        0xc c:/st/stm32cubeide_1.11.0/stm32cubeide/plugins/com.st.stm32cube.ide.mcu.externaltools.gnu-tools-for-stm32.10.3-2021.10.win32_1.0.100.202210260954/tools/bin/../lib/gcc/arm-none-eabi/10.3.1/../../../../arm-none-eabi/lib/thumb/v7e-m+fp/hard\libc_nano.a(lib_a-findfp.o)
                0x000000000800daf8                __sfp_lock_release
 .text.__sinit_lock_acquire
                0x000000000800db04        0xc c:/st/stm32cubeide_1.11.0/stm32cubeide/plugins/com.st.stm32cube.ide.mcu.externaltools.gnu-tools-for-stm32.10.3-2021.10.win32_1.0.100.202210260954/tools/bin/../lib/gcc/arm-none-eabi/10.3.1/../../../../arm-none-eabi/lib/thumb/v7e-m+fp/hard\libc_nano.a(lib_a-findfp.o)
                0x000000000800db04                __sinit_lock_acquire
 .text.__sinit_lock_release
                0x000000000800db10        0xc c:/st/stm32cubeide_1.11.0/stm32cubeide/plugins/com.st.stm32cube.ide.mcu.externaltools.gnu-tools-for-stm32.10.3-2021.10.win32_1.0.100.202210260954/tools/bin/../lib/gcc/arm-none-eabi/10.3.1/../../../../arm-none-eabi/lib/thumb/v7e-m+fp/hard\libc_nano.a(lib_a-findfp.o)
                0x000000000800db10                __sinit_lock_release
 .text.__sinit  0x000000000800db1c       0x70 c:/st/stm32cubeide_1.11.0/stm32cubeide/plugins/com.st.stm32cube.ide.mcu.externaltools.gnu-tools-for-stm32.10.3-2021.10.win32_1.0.100.202210260954/tools/bin/../lib/gcc/arm-none-eabi/10.3.1/../../../../arm-none-eabi/lib/thumb/v7e-m+fp/hard\libc_nano.a(lib_a-findfp.o)
                0x000000000800db1c                __sinit
 .text.__sfp    0x000000000800db8c       0x8c c:/st/stm32cubeide_1.11.0/stm32cubeide/plugins/com.st.stm32cube.ide.mcu.externaltools.gnu-tools-for-stm32.10.3-2021.10.win32_1.0.100.202210260954/tools/bin/../lib/gcc/arm-none-eabi/10.3.1/../../../../arm-none-eabi/lib/thumb/v7e-m+fp/hard\libc_nano.a(lib_a-findfp.o)
                0x000000000800db8c                __sfp
 .text._fwalk_reent
                0x000000000800dc18       0x3e c:/st/stm32cubeide_1.11.0/stm32cubeide/plugins/com.st.stm32cube.ide.mcu.externaltools.gnu-tools-for-stm32.10.3-2021.10.win32_1.0.100.202210260954/tools/bin/../lib/gcc/arm-none-eabi/10.3.1/../../../../arm-none-eabi/lib/thumb/v7e-m+fp/hard\libc_nano.a(lib_a-fwalk.o)
                0x000000000800dc18                _fwalk_reent
 .text.__retarget_lock_init_recursive
                0x000000000800dc56        0x2 c:/st/stm32cubeide_1.11.0/stm32cubeide/plugins/com.st.stm32cube.ide.mcu.externaltools.gnu-tools-for-stm32.10.3-2021.10.win32_1.0.100.202210260954/tools/bin/../lib/gcc/arm-none-eabi/10.3.1/../../../../arm-none-eabi/lib/thumb/v7e-m+fp/hard\libc_nano.a(lib_a-lock.o)
                0x000000000800dc56                __retarget_lock_init_recursive
 .text.__retarget_lock_acquire_recursive
                0x000000000800dc58        0x2 c:/st/stm32cubeide_1.11.0/stm32cubeide/plugins/com.st.stm32cube.ide.mcu.externaltools.gnu-tools-for-stm32.10.3-2021.10.win32_1.0.100.202210260954/tools/bin/../lib/gcc/arm-none-eabi/10.3.1/../../../../arm-none-eabi/lib/thumb/v7e-m+fp/hard\libc_nano.a(lib_a-lock.o)
                0x000000000800dc58                __retarget_lock_acquire_recursive
 .text.__retarget_lock_release_recursive
                0x000000000800dc5a        0x2 c:/st/stm32cubeide_1.11.0/stm32cubeide/plugins/com.st.stm32cube.ide.mcu.externaltools.gnu-tools-for-stm32.10.3-2021.10.win32_1.0.100.202210260954/tools/bin/../lib/gcc/arm-none-eabi/10.3.1/../../../../arm-none-eabi/lib/thumb/v7e-m+fp/hard\libc_nano.a(lib_a-lock.o)
                0x000000000800dc5a                __retarget_lock_release_recursive
 .text.sbrk_aligned
                0x000000000800dc5c       0x40 c:/st/stm32cubeide_1.11.0/stm32cubeide/plugins/com.st.stm32cube.ide.mcu.externaltools.gnu-tools-for-stm32.10.3-2021.10.win32_1.0.100.202210260954/tools/bin/../lib/gcc/arm-none-eabi/10.3.1/../../../../arm-none-eabi/lib/thumb/v7e-m+fp/hard\libc_nano.a(lib_a-nano-mallocr.o)
 .text._malloc_r
                0x000000000800dc9c       0xe8 c:/st/stm32cubeide_1.11.0/stm32cubeide/plugins/com.st.stm32cube.ide.mcu.externaltools.gnu-tools-for-stm32.10.3-2021.10.win32_1.0.100.202210260954/tools/bin/../lib/gcc/arm-none-eabi/10.3.1/../../../../arm-none-eabi/lib/thumb/v7e-m+fp/hard\libc_nano.a(lib_a-nano-mallocr.o)
                0x000000000800dc9c                _malloc_r
 .text.__ssputs_r
                0x000000000800dd84       0xb6 c:/st/stm32cubeide_1.11.0/stm32cubeide/plugins/com.st.stm32cube.ide.mcu.externaltools.gnu-tools-for-stm32.10.3-2021.10.win32_1.0.100.202210260954/tools/bin/../lib/gcc/arm-none-eabi/10.3.1/../../../../arm-none-eabi/lib/thumb/v7e-m+fp/hard\libc_nano.a(lib_a-nano-svfprintf.o)
                0x000000000800dd84                __ssputs_r
 *fill*         0x000000000800de3a        0x2 
 .text._svfprintf_r
                0x000000000800de3c      0x200 c:/st/stm32cubeide_1.11.0/stm32cubeide/plugins/com.st.stm32cube.ide.mcu.externaltools.gnu-tools-for-stm32.10.3-2021.10.win32_1.0.100.202210260954/tools/bin/../lib/gcc/arm-none-eabi/10.3.1/../../../../arm-none-eabi/lib/thumb/v7e-m+fp/hard\libc_nano.a(lib_a-nano-svfprintf.o)
                0x000000000800de3c                _svfiprintf_r
                0x000000000800de3c                _svfprintf_r
 .text.__sfputc_r
                0x000000000800e03c       0x2e c:/st/stm32cubeide_1.11.0/stm32cubeide/plugins/com.st.stm32cube.ide.mcu.externaltools.gnu-tools-for-stm32.10.3-2021.10.win32_1.0.100.202210260954/tools/bin/../lib/gcc/arm-none-eabi/10.3.1/../../../../arm-none-eabi/lib/thumb/v7e-m+fp/hard\libc_nano.a(lib_a-nano-vfprintf.o)
 .text.__sfputs_r
                0x000000000800e06a       0x24 c:/st/stm32cubeide_1.11.0/stm32cubeide/plugins/com.st.stm32cube.ide.mcu.externaltools.gnu-tools-for-stm32.10.3-2021.10.win32_1.0.100.202210260954/tools/bin/../lib/gcc/arm-none-eabi/10.3.1/../../../../arm-none-eabi/lib/thumb/v7e-m+fp/hard\libc_nano.a(lib_a-nano-vfprintf.o)
                0x000000000800e06a                __sfputs_r
 *fill*         0x000000000800e08e        0x2 
 .text._vfprintf_r
                0x000000000800e090      0x260 c:/st/stm32cubeide_1.11.0/stm32cubeide/plugins/com.st.stm32cube.ide.mcu.externaltools.gnu-tools-for-stm32.10.3-2021.10.win32_1.0.100.202210260954/tools/bin/../lib/gcc/arm-none-eabi/10.3.1/../../../../arm-none-eabi/lib/thumb/v7e-m+fp/hard\libc_nano.a(lib_a-nano-vfprintf.o)
                0x000000000800e090                _vfprintf_r
                0x000000000800e090                _vfiprintf_r
 .text._printf_common
                0x000000000800e2f0       0xda c:/st/stm32cubeide_1.11.0/stm32cubeide/plugins/com.st.stm32cube.ide.mcu.externaltools.gnu-tools-for-stm32.10.3-2021.10.win32_1.0.100.202210260954/tools/bin/../lib/gcc/arm-none-eabi/10.3.1/../../../../arm-none-eabi/lib/thumb/v7e-m+fp/hard\libc_nano.a(lib_a-nano-vfprintf_i.o)
                0x000000000800e2f0                _printf_common
 *fill*         0x000000000800e3ca        0x2 
 .text._printf_i
                0x000000000800e3cc      0x24c c:/st/stm32cubeide_1.11.0/stm32cubeide/plugins/com.st.stm32cube.ide.mcu.externaltools.gnu-tools-for-stm32.10.3-2021.10.win32_1.0.100.202210260954/tools/bin/../lib/gcc/arm-none-eabi/10.3.1/../../../../arm-none-eabi/lib/thumb/v7e-m+fp/hard\libc_nano.a(lib_a-nano-vfprintf_i.o)
                0x000000000800e3cc                _printf_i
 .text._sbrk_r  0x000000000800e618       0x20 c:/st/stm32cubeide_1.11.0/stm32cubeide/plugins/com.st.stm32cube.ide.mcu.externaltools.gnu-tools-for-stm32.10.3-2021.10.win32_1.0.100.202210260954/tools/bin/../lib/gcc/arm-none-eabi/10.3.1/../../../../arm-none-eabi/lib/thumb/v7e-m+fp/hard\libc_nano.a(lib_a-sbrkr.o)
                0x000000000800e618                _sbrk_r
 .text.__sread  0x000000000800e638       0x22 c:/st/stm32cubeide_1.11.0/stm32cubeide/plugins/com.st.stm32cube.ide.mcu.externaltools.gnu-tools-for-stm32.10.3-2021.10.win32_1.0.100.202210260954/tools/bin/../lib/gcc/arm-none-eabi/10.3.1/../../../../arm-none-eabi/lib/thumb/v7e-m+fp/hard\libc_nano.a(lib_a-stdio.o)
                0x000000000800e638                __sread
 .text.__swrite
                0x000000000800e65a       0x38 c:/st/stm32cubeide_1.11.0/stm32cubeide/plugins/com.st.stm32cube.ide.mcu.externaltools.gnu-tools-for-stm32.10.3-2021.10.win32_1.0.100.202210260954/tools/bin/../lib/gcc/arm-none-eabi/10.3.1/../../../../arm-none-eabi/lib/thumb/v7e-m+fp/hard\libc_nano.a(lib_a-stdio.o)
                0x000000000800e65a                __swrite
 .text.__sseek  0x000000000800e692       0x24 c:/st/stm32cubeide_1.11.0/stm32cubeide/plugins/com.st.stm32cube.ide.mcu.externaltools.gnu-tools-for-stm32.10.3-2021.10.win32_1.0.100.202210260954/tools/bin/../lib/gcc/arm-none-eabi/10.3.1/../../../../arm-none-eabi/lib/thumb/v7e-m+fp/hard\libc_nano.a(lib_a-stdio.o)
                0x000000000800e692                __sseek
 .text.__sclose
                0x000000000800e6b6        0x8 c:/st/stm32cubeide_1.11.0/stm32cubeide/plugins/com.st.stm32cube.ide.mcu.externaltools.gnu-tools-for-stm32.10.3-2021.10.win32_1.0.100.202210260954/tools/bin/../lib/gcc/arm-none-eabi/10.3.1/../../../../arm-none-eabi/lib/thumb/v7e-m+fp/hard\libc_nano.a(lib_a-stdio.o)
                0x000000000800e6b6                __sclose
 *fill*         0x000000000800e6be        0x2 
 .text.__swbuf_r
                0x000000000800e6c0       0xa4 c:/st/stm32cubeide_1.11.0/stm32cubeide/plugins/com.st.stm32cube.ide.mcu.externaltools.gnu-tools-for-stm32.10.3-2021.10.win32_1.0.100.202210260954/tools/bin/../lib/gcc/arm-none-eabi/10.3.1/../../../../arm-none-eabi/lib/thumb/v7e-m+fp/hard\libc_nano.a(lib_a-wbuf.o)
                0x000000000800e6c0                __swbuf_r
 .text._write_r
                0x000000000800e764       0x24 c:/st/stm32cubeide_1.11.0/stm32cubeide/plugins/com.st.stm32cube.ide.mcu.externaltools.gnu-tools-for-stm32.10.3-2021.10.win32_1.0.100.202210260954/tools/bin/../lib/gcc/arm-none-eabi/10.3.1/../../../../arm-none-eabi/lib/thumb/v7e-m+fp/hard\libc_nano.a(lib_a-writer.o)
                0x000000000800e764                _write_r
 .text.__swsetup_r
                0x000000000800e788       0xdc c:/st/stm32cubeide_1.11.0/stm32cubeide/plugins/com.st.stm32cube.ide.mcu.externaltools.gnu-tools-for-stm32.10.3-2021.10.win32_1.0.100.202210260954/tools/bin/../lib/gcc/arm-none-eabi/10.3.1/../../../../arm-none-eabi/lib/thumb/v7e-m+fp/hard\libc_nano.a(lib_a-wsetup.o)
                0x000000000800e788                __swsetup_r
 .text._close_r
                0x000000000800e864       0x20 c:/st/stm32cubeide_1.11.0/stm32cubeide/plugins/com.st.stm32cube.ide.mcu.externaltools.gnu-tools-for-stm32.10.3-2021.10.win32_1.0.100.202210260954/tools/bin/../lib/gcc/arm-none-eabi/10.3.1/../../../../arm-none-eabi/lib/thumb/v7e-m+fp/hard\libc_nano.a(lib_a-closer.o)
                0x000000000800e864                _close_r
 .text.__sflush_r
                0x000000000800e884      0x10c c:/st/stm32cubeide_1.11.0/stm32cubeide/plugins/com.st.stm32cube.ide.mcu.externaltools.gnu-tools-for-stm32.10.3-2021.10.win32_1.0.100.202210260954/tools/bin/../lib/gcc/arm-none-eabi/10.3.1/../../../../arm-none-eabi/lib/thumb/v7e-m+fp/hard\libc_nano.a(lib_a-fflush.o)
                0x000000000800e884                __sflush_r
 .text._fflush_r