C:/Users/Nolas/OneDrive/Desktop/UNLV/spring 2023/CPE 477/notgithub/Assignment 4/A/AS4A_IKS01A3_DataTerminal/Drivers/BSP/IKS01A3/iks01a3_motion_sensors_ex.c:60:9:IKS01A3_MOTION_SENSOR_Get_DRDY_Status	32	static
C:/Users/Nolas/OneDrive/Desktop/UNLV/spring 2023/CPE 477/notgithub/Assignment 4/A/AS4A_IKS01A3_DataTerminal/Drivers/BSP/IKS01A3/iks01a3_motion_sensors_ex.c:795:9:IKS01A3_MOTION_SENSOR_Read_Register	32	static
C:/Users/Nolas/OneDrive/Desktop/UNLV/spring 2023/CPE 477/notgithub/Assignment 4/A/AS4A_IKS01A3_DataTerminal/Drivers/BSP/IKS01A3/iks01a3_motion_sensors_ex.c:1182:9:IKS01A3_MOTION_SENSOR_Write_Register	24	static
C:/Users/Nolas/OneDrive/Desktop/UNLV/spring 2023/CPE 477/notgithub/Assignment 4/A/AS4A_IKS01A3_DataTerminal/Drivers/BSP/IKS01A3/iks01a3_motion_sensors_ex.c:1566:9:IKS01A3_MOTION_SENSOR_Get_Event_Status	24	static
C:/Users/Nolas/OneDrive/Desktop/UNLV/spring 2023/CPE 477/notgithub/Assignment 4/A/AS4A_IKS01A3_DataTerminal/Drivers/BSP/IKS01A3/iks01a3_motion_sensors_ex.c:1629:9:IKS01A3_MOTION_SENSOR_Enable_Free_Fall_Detection	24	static
C:/Users/Nolas/OneDrive/Desktop/UNLV/spring 2023/CPE 477/notgithub/Assignment 4/A/AS4A_IKS01A3_DataTerminal/Drivers/BSP/IKS01A3/iks01a3_motion_sensors_ex.c:1661:9:IKS01A3_MOTION_SENSOR_Disable_Free_Fall_Detection	24	static
C:/Users/Nolas/OneDrive/Desktop/UNLV/spring 2023/CPE 477/notgithub/Assignment 4/A/AS4A_IKS01A3_DataTerminal/Drivers/BSP/IKS01A3/iks01a3_motion_sensors_ex.c:1694:9:IKS01A3_MOTION_SENSOR_Set_Free_Fall_Threshold	24	static
C:/Users/Nolas/OneDrive/Desktop/UNLV/spring 2023/CPE 477/notgithub/Assignment 4/A/AS4A_IKS01A3_DataTerminal/Drivers/BSP/IKS01A3/iks01a3_motion_sensors_ex.c:1727:9:IKS01A3_MOTION_SENSOR_Set_Free_Fall_Duration	24	static
C:/Users/Nolas/OneDrive/Desktop/UNLV/spring 2023/CPE 477/notgithub/Assignment 4/A/AS4A_IKS01A3_DataTerminal/Drivers/BSP/IKS01A3/iks01a3_motion_sensors_ex.c:1760:9:IKS01A3_MOTION_SENSOR_Enable_Pedometer	24	static
C:/Users/Nolas/OneDrive/Desktop/UNLV/spring 2023/CPE 477/notgithub/Assignment 4/A/AS4A_IKS01A3_DataTerminal/Drivers/BSP/IKS01A3/iks01a3_motion_sensors_ex.c:1792:9:IKS01A3_MOTION_SENSOR_Disable_Pedometer	24	static
C:/Users/Nolas/OneDrive/Desktop/UNLV/spring 2023/CPE 477/notgithub/Assignment 4/A/AS4A_IKS01A3_DataTerminal/Drivers/BSP/IKS01A3/iks01a3_motion_sensors_ex.c:1825:9:IKS01A3_MOTION_SENSOR_Reset_Step_Counter	24	static
C:/Users/Nolas/OneDrive/Desktop/UNLV/spring 2023/CPE 477/notgithub/Assignment 4/A/AS4A_IKS01A3_DataTerminal/Drivers/BSP/IKS01A3/iks01a3_motion_sensors_ex.c:1858:9:IKS01A3_MOTION_SENSOR_Get_Step_Count	24	static
C:/Users/Nolas/OneDrive/Desktop/UNLV/spring 2023/CPE 477/notgithub/Assignment 4/A/AS4A_IKS01A3_DataTerminal/Drivers/BSP/IKS01A3/iks01a3_motion_sensors_ex.c:1892:9:IKS01A3_MOTION_SENSOR_Enable_Tilt_Detection	24	static
C:/Users/Nolas/OneDrive/Desktop/UNLV/spring 2023/CPE 477/notgithub/Assignment 4/A/AS4A_IKS01A3_DataTerminal/Drivers/BSP/IKS01A3/iks01a3_motion_sensors_ex.c:1924:9:IKS01A3_MOTION_SENSOR_Disable_Tilt_Detection	24	static
C:/Users/Nolas/OneDrive/Desktop/UNLV/spring 2023/CPE 477/notgithub/Assignment 4/A/AS4A_IKS01A3_DataTerminal/Drivers/BSP/IKS01A3/iks01a3_motion_sensors_ex.c:1958:9:IKS01A3_MOTION_SENSOR_Enable_Wake_Up_Detection	24	static
C:/Users/Nolas/OneDrive/Desktop/UNLV/spring 2023/CPE 477/notgithub/Assignment 4/A/AS4A_IKS01A3_DataTerminal/Drivers/BSP/IKS01A3/iks01a3_motion_sensors_ex.c:2018:9:IKS01A3_MOTION_SENSOR_Disable_Wake_Up_Detection	24	static
C:/Users/Nolas/OneDrive/Desktop/UNLV/spring 2023/CPE 477/notgithub/Assignment 4/A/AS4A_IKS01A3_DataTerminal/Drivers/BSP/IKS01A3/iks01a3_motion_sensors_ex.c:2077:9:IKS01A3_MOTION_SENSOR_Set_Wake_Up_Threshold	24	static
C:/Users/Nolas/OneDrive/Desktop/UNLV/spring 2023/CPE 477/notgithub/Assignment 4/A/AS4A_IKS01A3_DataTerminal/Drivers/BSP/IKS01A3/iks01a3_motion_sensors_ex.c:2136:9:IKS01A3_MOTION_SENSOR_Set_Wake_Up_Duration	24	static
C:/Users/Nolas/OneDrive/Desktop/UNLV/spring 2023/CPE 477/notgithub/Assignment 4/A/AS4A_IKS01A3_DataTerminal/Drivers/BSP/IKS01A3/iks01a3_motion_sensors_ex.c:2195:9:IKS01A3_MOTION_SENSOR_Enable_Inactivity_Detection	24	static
C:/Users/Nolas/OneDrive/Desktop/UNLV/spring 2023/CPE 477/notgithub/Assignment 4/A/AS4A_IKS01A3_DataTerminal/Drivers/BSP/IKS01A3/iks01a3_motion_sensors_ex.c:2242:9:IKS01A3_MOTION_SENSOR_Disable_Inactivity_Detection	24	static
C:/Users/Nolas/OneDrive/Desktop/UNLV/spring 2023/CPE 477/notgithub/Assignment 4/A/AS4A_IKS01A3_DataTerminal/Drivers/BSP/IKS01A3/iks01a3_motion_sensors_ex.c:2288:9:IKS01A3_MOTION_SENSOR_Set_Sleep_Duration	24	static
C:/Users/Nolas/OneDrive/Desktop/UNLV/spring 2023/CPE 477/notgithub/Assignment 4/A/AS4A_IKS01A3_DataTerminal/Drivers/BSP/IKS01A3/iks01a3_motion_sensors_ex.c:2335:9:IKS01A3_MOTION_SENSOR_Enable_Single_Tap_Detection	24	static
C:/Users/Nolas/OneDrive/Desktop/UNLV/spring 2023/CPE 477/notgithub/Assignment 4/A/AS4A_IKS01A3_DataTerminal/Drivers/BSP/IKS01A3/iks01a3_motion_sensors_ex.c:2367:9:IKS01A3_MOTION_SENSOR_Disable_Single_Tap_Detection	24	static
C:/Users/Nolas/OneDrive/Desktop/UNLV/spring 2023/CPE 477/notgithub/Assignment 4/A/AS4A_IKS01A3_DataTerminal/Drivers/BSP/IKS01A3/iks01a3_motion_sensors_ex.c:2401:9:IKS01A3_MOTION_SENSOR_Enable_Double_Tap_Detection	24	static
C:/Users/Nolas/OneDrive/Desktop/UNLV/spring 2023/CPE 477/notgithub/Assignment 4/A/AS4A_IKS01A3_DataTerminal/Drivers/BSP/IKS01A3/iks01a3_motion_sensors_ex.c:2433:9:IKS01A3_MOTION_SENSOR_Disable_Double_Tap_Detection	24	static
C:/Users/Nolas/OneDrive/Desktop/UNLV/spring 2023/CPE 477/notgithub/Assignment 4/A/AS4A_IKS01A3_DataTerminal/Drivers/BSP/IKS01A3/iks01a3_motion_sensors_ex.c:2466:9:IKS01A3_MOTION_SENSOR_Set_Tap_Threshold	24	static
C:/Users/Nolas/OneDrive/Desktop/UNLV/spring 2023/CPE 477/notgithub/Assignment 4/A/AS4A_IKS01A3_DataTerminal/Drivers/BSP/IKS01A3/iks01a3_motion_sensors_ex.c:2499:9:IKS01A3_MOTION_SENSOR_Set_Tap_Shock_Time	24	static
C:/Users/Nolas/OneDrive/Desktop/UNLV/spring 2023/CPE 477/notgithub/Assignment 4/A/AS4A_IKS01A3_DataTerminal/Drivers/BSP/IKS01A3/iks01a3_motion_sensors_ex.c:2532:9:IKS01A3_MOTION_SENSOR_Set_Tap_Quiet_Time	24	static
C:/Users/Nolas/OneDrive/Desktop/UNLV/spring 2023/CPE 477/notgithub/Assignment 4/A/AS4A_IKS01A3_DataTerminal/Drivers/BSP/IKS01A3/iks01a3_motion_sensors_ex.c:2565:9:IKS01A3_MOTION_SENSOR_Set_Tap_Duration_Time	24	static
C:/Users/Nolas/OneDrive/Desktop/UNLV/spring 2023/CPE 477/notgithub/Assignment 4/A/AS4A_IKS01A3_DataTerminal/Drivers/BSP/IKS01A3/iks01a3_motion_sensors_ex.c:2599:9:IKS01A3_MOTION_SENSOR_Enable_6D_Orientation	24	static
C:/Users/Nolas/OneDrive/Desktop/UNLV/spring 2023/CPE 477/notgithub/Assignment 4/A/AS4A_IKS01A3_DataTerminal/Drivers/BSP/IKS01A3/iks01a3_motion_sensors_ex.c:2659:9:IKS01A3_MOTION_SENSOR_Disable_6D_Orientation	24	static
C:/Users/Nolas/OneDrive/Desktop/UNLV/spring 2023/CPE 477/notgithub/Assignment 4/A/AS4A_IKS01A3_DataTerminal/Drivers/BSP/IKS01A3/iks01a3_motion_sensors_ex.c:2718:9:IKS01A3_MOTION_SENSOR_Set_6D_Orientation_Threshold	24	static
C:/Users/Nolas/OneDrive/Desktop/UNLV/spring 2023/CPE 477/notgithub/Assignment 4/A/AS4A_IKS01A3_DataTerminal/Drivers/BSP/IKS01A3/iks01a3_motion_sensors_ex.c:2777:9:IKS01A3_MOTION_SENSOR_Get_6D_Orientation_XL	24	static
C:/Users/Nolas/OneDrive/Desktop/UNLV/spring 2023/CPE 477/notgithub/Assignment 4/A/AS4A_IKS01A3_DataTerminal/Drivers/BSP/IKS01A3/iks01a3_motion_sensors_ex.c:2836:9:IKS01A3_MOTION_SENSOR_Get_6D_Orientation_XH	24	static
C:/Users/Nolas/OneDrive/Desktop/UNLV/spring 2023/CPE 477/notgithub/Assignment 4/A/AS4A_IKS01A3_DataTerminal/Drivers/BSP/IKS01A3/iks01a3_motion_sensors_ex.c:2895:9:IKS01A3_MOTION_SENSOR_Get_6D_Orientation_YL	24	static
C:/Users/Nolas/OneDrive/Desktop/UNLV/spring 2023/CPE 477/notgithub/Assignment 4/A/AS4A_IKS01A3_DataTerminal/Drivers/BSP/IKS01A3/iks01a3_motion_sensors_ex.c:2954:9:IKS01A3_MOTION_SENSOR_Get_6D_Orientation_YH	24	static
C:/Users/Nolas/OneDrive/Desktop/UNLV/spring 2023/CPE 477/notgithub/Assignment 4/A/AS4A_IKS01A3_DataTerminal/Drivers/BSP/IKS01A3/iks01a3_motion_sensors_ex.c:3013:9:IKS01A3_MOTION_SENSOR_Get_6D_Orientation_ZL	24	static
C:/Users/Nolas/OneDrive/Desktop/UNLV/spring 2023/CPE 477/notgithub/Assignment 4/A/AS4A_IKS01A3_DataTerminal/Drivers/BSP/IKS01A3/iks01a3_motion_sensors_ex.c:3072:9:IKS01A3_MOTION_SENSOR_Get_6D_Orientation_ZH	24	static
C:/Users/Nolas/OneDrive/Desktop/UNLV/spring 2023/CPE 477/notgithub/Assignment 4/A/AS4A_IKS01A3_DataTerminal/Drivers/BSP/IKS01A3/iks01a3_motion_sensors_ex.c:3131:9:IKS01A3_MOTION_SENSOR_FIFO_Get_Num_Samples	24	static
C:/Users/Nolas/OneDrive/Desktop/UNLV/spring 2023/CPE 477/notgithub/Assignment 4/A/AS4A_IKS01A3_DataTerminal/Drivers/BSP/IKS01A3/iks01a3_motion_sensors_ex.c:3190:9:IKS01A3_MOTION_SENSOR_FIFO_Get_Full_Status	24	static
C:/Users/Nolas/OneDrive/Desktop/UNLV/spring 2023/CPE 477/notgithub/Assignment 4/A/AS4A_IKS01A3_DataTerminal/Drivers/BSP/IKS01A3/iks01a3_motion_sensors_ex.c:3225:9:IKS01A3_MOTION_SENSOR_FIFO_Set_BDR	32	static
C:/Users/Nolas/OneDrive/Desktop/UNLV/spring 2023/CPE 477/notgithub/Assignment 4/A/AS4A_IKS01A3_DataTerminal/Drivers/BSP/IKS01A3/iks01a3_motion_sensors_ex.c:3276:9:IKS01A3_MOTION_SENSOR_FIFO_Set_INT1_FIFO_Full	24	static
C:/Users/Nolas/OneDrive/Desktop/UNLV/spring 2023/CPE 477/notgithub/Assignment 4/A/AS4A_IKS01A3_DataTerminal/Drivers/BSP/IKS01A3/iks01a3_motion_sensors_ex.c:3309:9:IKS01A3_MOTION_SENSOR_FIFO_Set_Watermark_Level	24	static
C:/Users/Nolas/OneDrive/Desktop/UNLV/spring 2023/CPE 477/notgithub/Assignment 4/A/AS4A_IKS01A3_DataTerminal/Drivers/BSP/IKS01A3/iks01a3_motion_sensors_ex.c:3342:9:IKS01A3_MOTION_SENSOR_FIFO_Set_Stop_On_Fth	24	static
C:/Users/Nolas/OneDrive/Desktop/UNLV/spring 2023/CPE 477/notgithub/Assignment 4/A/AS4A_IKS01A3_DataTerminal/Drivers/BSP/IKS01A3/iks01a3_motion_sensors_ex.c:3375:9:IKS01A3_MOTION_SENSOR_FIFO_Set_Mode	24	static
C:/Users/Nolas/OneDrive/Desktop/UNLV/spring 2023/CPE 477/notgithub/Assignment 4/A/AS4A_IKS01A3_DataTerminal/Drivers/BSP/IKS01A3/iks01a3_motion_sensors_ex.c:3434:9:IKS01A3_MOTION_SENSOR_FIFO_Get_Tag	24	static
C:/Users/Nolas/OneDrive/Desktop/UNLV/spring 2023/CPE 477/notgithub/Assignment 4/A/AS4A_IKS01A3_DataTerminal/Drivers/BSP/IKS01A3/iks01a3_motion_sensors_ex.c:3469:9:IKS01A3_MOTION_SENSOR_FIFO_Get_Axes	32	static
C:/Users/Nolas/OneDrive/Desktop/UNLV/spring 2023/CPE 477/notgithub/Assignment 4/A/AS4A_IKS01A3_DataTerminal/Drivers/BSP/IKS01A3/iks01a3_motion_sensors_ex.c:3528:9:IKS01A3_MOTION_SENSOR_Set_SelfTest	32	static
C:/Users/Nolas/OneDrive/Desktop/UNLV/spring 2023/CPE 477/notgithub/Assignment 4/A/AS4A_IKS01A3_DataTerminal/Drivers/BSP/IKS01A3/iks01a3_motion_sensors_ex.c:3639:9:IKS01A3_MOTION_SENSOR_DRDY_Set_Mode	24	static
C:/Users/Nolas/OneDrive/Desktop/UNLV/spring 2023/CPE 477/notgithub/Assignment 4/A/AS4A_IKS01A3_DataTerminal/Drivers/BSP/IKS01A3/iks01a3_motion_sensors_ex.c:3674:9:IKS01A3_MOTION_SENSOR_DRDY_Enable_Interrupt	32	static
C:/Users/Nolas/OneDrive/Desktop/UNLV/spring 2023/CPE 477/notgithub/Assignment 4/A/AS4A_IKS01A3_DataTerminal/Drivers/BSP/IKS01A3/iks01a3_motion_sensors_ex.c:3742:9:IKS01A3_MOTION_SENSOR_DRDY_Disable_Interrupt	32	static
