16:04:03 **** Build of configuration Debug for project SensorDemo_BLESensor-App ****
make -j8 all 
arm-none-eabi-gcc "C:/Users/Nolas/OneDrive/Desktop/UNLV/spring 2023/CPE 477/notgithub/Assignment 4/B/SensorDemo_BLESensor-App/Middlewares/ST/BlueNRG-2/utils/ble_list.c" -mcpu=cortex-m4 -std=gnu11 -g3 -DDEBUG -DUSE_HAL_DRIVER -DSTM32L476xx -c -I../../Inc -I../../Drivers/STM32L4xx_HAL_Driver/Inc -I../../Drivers/STM32L4xx_HAL_Driver/Inc/Legacy -I../../Drivers/CMSIS/Device/ST/STM32L4xx/Include -I../../Drivers/CMSIS/Include -I../../Middlewares/ST/BlueNRG-2/hci/hci_tl_patterns/Basic -I../../Middlewares/ST/BlueNRG-2/utils -I../../Middlewares/ST/BlueNRG-2/includes -O0 -ffunction-sections -fdata-sections -Wall -fstack-usage -MMD -MP -MF"Middlewares/BlueNRG-2/Wireless/BlueNRG-2/Utils/ble_list.d" -MT"Middlewares/BlueNRG-2/Wireless/BlueNRG-2/Utils/ble_list.o" --specs=nano.specs -mfpu=fpv4-sp-d16 -mfloat-abi=hard -mthumb -o "Middlewares/BlueNRG-2/Wireless/BlueNRG-2/Utils/ble_list.o"
arm-none-eabi-gcc "C:/Users/Nolas/OneDrive/Desktop/UNLV/spring 2023/CPE 477/notgithub/Assignment 4/B/SensorDemo_BLESensor-App/Middlewares/ST/BlueNRG-2/hci/bluenrg1_devConfig.c" -mcpu=cortex-m4 -std=gnu11 -g3 -DDEBUG -DUSE_HAL_DRIVER -DSTM32L476xx -c -I../../Inc -I../../Drivers/STM32L4xx_HAL_Driver/Inc -I../../Drivers/STM32L4xx_HAL_Driver/Inc/Legacy -I../../Drivers/CMSIS/Device/ST/STM32L4xx/Include -I../../Drivers/CMSIS/Include -I../../Middlewares/ST/BlueNRG-2/hci/hci_tl_patterns/Basic -I../../Middlewares/ST/BlueNRG-2/utils -I../../Middlewares/ST/BlueNRG-2/includes -O0 -ffunction-sections -fdata-sections -Wall -fstack-usage -MMD -MP -MF"Middlewares/BlueNRG-2/Wireless/BlueNRG-2/HCI_TL/Basic/bluenrg1_devConfig.d" -MT"Middlewares/BlueNRG-2/Wireless/BlueNRG-2/HCI_TL/Basic/bluenrg1_devConfig.o" --specs=nano.specs -mfpu=fpv4-sp-d16 -mfloat-abi=hard -mthumb -o "Middlewares/BlueNRG-2/Wireless/BlueNRG-2/HCI_TL/Basic/bluenrg1_devConfig.o"
arm-none-eabi-gcc "C:/Users/Nolas/OneDrive/Desktop/UNLV/spring 2023/CPE 477/notgithub/Assignment 4/B/SensorDemo_BLESensor-App/Middlewares/ST/BlueNRG-2/hci/bluenrg1_events.c" -mcpu=cortex-m4 -std=gnu11 -g3 -DDEBUG -DUSE_HAL_DRIVER -DSTM32L476xx -c -I../../Inc -I../../Drivers/STM32L4xx_HAL_Driver/Inc -I../../Drivers/STM32L4xx_HAL_Driver/Inc/Legacy -I../../Drivers/CMSIS/Device/ST/STM32L4xx/Include -I../../Drivers/CMSIS/Include -I../../Middlewares/ST/BlueNRG-2/hci/hci_tl_patterns/Basic -I../../Middlewares/ST/BlueNRG-2/utils -I../../Middlewares/ST/BlueNRG-2/includes -O0 -ffunction-sections -fdata-sections -Wall -fstack-usage -MMD -MP -MF"Middlewares/BlueNRG-2/Wireless/BlueNRG-2/HCI_TL/Basic/bluenrg1_events.d" -MT"Middlewares/BlueNRG-2/Wireless/BlueNRG-2/HCI_TL/Basic/bluenrg1_events.o" --specs=nano.specs -mfpu=fpv4-sp-d16 -mfloat-abi=hard -mthumb -o "Middlewares/BlueNRG-2/Wireless/BlueNRG-2/HCI_TL/Basic/bluenrg1_events.o"
arm-none-eabi-gcc "C:/Users/Nolas/OneDrive/Desktop/UNLV/spring 2023/CPE 477/notgithub/Assignment 4/B/SensorDemo_BLESensor-App/Middlewares/ST/BlueNRG-2/hci/bluenrg1_events_cb.c" -mcpu=cortex-m4 -std=gnu11 -g3 -DDEBUG -DUSE_HAL_DRIVER -DSTM32L476xx -c -I../../Inc -I../../Drivers/STM32L4xx_HAL_Driver/Inc -I../../Drivers/STM32L4xx_HAL_Driver/Inc/Legacy -I../../Drivers/CMSIS/Device/ST/STM32L4xx/Include -I../../Drivers/CMSIS/Include -I../../Middlewares/ST/BlueNRG-2/hci/hci_tl_patterns/Basic -I../../Middlewares/ST/BlueNRG-2/utils -I../../Middlewares/ST/BlueNRG-2/includes -O0 -ffunction-sections -fdata-sections -Wall -fstack-usage -MMD -MP -MF"Middlewares/BlueNRG-2/Wireless/BlueNRG-2/HCI_TL/Basic/bluenrg1_events_cb.d" -MT"Middlewares/BlueNRG-2/Wireless/BlueNRG-2/HCI_TL/Basic/bluenrg1_events_cb.o" --specs=nano.specs -mfpu=fpv4-sp-d16 -mfloat-abi=hard -mthumb -o "Middlewares/BlueNRG-2/Wireless/BlueNRG-2/HCI_TL/Basic/bluenrg1_events_cb.o"
arm-none-eabi-gcc "C:/Users/Nolas/OneDrive/Desktop/UNLV/spring 2023/CPE 477/notgithub/Assignment 4/B/SensorDemo_BLESensor-App/Middlewares/ST/BlueNRG-2/hci/bluenrg1_hci_le.c" -mcpu=cortex-m4 -std=gnu11 -g3 -DDEBUG -DUSE_HAL_DRIVER -DSTM32L476xx -c -I../../Inc -I../../Drivers/STM32L4xx_HAL_Driver/Inc -I../../Drivers/STM32L4xx_HAL_Driver/Inc/Legacy -I../../Drivers/CMSIS/Device/ST/STM32L4xx/Include -I../../Drivers/CMSIS/Include -I../../Middlewares/ST/BlueNRG-2/hci/hci_tl_patterns/Basic -I../../Middlewares/ST/BlueNRG-2/utils -I../../Middlewares/ST/BlueNRG-2/includes -O0 -ffunction-sections -fdata-sections -Wall -fstack-usage -MMD -MP -MF"Middlewares/BlueNRG-2/Wireless/BlueNRG-2/HCI_TL/Basic/bluenrg1_hci_le.d" -MT"Middlewares/BlueNRG-2/Wireless/BlueNRG-2/HCI_TL/Basic/bluenrg1_hci_le.o" --specs=nano.specs -mfpu=fpv4-sp-d16 -mfloat-abi=hard -mthumb -o "Middlewares/BlueNRG-2/Wireless/BlueNRG-2/HCI_TL/Basic/bluenrg1_hci_le.o"
arm-none-eabi-gcc "C:/Users/Nolas/OneDrive/Desktop/UNLV/spring 2023/CPE 477/notgithub/Assignment 4/B/SensorDemo_BLESensor-App/Middlewares/ST/BlueNRG-2/hci/hci_tl_patterns/Basic/hci_tl.c" -mcpu=cortex-m4 -std=gnu11 -g3 -DDEBUG -DUSE_HAL_DRIVER -DSTM32L476xx -c -I../../Inc -I../../Drivers/STM32L4xx_HAL_Driver/Inc -I../../Drivers/STM32L4xx_HAL_Driver/Inc/Legacy -I../../Drivers/CMSIS/Device/ST/STM32L4xx/Include -I../../Drivers/CMSIS/Include -I../../Middlewares/ST/BlueNRG-2/hci/hci_tl_patterns/Basic -I../../Middlewares/ST/BlueNRG-2/utils -I../../Middlewares/ST/BlueNRG-2/includes -O0 -ffunction-sections -fdata-sections -Wall -fstack-usage -MMD -MP -MF"Middlewares/BlueNRG-2/Wireless/BlueNRG-2/HCI_TL/Basic/hci_tl.d" -MT"Middlewares/BlueNRG-2/Wireless/BlueNRG-2/HCI_TL/Basic/hci_tl.o" --specs=nano.specs -mfpu=fpv4-sp-d16 -mfloat-abi=hard -mthumb -o "Middlewares/BlueNRG-2/Wireless/BlueNRG-2/HCI_TL/Basic/hci_tl.o"
arm-none-eabi-gcc "C:/Users/Nolas/OneDrive/Desktop/UNLV/spring 2023/CPE 477/notgithub/Assignment 4/B/SensorDemo_BLESensor-App/Middlewares/ST/BlueNRG-2/hci/controller/bluenrg1_gap_aci.c" -mcpu=cortex-m4 -std=gnu11 -g3 -DDEBUG -DUSE_HAL_DRIVER -DSTM32L476xx -c -I../../Inc -I../../Drivers/STM32L4xx_HAL_Driver/Inc -I../../Drivers/STM32L4xx_HAL_Driver/Inc/Legacy -I../../Drivers/CMSIS/Device/ST/STM32L4xx/Include -I../../Drivers/CMSIS/Include -I../../Middlewares/ST/BlueNRG-2/hci/hci_tl_patterns/Basic -I../../Middlewares/ST/BlueNRG-2/utils -I../../Middlewares/ST/BlueNRG-2/includes -O0 -ffunction-sections -fdata-sections -Wall -fstack-usage -MMD -MP -MF"Middlewares/BlueNRG-2/Wireless/BlueNRG-2/Controller/bluenrg1_gap_aci.d" -MT"Middlewares/BlueNRG-2/Wireless/BlueNRG-2/Controller/bluenrg1_gap_aci.o" --specs=nano.specs -mfpu=fpv4-sp-d16 -mfloat-abi=hard -mthumb -o "Middlewares/BlueNRG-2/Wireless/BlueNRG-2/Controller/bluenrg1_gap_aci.o"
arm-none-eabi-gcc "C:/Users/Nolas/OneDrive/Desktop/UNLV/spring 2023/CPE 477/notgithub/Assignment 4/B/SensorDemo_BLESensor-App/Middlewares/ST/BlueNRG-2/hci/controller/bluenrg1_gatt_aci.c" -mcpu=cortex-m4 -std=gnu11 -g3 -DDEBUG -DUSE_HAL_DRIVER -DSTM32L476xx -c -I../../Inc -I../../Drivers/STM32L4xx_HAL_Driver/Inc -I../../Drivers/STM32L4xx_HAL_Driver/Inc/Legacy -I../../Drivers/CMSIS/Device/ST/STM32L4xx/Include -I../../Drivers/CMSIS/Include -I../../Middlewares/ST/BlueNRG-2/hci/hci_tl_patterns/Basic -I../../Middlewares/ST/BlueNRG-2/utils -I../../Middlewares/ST/BlueNRG-2/includes -O0 -ffunction-sections -fdata-sections -Wall -fstack-usage -MMD -MP -MF"Middlewares/BlueNRG-2/Wireless/BlueNRG-2/Controller/bluenrg1_gatt_aci.d" -MT"Middlewares/BlueNRG-2/Wireless/BlueNRG-2/Controller/bluenrg1_gatt_aci.o" --specs=nano.specs -mfpu=fpv4-sp-d16 -mfloat-abi=hard -mthumb -o "Middlewares/BlueNRG-2/Wireless/BlueNRG-2/Controller/bluenrg1_gatt_aci.o"
arm-none-eabi-gcc "C:/Users/Nolas/OneDrive/Desktop/UNLV/spring 2023/CPE 477/notgithub/Assignment 4/B/SensorDemo_BLESensor-App/Middlewares/ST/BlueNRG-2/hci/controller/bluenrg1_hal_aci.c" -mcpu=cortex-m4 -std=gnu11 -g3 -DDEBUG -DUSE_HAL_DRIVER -DSTM32L476xx -c -I../../Inc -I../../Drivers/STM32L4xx_HAL_Driver/Inc -I../../Drivers/STM32L4xx_HAL_Driver/Inc/Legacy -I../../Drivers/CMSIS/Device/ST/STM32L4xx/Include -I../../Drivers/CMSIS/Include -I../../Middlewares/ST/BlueNRG-2/hci/hci_tl_patterns/Basic -I../../Middlewares/ST/BlueNRG-2/utils -I../../Middlewares/ST/BlueNRG-2/includes -O0 -ffunction-sections -fdata-sections -Wall -fstack-usage -MMD -MP -MF"Middlewares/BlueNRG-2/Wireless/BlueNRG-2/Controller/bluenrg1_hal_aci.d" -MT"Middlewares/BlueNRG-2/Wireless/BlueNRG-2/Controller/bluenrg1_hal_aci.o" --specs=nano.specs -mfpu=fpv4-sp-d16 -mfloat-abi=hard -mthumb -o "Middlewares/BlueNRG-2/Wireless/BlueNRG-2/Controller/bluenrg1_hal_aci.o"
arm-none-eabi-gcc "C:/Users/Nolas/OneDrive/Desktop/UNLV/spring 2023/CPE 477/notgithub/Assignment 4/B/SensorDemo_BLESensor-App/Middlewares/ST/BlueNRG-2/hci/controller/bluenrg1_l2cap_aci.c" -mcpu=cortex-m4 -std=gnu11 -g3 -DDEBUG -DUSE_HAL_DRIVER -DSTM32L476xx -c -I../../Inc -I../../Drivers/STM32L4xx_HAL_Driver/Inc -I../../Drivers/STM32L4xx_HAL_Driver/Inc/Legacy -I../../Drivers/CMSIS/Device/ST/STM32L4xx/Include -I../../Drivers/CMSIS/Include -I../../Middlewares/ST/BlueNRG-2/hci/hci_tl_patterns/Basic -I../../Middlewares/ST/BlueNRG-2/utils -I../../Middlewares/ST/BlueNRG-2/includes -O0 -ffunction-sections -fdata-sections -Wall -fstack-usage -MMD -MP -MF"Middlewares/BlueNRG-2/Wireless/BlueNRG-2/Controller/bluenrg1_l2cap_aci.d" -MT"Middlewares/BlueNRG-2/Wireless/BlueNRG-2/Controller/bluenrg1_l2cap_aci.o" --specs=nano.specs -mfpu=fpv4-sp-d16 -mfloat-abi=hard -mthumb -o "Middlewares/BlueNRG-2/Wireless/BlueNRG-2/Controller/bluenrg1_l2cap_aci.o"
arm-none-eabi-gcc "C:/Users/Nolas/OneDrive/Desktop/UNLV/spring 2023/CPE 477/notgithub/Assignment 4/B/SensorDemo_BLESensor-App/Drivers/STM32L4xx_HAL_Driver/Src/stm32l4xx_hal.c" -mcpu=cortex-m4 -std=gnu11 -g3 -DDEBUG -DUSE_HAL_DRIVER -DSTM32L476xx -c -I../../Inc -I../../Drivers/STM32L4xx_HAL_Driver/Inc -I../../Drivers/STM32L4xx_HAL_Driver/Inc/Legacy -I../../Drivers/CMSIS/Device/ST/STM32L4xx/Include -I../../Drivers/CMSIS/Include -I../../Middlewares/ST/BlueNRG-2/hci/hci_tl_patterns/Basic -I../../Middlewares/ST/BlueNRG-2/utils -I../../Middlewares/ST/BlueNRG-2/includes -O0 -ffunction-sections -fdata-sections -Wall -fstack-usage -MMD -MP -MF"Drivers/STM32L4xx_HAL_Driver/stm32l4xx_hal.d" -MT"Drivers/STM32L4xx_HAL_Driver/stm32l4xx_hal.o" --specs=nano.specs -mfpu=fpv4-sp-d16 -mfloat-abi=hard -mthumb -o "Drivers/STM32L4xx_HAL_Driver/stm32l4xx_hal.o"
arm-none-eabi-gcc "C:/Users/Nolas/OneDrive/Desktop/UNLV/spring 2023/CPE 477/notgithub/Assignment 4/B/SensorDemo_BLESensor-App/Drivers/STM32L4xx_HAL_Driver/Src/stm32l4xx_hal_cortex.c" -mcpu=cortex-m4 -std=gnu11 -g3 -DDEBUG -DUSE_HAL_DRIVER -DSTM32L476xx -c -I../../Inc -I../../Drivers/STM32L4xx_HAL_Driver/Inc -I../../Drivers/STM32L4xx_HAL_Driver/Inc/Legacy -I../../Drivers/CMSIS/Device/ST/STM32L4xx/Include -I../../Drivers/CMSIS/Include -I../../Middlewares/ST/BlueNRG-2/hci/hci_tl_patterns/Basic -I../../Middlewares/ST/BlueNRG-2/utils -I../../Middlewares/ST/BlueNRG-2/includes -O0 -ffunction-sections -fdata-sections -Wall -fstack-usage -MMD -MP -MF"Drivers/STM32L4xx_HAL_Driver/stm32l4xx_hal_cortex.d" -MT"Drivers/STM32L4xx_HAL_Driver/stm32l4xx_hal_cortex.o" --specs=nano.specs -mfpu=fpv4-sp-d16 -mfloat-abi=hard -mthumb -o "Drivers/STM32L4xx_HAL_Driver/stm32l4xx_hal_cortex.o"
arm-none-eabi-gcc "C:/Users/Nolas/OneDrive/Desktop/UNLV/spring 2023/CPE 477/notgithub/Assignment 4/B/SensorDemo_BLESensor-App/Drivers/STM32L4xx_HAL_Driver/Src/stm32l4xx_hal_crc.c" -mcpu=cortex-m4 -std=gnu11 -g3 -DDEBUG -DUSE_HAL_DRIVER -DSTM32L476xx -c -I../../Inc -I../../Drivers/STM32L4xx_HAL_Driver/Inc -I../../Drivers/STM32L4xx_HAL_Driver/Inc/Legacy -I../../Drivers/CMSIS/Device/ST/STM32L4xx/Include -I../../Drivers/CMSIS/Include -I../../Middlewares/ST/BlueNRG-2/hci/hci_tl_patterns/Basic -I../../Middlewares/ST/BlueNRG-2/utils -I../../Middlewares/ST/BlueNRG-2/includes -O0 -ffunction-sections -fdata-sections -Wall -fstack-usage -MMD -MP -MF"Drivers/STM32L4xx_HAL_Driver/stm32l4xx_hal_crc.d" -MT"Drivers/STM32L4xx_HAL_Driver/stm32l4xx_hal_crc.o" --specs=nano.specs -mfpu=fpv4-sp-d16 -mfloat-abi=hard -mthumb -o "Drivers/STM32L4xx_HAL_Driver/stm32l4xx_hal_crc.o"
arm-none-eabi-gcc "C:/Users/Nolas/OneDrive/Desktop/UNLV/spring 2023/CPE 477/notgithub/Assignment 4/B/SensorDemo_BLESensor-App/Drivers/STM32L4xx_HAL_Driver/Src/stm32l4xx_hal_crc_ex.c" -mcpu=cortex-m4 -std=gnu11 -g3 -DDEBUG -DUSE_HAL_DRIVER -DSTM32L476xx -c -I../../Inc -I../../Drivers/STM32L4xx_HAL_Driver/Inc -I../../Drivers/STM32L4xx_HAL_Driver/Inc/Legacy -I../../Drivers/CMSIS/Device/ST/STM32L4xx/Include -I../../Drivers/CMSIS/Include -I../../Middlewares/ST/BlueNRG-2/hci/hci_tl_patterns/Basic -I../../Middlewares/ST/BlueNRG-2/utils -I../../Middlewares/ST/BlueNRG-2/includes -O0 -ffunction-sections -fdata-sections -Wall -fstack-usage -MMD -MP -MF"Drivers/STM32L4xx_HAL_Driver/stm32l4xx_hal_crc_ex.d" -MT"Drivers/STM32L4xx_HAL_Driver/stm32l4xx_hal_crc_ex.o" --specs=nano.specs -mfpu=fpv4-sp-d16 -mfloat-abi=hard -mthumb -o "Drivers/STM32L4xx_HAL_Driver/stm32l4xx_hal_crc_ex.o"
arm-none-eabi-gcc "C:/Users/Nolas/OneDrive/Desktop/UNLV/spring 2023/CPE 477/notgithub/Assignment 4/B/SensorDemo_BLESensor-App/Drivers/STM32L4xx_HAL_Driver/Src/stm32l4xx_hal_dma.c" -mcpu=cortex-m4 -std=gnu11 -g3 -DDEBUG -DUSE_HAL_DRIVER -DSTM32L476xx -c -I../../Inc -I../../Drivers/STM32L4xx_HAL_Driver/Inc -I../../Drivers/STM32L4xx_HAL_Driver/Inc/Legacy -I../../Drivers/CMSIS/Device/ST/STM32L4xx/Include -I../../Drivers/CMSIS/Include -I../../Middlewares/ST/BlueNRG-2/hci/hci_tl_patterns/Basic -I../../Middlewares/ST/BlueNRG-2/utils -I../../Middlewares/ST/BlueNRG-2/includes -O0 -ffunction-sections -fdata-sections -Wall -fstack-usage -MMD -MP -MF"Drivers/STM32L4xx_HAL_Driver/stm32l4xx_hal_dma.d" -MT"Drivers/STM32L4xx_HAL_Driver/stm32l4xx_hal_dma.o" --specs=nano.specs -mfpu=fpv4-sp-d16 -mfloat-abi=hard -mthumb -o "Drivers/STM32L4xx_HAL_Driver/stm32l4xx_hal_dma.o"
arm-none-eabi-gcc "C:/Users/Nolas/OneDrive/Desktop/UNLV/spring 2023/CPE 477/notgithub/Assignment 4/B/SensorDemo_BLESensor-App/Drivers/STM32L4xx_HAL_Driver/Src/stm32l4xx_hal_dma_ex.c" -mcpu=cortex-m4 -std=gnu11 -g3 -DDEBUG -DUSE_HAL_DRIVER -DSTM32L476xx -c -I../../Inc -I../../Drivers/STM32L4xx_HAL_Driver/Inc -I../../Drivers/STM32L4xx_HAL_Driver/Inc/Legacy -I../../Drivers/CMSIS/Device/ST/STM32L4xx/Include -I../../Drivers/CMSIS/Include -I../../Middlewares/ST/BlueNRG-2/hci/hci_tl_patterns/Basic -I../../Middlewares/ST/BlueNRG-2/utils -I../../Middlewares/ST/BlueNRG-2/includes -O0 -ffunction-sections -fdata-sections -Wall -fstack-usage -MMD -MP -MF"Drivers/STM32L4xx_HAL_Driver/stm32l4xx_hal_dma_ex.d" -MT"Drivers/STM32L4xx_HAL_Driver/stm32l4xx_hal_dma_ex.o" --specs=nano.specs -mfpu=fpv4-sp-d16 -mfloat-abi=hard -mthumb -o "Drivers/STM32L4xx_HAL_Driver/stm32l4xx_hal_dma_ex.o"
arm-none-eabi-gcc "C:/Users/Nolas/OneDrive/Desktop/UNLV/spring 2023/CPE 477/notgithub/Assignment 4/B/SensorDemo_BLESensor-App/Drivers/STM32L4xx_HAL_Driver/Src/stm32l4xx_hal_exti.c" -mcpu=cortex-m4 -std=gnu11 -g3 -DDEBUG -DUSE_HAL_DRIVER -DSTM32L476xx -c -I../../Inc -I../../Drivers/STM32L4xx_HAL_Driver/Inc -I../../Drivers/STM32L4xx_HAL_Driver/Inc/Legacy -I../../Drivers/CMSIS/Device/ST/STM32L4xx/Include -I../../Drivers/CMSIS/Include -I../../Middlewares/ST/BlueNRG-2/hci/hci_tl_patterns/Basic -I../../Middlewares/ST/BlueNRG-2/utils -I../../Middlewares/ST/BlueNRG-2/includes -O0 -ffunction-sections -fdata-sections -Wall -fstack-usage -MMD -MP -MF"Drivers/STM32L4xx_HAL_Driver/stm32l4xx_hal_exti.d" -MT"Drivers/STM32L4xx_HAL_Driver/stm32l4xx_hal_exti.o" --specs=nano.specs -mfpu=fpv4-sp-d16 -mfloat-abi=hard -mthumb -o "Drivers/STM32L4xx_HAL_Driver/stm32l4xx_hal_exti.o"
arm-none-eabi-gcc "C:/Users/Nolas/OneDrive/Desktop/UNLV/spring 2023/CPE 477/notgithub/Assignment 4/B/SensorDemo_BLESensor-App/Drivers/STM32L4xx_HAL_Driver/Src/stm32l4xx_hal_flash.c" -mcpu=cortex-m4 -std=gnu11 -g3 -DDEBUG -DUSE_HAL_DRIVER -DSTM32L476xx -c -I../../Inc -I../../Drivers/STM32L4xx_HAL_Driver/Inc -I../../Drivers/STM32L4xx_HAL_Driver/Inc/Legacy -I../../Drivers/CMSIS/Device/ST/STM32L4xx/Include -I../../Drivers/CMSIS/Include -I../../Middlewares/ST/BlueNRG-2/hci/hci_tl_patterns/Basic -I../../Middlewares/ST/BlueNRG-2/utils -I../../Middlewares/ST/BlueNRG-2/includes -O0 -ffunction-sections -fdata-sections -Wall -fstack-usage -MMD -MP -MF"Drivers/STM32L4xx_HAL_Driver/stm32l4xx_hal_flash.d" -MT"Drivers/STM32L4xx_HAL_Driver/stm32l4xx_hal_flash.o" --specs=nano.specs -mfpu=fpv4-sp-d16 -mfloat-abi=hard -mthumb -o "Drivers/STM32L4xx_HAL_Driver/stm32l4xx_hal_flash.o"
arm-none-eabi-gcc "C:/Users/Nolas/OneDrive/Desktop/UNLV/spring 2023/CPE 477/notgithub/Assignment 4/B/SensorDemo_BLESensor-App/Drivers/STM32L4xx_HAL_Driver/Src/stm32l4xx_hal_flash_ex.c" -mcpu=cortex-m4 -std=gnu11 -g3 -DDEBUG -DUSE_HAL_DRIVER -DSTM32L476xx -c -I../../Inc -I../../Drivers/STM32L4xx_HAL_Driver/Inc -I../../Drivers/STM32L4xx_HAL_Driver/Inc/Legacy -I../../Drivers/CMSIS/Device/ST/STM32L4xx/Include -I../../Drivers/CMSIS/Include -I../../Middlewares/ST/BlueNRG-2/hci/hci_tl_patterns/Basic -I../../Middlewares/ST/BlueNRG-2/utils -I../../Middlewares/ST/BlueNRG-2/includes -O0 -ffunction-sections -fdata-sections -Wall -fstack-usage -MMD -MP -MF"Drivers/STM32L4xx_HAL_Driver/stm32l4xx_hal_flash_ex.d" -MT"Drivers/STM32L4xx_HAL_Driver/stm32l4xx_hal_flash_ex.o" --specs=nano.specs -mfpu=fpv4-sp-d16 -mfloat-abi=hard -mthumb -o "Drivers/STM32L4xx_HAL_Driver/stm32l4xx_hal_flash_ex.o"
arm-none-eabi-gcc "C:/Users/Nolas/OneDrive/Desktop/UNLV/spring 2023/CPE 477/notgithub/Assignment 4/B/SensorDemo_BLESensor-App/Drivers/STM32L4xx_HAL_Driver/Src/stm32l4xx_hal_flash_ramfunc.c" -mcpu=cortex-m4 -std=gnu11 -g3 -DDEBUG -DUSE_HAL_DRIVER -DSTM32L476xx -c -I../../Inc -I../../Drivers/STM32L4xx_HAL_Driver/Inc -I../../Drivers/STM32L4xx_HAL_Driver/Inc/Legacy -I../../Drivers/CMSIS/Device/ST/STM32L4xx/Include -I../../Drivers/CMSIS/Include -I../../Middlewares/ST/BlueNRG-2/hci/hci_tl_patterns/Basic -I../../Middlewares/ST/BlueNRG-2/utils -I../../Middlewares/ST/BlueNRG-2/includes -O0 -ffunction-sections -fdata-sections -Wall -fstack-usage -MMD -MP -MF"Drivers/STM32L4xx_HAL_Driver/stm32l4xx_hal_flash_ramfunc.d" -MT"Drivers/STM32L4xx_HAL_Driver/stm32l4xx_hal_flash_ramfunc.o" --specs=nano.specs -mfpu=fpv4-sp-d16 -mfloat-abi=hard -mthumb -o "Drivers/STM32L4xx_HAL_Driver/stm32l4xx_hal_flash_ramfunc.o"
arm-none-eabi-gcc "C:/Users/Nolas/OneDrive/Desktop/UNLV/spring 2023/CPE 477/notgithub/Assignment 4/B/SensorDemo_BLESensor-App/Drivers/STM32L4xx_HAL_Driver/Src/stm32l4xx_hal_gpio.c" -mcpu=cortex-m4 -std=gnu11 -g3 -DDEBUG -DUSE_HAL_DRIVER -DSTM32L476xx -c -I../../Inc -I../../Drivers/STM32L4xx_HAL_Driver/Inc -I../../Drivers/STM32L4xx_HAL_Driver/Inc/Legacy -I../../Drivers/CMSIS/Device/ST/STM32L4xx/Include -I../../Drivers/CMSIS/Include -I../../Middlewares/ST/BlueNRG-2/hci/hci_tl_patterns/Basic -I../../Middlewares/ST/BlueNRG-2/utils -I../../Middlewares/ST/BlueNRG-2/includes -O0 -ffunction-sections -fdata-sections -Wall -fstack-usage -MMD -MP -MF"Drivers/STM32L4xx_HAL_Driver/stm32l4xx_hal_gpio.d" -MT"Drivers/STM32L4xx_HAL_Driver/stm32l4xx_hal_gpio.o" --specs=nano.specs -mfpu=fpv4-sp-d16 -mfloat-abi=hard -mthumb -o "Drivers/STM32L4xx_HAL_Driver/stm32l4xx_hal_gpio.o"
arm-none-eabi-gcc "C:/Users/Nolas/OneDrive/Desktop/UNLV/spring 2023/CPE 477/notgithub/Assignment 4/B/SensorDemo_BLESensor-App/Drivers/STM32L4xx_HAL_Driver/Src/stm32l4xx_hal_i2c.c" -mcpu=cortex-m4 -std=gnu11 -g3 -DDEBUG -DUSE_HAL_DRIVER -DSTM32L476xx -c -I../../Inc -I../../Drivers/STM32L4xx_HAL_Driver/Inc -I../../Drivers/STM32L4xx_HAL_Driver/Inc/Legacy -I../../Drivers/CMSIS/Device/ST/STM32L4xx/Include -I../../Drivers/CMSIS/Include -I../../Middlewares/ST/BlueNRG-2/hci/hci_tl_patterns/Basic -I../../Middlewares/ST/BlueNRG-2/utils -I../../Middlewares/ST/BlueNRG-2/includes -O0 -ffunction-sections -fdata-sections -Wall -fstack-usage -MMD -MP -MF"Drivers/STM32L4xx_HAL_Driver/stm32l4xx_hal_i2c.d" -MT"Drivers/STM32L4xx_HAL_Driver/stm32l4xx_hal_i2c.o" --specs=nano.specs -mfpu=fpv4-sp-d16 -mfloat-abi=hard -mthumb -o "Drivers/STM32L4xx_HAL_Driver/stm32l4xx_hal_i2c.o"
arm-none-eabi-gcc "C:/Users/Nolas/OneDrive/Desktop/UNLV/spring 2023/CPE 477/notgithub/Assignment 4/B/SensorDemo_BLESensor-App/Drivers/STM32L4xx_HAL_Driver/Src/stm32l4xx_hal_i2c_ex.c" -mcpu=cortex-m4 -std=gnu11 -g3 -DDEBUG -DUSE_HAL_DRIVER -DSTM32L476xx -c -I../../Inc -I../../Drivers/STM32L4xx_HAL_Driver/Inc -I../../Drivers/STM32L4xx_HAL_Driver/Inc/Legacy -I../../Drivers/CMSIS/Device/ST/STM32L4xx/Include -I../../Drivers/CMSIS/Include -I../../Middlewares/ST/BlueNRG-2/hci/hci_tl_patterns/Basic -I../../Middlewares/ST/BlueNRG-2/utils -I../../Middlewares/ST/BlueNRG-2/includes -O0 -ffunction-sections -fdata-sections -Wall -fstack-usage -MMD -MP -MF"Drivers/STM32L4xx_HAL_Driver/stm32l4xx_hal_i2c_ex.d" -MT"Drivers/STM32L4xx_HAL_Driver/stm32l4xx_hal_i2c_ex.o" --specs=nano.specs -mfpu=fpv4-sp-d16 -mfloat-abi=hard -mthumb -o "Drivers/STM32L4xx_HAL_Driver/stm32l4xx_hal_i2c_ex.o"
arm-none-eabi-gcc "C:/Users/Nolas/OneDrive/Desktop/UNLV/spring 2023/CPE 477/notgithub/Assignment 4/B/SensorDemo_BLESensor-App/Drivers/STM32L4xx_HAL_Driver/Src/stm32l4xx_hal_pwr.c" -mcpu=cortex-m4 -std=gnu11 -g3 -DDEBUG -DUSE_HAL_DRIVER -DSTM32L476xx -c -I../../Inc -I../../Drivers/STM32L4xx_HAL_Driver/Inc -I../../Drivers/STM32L4xx_HAL_Driver/Inc/Legacy -I../../Drivers/CMSIS/Device/ST/STM32L4xx/Include -I../../Drivers/CMSIS/Include -I../../Middlewares/ST/BlueNRG-2/hci/hci_tl_patterns/Basic -I../../Middlewares/ST/BlueNRG-2/utils -I../../Middlewares/ST/BlueNRG-2/includes -O0 -ffunction-sections -fdata-sections -Wall -fstack-usage -MMD -MP -MF"Drivers/STM32L4xx_HAL_Driver/stm32l4xx_hal_pwr.d" -MT"Drivers/STM32L4xx_HAL_Driver/stm32l4xx_hal_pwr.o" --specs=nano.specs -mfpu=fpv4-sp-d16 -mfloat-abi=hard -mthumb -o "Drivers/STM32L4xx_HAL_Driver/stm32l4xx_hal_pwr.o"
arm-none-eabi-gcc "C:/Users/Nolas/OneDrive/Desktop/UNLV/spring 2023/CPE 477/notgithub/Assignment 4/B/SensorDemo_BLESensor-App/Drivers/STM32L4xx_HAL_Driver/Src/stm32l4xx_hal_pwr_ex.c" -mcpu=cortex-m4 -std=gnu11 -g3 -DDEBUG -DUSE_HAL_DRIVER -DSTM32L476xx -c -I../../Inc -I../../Drivers/STM32L4xx_HAL_Driver/Inc -I../../Drivers/STM32L4xx_HAL_Driver/Inc/Legacy -I../../Drivers/CMSIS/Device/ST/STM32L4xx/Include -I../../Drivers/CMSIS/Include -I../../Middlewares/ST/BlueNRG-2/hci/hci_tl_patterns/Basic -I../../Middlewares/ST/BlueNRG-2/utils -I../../Middlewares/ST/BlueNRG-2/includes -O0 -ffunction-sections -fdata-sections -Wall -fstack-usage -MMD -MP -MF"Drivers/STM32L4xx_HAL_Driver/stm32l4xx_hal_pwr_ex.d" -MT"Drivers/STM32L4xx_HAL_Driver/stm32l4xx_hal_pwr_ex.o" --specs=nano.specs -mfpu=fpv4-sp-d16 -mfloat-abi=hard -mthumb -o "Drivers/STM32L4xx_HAL_Driver/stm32l4xx_hal_pwr_ex.o"
arm-none-eabi-gcc "C:/Users/Nolas/OneDrive/Desktop/UNLV/spring 2023/CPE 477/notgithub/Assignment 4/B/SensorDemo_BLESensor-App/Drivers/STM32L4xx_HAL_Driver/Src/stm32l4xx_hal_rcc.c" -mcpu=cortex-m4 -std=gnu11 -g3 -DDEBUG -DUSE_HAL_DRIVER -DSTM32L476xx -c -I../../Inc -I../../Drivers/STM32L4xx_HAL_Driver/Inc -I../../Drivers/STM32L4xx_HAL_Driver/Inc/Legacy -I../../Drivers/CMSIS/Device/ST/STM32L4xx/Include -I../../Drivers/CMSIS/Include -I../../Middlewares/ST/BlueNRG-2/hci/hci_tl_patterns/Basic -I../../Middlewares/ST/BlueNRG-2/utils -I../../Middlewares/ST/BlueNRG-2/includes -O0 -ffunction-sections -fdata-sections -Wall -fstack-usage -MMD -MP -MF"Drivers/STM32L4xx_HAL_Driver/stm32l4xx_hal_rcc.d" -MT"Drivers/STM32L4xx_HAL_Driver/stm32l4xx_hal_rcc.o" --specs=nano.specs -mfpu=fpv4-sp-d16 -mfloat-abi=hard -mthumb -o "Drivers/STM32L4xx_HAL_Driver/stm32l4xx_hal_rcc.o"
arm-none-eabi-gcc "C:/Users/Nolas/OneDrive/Desktop/UNLV/spring 2023/CPE 477/notgithub/Assignment 4/B/SensorDemo_BLESensor-App/Drivers/STM32L4xx_HAL_Driver/Src/stm32l4xx_hal_rcc_ex.c" -mcpu=cortex-m4 -std=gnu11 -g3 -DDEBUG -DUSE_HAL_DRIVER -DSTM32L476xx -c -I../../Inc -I../../Drivers/STM32L4xx_HAL_Driver/Inc -I../../Drivers/STM32L4xx_HAL_Driver/Inc/Legacy -I../../Drivers/CMSIS/Device/ST/STM32L4xx/Include -I../../Drivers/CMSIS/Include -I../../Middlewares/ST/BlueNRG-2/hci/hci_tl_patterns/Basic -I../../Middlewares/ST/BlueNRG-2/utils -I../../Middlewares/ST/BlueNRG-2/includes -O0 -ffunction-sections -fdata-sections -Wall -fstack-usage -MMD -MP -MF"Drivers/STM32L4xx_HAL_Driver/stm32l4xx_hal_rcc_ex.d" -MT"Drivers/STM32L4xx_HAL_Driver/stm32l4xx_hal_rcc_ex.o" --specs=nano.specs -mfpu=fpv4-sp-d16 -mfloat-abi=hard -mthumb -o "Drivers/STM32L4xx_HAL_Driver/stm32l4xx_hal_rcc_ex.o"
arm-none-eabi-gcc "C:/Users/Nolas/OneDrive/Desktop/UNLV/spring 2023/CPE 477/notgithub/Assignment 4/B/SensorDemo_BLESensor-App/Drivers/STM32L4xx_HAL_Driver/Src/stm32l4xx_hal_spi.c" -mcpu=cortex-m4 -std=gnu11 -g3 -DDEBUG -DUSE_HAL_DRIVER -DSTM32L476xx -c -I../../Inc -I../../Drivers/STM32L4xx_HAL_Driver/Inc -I../../Drivers/STM32L4xx_HAL_Driver/Inc/Legacy -I../../Drivers/CMSIS/Device/ST/STM32L4xx/Include -I../../Drivers/CMSIS/Include -I../../Middlewares/ST/BlueNRG-2/hci/hci_tl_patterns/Basic -I../../Middlewares/ST/BlueNRG-2/utils -I../../Middlewares/ST/BlueNRG-2/includes -O0 -ffunction-sections -fdata-sections -Wall -fstack-usage -MMD -MP -MF"Drivers/STM32L4xx_HAL_Driver/stm32l4xx_hal_spi.d" -MT"Drivers/STM32L4xx_HAL_Driver/stm32l4xx_hal_spi.o" --specs=nano.specs -mfpu=fpv4-sp-d16 -mfloat-abi=hard -mthumb -o "Drivers/STM32L4xx_HAL_Driver/stm32l4xx_hal_spi.o"
arm-none-eabi-gcc "C:/Users/Nolas/OneDrive/Desktop/UNLV/spring 2023/CPE 477/notgithub/Assignment 4/B/SensorDemo_BLESensor-App/Drivers/STM32L4xx_HAL_Driver/Src/stm32l4xx_hal_spi_ex.c" -mcpu=cortex-m4 -std=gnu11 -g3 -DDEBUG -DUSE_HAL_DRIVER -DSTM32L476xx -c -I../../Inc -I../../Drivers/STM32L4xx_HAL_Driver/Inc -I../../Drivers/STM32L4xx_HAL_Driver/Inc/Legacy -I../../Drivers/CMSIS/Device/ST/STM32L4xx/Include -I../../Drivers/CMSIS/Include -I../../Middlewares/ST/BlueNRG-2/hci/hci_tl_patterns/Basic -I../../Middlewares/ST/BlueNRG-2/utils -I../../Middlewares/ST/BlueNRG-2/includes -O0 -ffunction-sections -fdata-sections -Wall -fstack-usage -MMD -MP -MF"Drivers/STM32L4xx_HAL_Driver/stm32l4xx_hal_spi_ex.d" -MT"Drivers/STM32L4xx_HAL_Driver/stm32l4xx_hal_spi_ex.o" --specs=nano.specs -mfpu=fpv4-sp-d16 -mfloat-abi=hard -mthumb -o "Drivers/STM32L4xx_HAL_Driver/stm32l4xx_hal_spi_ex.o"
arm-none-eabi-gcc "C:/Users/Nolas/OneDrive/Desktop/UNLV/spring 2023/CPE 477/notgithub/Assignment 4/B/SensorDemo_BLESensor-App/Drivers/STM32L4xx_HAL_Driver/Src/stm32l4xx_hal_tim.c" -mcpu=cortex-m4 -std=gnu11 -g3 -DDEBUG -DUSE_HAL_DRIVER -DSTM32L476xx -c -I../../Inc -I../../Drivers/STM32L4xx_HAL_Driver/Inc -I../../Drivers/STM32L4xx_HAL_Driver/Inc/Legacy -I../../Drivers/CMSIS/Device/ST/STM32L4xx/Include -I../../Drivers/CMSIS/Include -I../../Middlewares/ST/BlueNRG-2/hci/hci_tl_patterns/Basic -I../../Middlewares/ST/BlueNRG-2/utils -I../../Middlewares/ST/BlueNRG-2/includes -O0 -ffunction-sections -fdata-sections -Wall -fstack-usage -MMD -MP -MF"Drivers/STM32L4xx_HAL_Driver/stm32l4xx_hal_tim.d" -MT"Drivers/STM32L4xx_HAL_Driver/stm32l4xx_hal_tim.o" --specs=nano.specs -mfpu=fpv4-sp-d16 -mfloat-abi=hard -mthumb -o "Drivers/STM32L4xx_HAL_Driver/stm32l4xx_hal_tim.o"
arm-none-eabi-gcc "C:/Users/Nolas/OneDrive/Desktop/UNLV/spring 2023/CPE 477/notgithub/Assignment 4/B/SensorDemo_BLESensor-App/Drivers/STM32L4xx_HAL_Driver/Src/stm32l4xx_hal_tim_ex.c" -mcpu=cortex-m4 -std=gnu11 -g3 -DDEBUG -DUSE_HAL_DRIVER -DSTM32L476xx -c -I../../Inc -I../../Drivers/STM32L4xx_HAL_Driver/Inc -I../../Drivers/STM32L4xx_HAL_Driver/Inc/Legacy -I../../Drivers/CMSIS/Device/ST/STM32L4xx/Include -I../../Drivers/CMSIS/Include -I../../Middlewares/ST/BlueNRG-2/hci/hci_tl_patterns/Basic -I../../Middlewares/ST/BlueNRG-2/utils -I../../Middlewares/ST/BlueNRG-2/includes -O0 -ffunction-sections -fdata-sections -Wall -fstack-usage -MMD -MP -MF"Drivers/STM32L4xx_HAL_Driver/stm32l4xx_hal_tim_ex.d" -MT"Drivers/STM32L4xx_HAL_Driver/stm32l4xx_hal_tim_ex.o" --specs=nano.specs -mfpu=fpv4-sp-d16 -mfloat-abi=hard -mthumb -o "Drivers/STM32L4xx_HAL_Driver/stm32l4xx_hal_tim_ex.o"
arm-none-eabi-gcc "C:/Users/Nolas/OneDrive/Desktop/UNLV/spring 2023/CPE 477/notgithub/Assignment 4/B/SensorDemo_BLESensor-App/Drivers/STM32L4xx_HAL_Driver/Src/stm32l4xx_hal_uart.c" -mcpu=cortex-m4 -std=gnu11 -g3 -DDEBUG -DUSE_HAL_DRIVER -DSTM32L476xx -c -I../../Inc -I../../Drivers/STM32L4xx_HAL_Driver/Inc -I../../Drivers/STM32L4xx_HAL_Driver/Inc/Legacy -I../../Drivers/CMSIS/Device/ST/STM32L4xx/Include -I../../Drivers/CMSIS/Include -I../../Middlewares/ST/BlueNRG-2/hci/hci_tl_patterns/Basic -I../../Middlewares/ST/BlueNRG-2/utils -I../../Middlewares/ST/BlueNRG-2/includes -O0 -ffunction-sections -fdata-sections -Wall -fstack-usage -MMD -MP -MF"Drivers/STM32L4xx_HAL_Driver/stm32l4xx_hal_uart.d" -MT"Drivers/STM32L4xx_HAL_Driver/stm32l4xx_hal_uart.o" --specs=nano.specs -mfpu=fpv4-sp-d16 -mfloat-abi=hard -mthumb -o "Drivers/STM32L4xx_HAL_Driver/stm32l4xx_hal_uart.o"
arm-none-eabi-gcc "C:/Users/Nolas/OneDrive/Desktop/UNLV/spring 2023/CPE 477/notgithub/Assignment 4/B/SensorDemo_BLESensor-App/Drivers/STM32L4xx_HAL_Driver/Src/stm32l4xx_hal_uart_ex.c" -mcpu=cortex-m4 -std=gnu11 -g3 -DDEBUG -DUSE_HAL_DRIVER -DSTM32L476xx -c -I../../Inc -I../../Drivers/STM32L4xx_HAL_Driver/Inc -I../../Drivers/STM32L4xx_HAL_Driver/Inc/Legacy -I../../Drivers/CMSIS/Device/ST/STM32L4xx/Include -I../../Drivers/CMSIS/Include -I../../Middlewares/ST/BlueNRG-2/hci/hci_tl_patterns/Basic -I../../Middlewares/ST/BlueNRG-2/utils -I../../Middlewares/ST/BlueNRG-2/includes -O0 -ffunction-sections -fdata-sections -Wall -fstack-usage -MMD -MP -MF"Drivers/STM32L4xx_HAL_Driver/stm32l4xx_hal_uart_ex.d" -MT"Drivers/STM32L4xx_HAL_Driver/stm32l4xx_hal_uart_ex.o" --specs=nano.specs -mfpu=fpv4-sp-d16 -mfloat-abi=hard -mthumb -o "Drivers/STM32L4xx_HAL_Driver/stm32l4xx_hal_uart_ex.o"
arm-none-eabi-gcc "C:/Users/Nolas/OneDrive/Desktop/UNLV/spring 2023/CPE 477/notgithub/Assignment 4/B/SensorDemo_BLESensor-App/Src/system_stm32l4xx.c" -mcpu=cortex-m4 -std=gnu11 -g3 -DDEBUG -DUSE_HAL_DRIVER -DSTM32L476xx -c -I../../Inc -I../../Drivers/STM32L4xx_HAL_Driver/Inc -I../../Drivers/STM32L4xx_HAL_Driver/Inc/Legacy -I../../Drivers/CMSIS/Device/ST/STM32L4xx/Include -I../../Drivers/CMSIS/Include -I../../Middlewares/ST/BlueNRG-2/hci/hci_tl_patterns/Basic -I../../Middlewares/ST/BlueNRG-2/utils -I../../Middlewares/ST/BlueNRG-2/includes -O0 -ffunction-sections -fdata-sections -Wall -fstack-usage -MMD -MP -MF"Drivers/CMSIS/system_stm32l4xx.d" -MT"Drivers/CMSIS/system_stm32l4xx.o" --specs=nano.specs -mfpu=fpv4-sp-d16 -mfloat-abi=hard -mthumb -o "Drivers/CMSIS/system_stm32l4xx.o"
arm-none-eabi-gcc "C:/Users/Nolas/OneDrive/Desktop/UNLV/spring 2023/CPE 477/notgithub/Assignment 4/B/SensorDemo_BLESensor-App/Src/OTA.c" -mcpu=cortex-m4 -std=gnu11 -g3 -DDEBUG -DUSE_HAL_DRIVER -DSTM32L476xx -c -I../../Inc -I../../Drivers/STM32L4xx_HAL_Driver/Inc -I../../Drivers/STM32L4xx_HAL_Driver/Inc/Legacy -I../../Drivers/CMSIS/Device/ST/STM32L4xx/Include -I../../Drivers/CMSIS/Include -I../../Middlewares/ST/BlueNRG-2/hci/hci_tl_patterns/Basic -I../../Middlewares/ST/BlueNRG-2/utils -I../../Middlewares/ST/BlueNRG-2/includes -O0 -ffunction-sections -fdata-sections -Wall -fstack-usage -MMD -MP -MF"Application/User/OTA.d" -MT"Application/User/OTA.o" --specs=nano.specs -mfpu=fpv4-sp-d16 -mfloat-abi=hard -mthumb -o "Application/User/OTA.o"
arm-none-eabi-gcc "C:/Users/Nolas/OneDrive/Desktop/UNLV/spring 2023/CPE 477/notgithub/Assignment 4/B/SensorDemo_BLESensor-App/Src/app_bluenrg_2.c" -mcpu=cortex-m4 -std=gnu11 -g3 -DDEBUG -DUSE_HAL_DRIVER -DSTM32L476xx -c -I../../Inc -I../../Drivers/STM32L4xx_HAL_Driver/Inc -I../../Drivers/STM32L4xx_HAL_Driver/Inc/Legacy -I../../Drivers/CMSIS/Device/ST/STM32L4xx/Include -I../../Drivers/CMSIS/Include -I../../Middlewares/ST/BlueNRG-2/hci/hci_tl_patterns/Basic -I../../Middlewares/ST/BlueNRG-2/utils -I../../Middlewares/ST/BlueNRG-2/includes -O0 -ffunction-sections -fdata-sections -Wall -fstack-usage -MMD -MP -MF"Application/User/app_bluenrg_2.d" -MT"Application/User/app_bluenrg_2.o" --specs=nano.specs -mfpu=fpv4-sp-d16 -mfloat-abi=hard -mthumb -o "Application/User/app_bluenrg_2.o"
arm-none-eabi-gcc "C:/Users/Nolas/OneDrive/Desktop/UNLV/spring 2023/CPE 477/notgithub/Assignment 4/B/SensorDemo_BLESensor-App/Src/gatt_db.c" -mcpu=cortex-m4 -std=gnu11 -g3 -DDEBUG -DUSE_HAL_DRIVER -DSTM32L476xx -c -I../../Inc -I../../Drivers/STM32L4xx_HAL_Driver/Inc -I../../Drivers/STM32L4xx_HAL_Driver/Inc/Legacy -I../../Drivers/CMSIS/Device/ST/STM32L4xx/Include -I../../Drivers/CMSIS/Include -I../../Middlewares/ST/BlueNRG-2/hci/hci_tl_patterns/Basic -I../../Middlewares/ST/BlueNRG-2/utils -I../../Middlewares/ST/BlueNRG-2/includes -O0 -ffunction-sections -fdata-sections -Wall -fstack-usage -MMD -MP -MF"Application/User/gatt_db.d" -MT"Application/User/gatt_db.o" --specs=nano.specs -mfpu=fpv4-sp-d16 -mfloat-abi=hard -mthumb -o "Application/User/gatt_db.o"
arm-none-eabi-gcc "C:/Users/Nolas/OneDrive/Desktop/UNLV/spring 2023/CPE 477/notgithub/Assignment 4/B/SensorDemo_BLESensor-App/Src/hci_tl_interface.c" -mcpu=cortex-m4 -std=gnu11 -g3 -DDEBUG -DUSE_HAL_DRIVER -DSTM32L476xx -c -I../../Inc -I../../Drivers/STM32L4xx_HAL_Driver/Inc -I../../Drivers/STM32L4xx_HAL_Driver/Inc/Legacy -I../../Drivers/CMSIS/Device/ST/STM32L4xx/Include -I../../Drivers/CMSIS/Include -I../../Middlewares/ST/BlueNRG-2/hci/hci_tl_patterns/Basic -I../../Middlewares/ST/BlueNRG-2/utils -I../../Middlewares/ST/BlueNRG-2/includes -O0 -ffunction-sections -fdata-sections -Wall -fstack-usage -MMD -MP -MF"Application/User/hci_tl_interface.d" -MT"Application/User/hci_tl_interface.o" --specs=nano.specs -mfpu=fpv4-sp-d16 -mfloat-abi=hard -mthumb -o "Application/User/hci_tl_interface.o"
arm-none-eabi-gcc "C:/Users/Nolas/OneDrive/Desktop/UNLV/spring 2023/CPE 477/notgithub/Assignment 4/B/SensorDemo_BLESensor-App/Src/main.c" -mcpu=cortex-m4 -std=gnu11 -g3 -DDEBUG -DUSE_HAL_DRIVER -DSTM32L476xx -c -I../../Inc -I../../Drivers/STM32L4xx_HAL_Driver/Inc -I../../Drivers/STM32L4xx_HAL_Driver/Inc/Legacy -I../../Drivers/CMSIS/Device/ST/STM32L4xx/Include -I../../Drivers/CMSIS/Include -I../../Middlewares/ST/BlueNRG-2/hci/hci_tl_patterns/Basic -I../../Middlewares/ST/BlueNRG-2/utils -I../../Middlewares/ST/BlueNRG-2/includes -O0 -ffunction-sections -fdata-sections -Wall -fstack-usage -MMD -MP -MF"Application/User/main.d" -MT"Application/User/main.o" --specs=nano.specs -mfpu=fpv4-sp-d16 -mfloat-abi=hard -mthumb -o "Application/User/main.o"
arm-none-eabi-gcc "C:/Users/Nolas/OneDrive/Desktop/UNLV/spring 2023/CPE 477/notgithub/Assignment 4/B/SensorDemo_BLESensor-App/Src/sensor.c" -mcpu=cortex-m4 -std=gnu11 -g3 -DDEBUG -DUSE_HAL_DRIVER -DSTM32L476xx -c -I../../Inc -I../../Drivers/STM32L4xx_HAL_Driver/Inc -I../../Drivers/STM32L4xx_HAL_Driver/Inc/Legacy -I../../Drivers/CMSIS/Device/ST/STM32L4xx/Include -I../../Drivers/CMSIS/Include -I../../Middlewares/ST/BlueNRG-2/hci/hci_tl_patterns/Basic -I../../Middlewares/ST/BlueNRG-2/utils -I../../Middlewares/ST/BlueNRG-2/includes -O0 -ffunction-sections -fdata-sections -Wall -fstack-usage -MMD -MP -MF"Application/User/sensor.d" -MT"Application/User/sensor.o" --specs=nano.specs -mfpu=fpv4-sp-d16 -mfloat-abi=hard -mthumb -o "Application/User/sensor.o"
arm-none-eabi-gcc "C:/Users/Nolas/OneDrive/Desktop/UNLV/spring 2023/CPE 477/notgithub/Assignment 4/B/SensorDemo_BLESensor-App/Src/stm32l4xx_hal_msp.c" -mcpu=cortex-m4 -std=gnu11 -g3 -DDEBUG -DUSE_HAL_DRIVER -DSTM32L476xx -c -I../../Inc -I../../Drivers/STM32L4xx_HAL_Driver/Inc -I../../Drivers/STM32L4xx_HAL_Driver/Inc/Legacy -I../../Drivers/CMSIS/Device/ST/STM32L4xx/Include -I../../Drivers/CMSIS/Include -I../../Middlewares/ST/BlueNRG-2/hci/hci_tl_patterns/Basic -I../../Middlewares/ST/BlueNRG-2/utils -I../../Middlewares/ST/BlueNRG-2/includes -O0 -ffunction-sections -fdata-sections -Wall -fstack-usage -MMD -MP -MF"Application/User/stm32l4xx_hal_msp.d" -MT"Application/User/stm32l4xx_hal_msp.o" --specs=nano.specs -mfpu=fpv4-sp-d16 -mfloat-abi=hard -mthumb -o "Application/User/stm32l4xx_hal_msp.o"
arm-none-eabi-gcc "C:/Users/Nolas/OneDrive/Desktop/UNLV/spring 2023/CPE 477/notgithub/Assignment 4/B/SensorDemo_BLESensor-App/Src/stm32l4xx_it.c" -mcpu=cortex-m4 -std=gnu11 -g3 -DDEBUG -DUSE_HAL_DRIVER -DSTM32L476xx -c -I../../Inc -I../../Drivers/STM32L4xx_HAL_Driver/Inc -I../../Drivers/STM32L4xx_HAL_Driver/Inc/Legacy -I../../Drivers/CMSIS/Device/ST/STM32L4xx/Include -I../../Drivers/CMSIS/Include -I../../Middlewares/ST/BlueNRG-2/hci/hci_tl_patterns/Basic -I../../Middlewares/ST/BlueNRG-2/utils -I../../Middlewares/ST/BlueNRG-2/includes -O0 -ffunction-sections -fdata-sections -Wall -fstack-usage -MMD -MP -MF"Application/User/stm32l4xx_it.d" -MT"Application/User/stm32l4xx_it.o" --specs=nano.specs -mfpu=fpv4-sp-d16 -mfloat-abi=hard -mthumb -o "Application/User/stm32l4xx_it.o"
arm-none-eabi-gcc "C:/Users/Nolas/OneDrive/Desktop/UNLV/spring 2023/CPE 477/notgithub/Assignment 4/B/SensorDemo_BLESensor-App/Src/stm32l4xx_nucleo.c" -mcpu=cortex-m4 -std=gnu11 -g3 -DDEBUG -DUSE_HAL_DRIVER -DSTM32L476xx -c -I../../Inc -I../../Drivers/STM32L4xx_HAL_Driver/Inc -I../../Drivers/STM32L4xx_HAL_Driver/Inc/Legacy -I../../Drivers/CMSIS/Device/ST/STM32L4xx/Include -I../../Drivers/CMSIS/Include -I../../Middlewares/ST/BlueNRG-2/hci/hci_tl_patterns/Basic -I../../Middlewares/ST/BlueNRG-2/utils -I../../Middlewares/ST/BlueNRG-2/includes -O0 -ffunction-sections -fdata-sections -Wall -fstack-usage -MMD -MP -MF"Application/User/stm32l4xx_nucleo.d" -MT"Application/User/stm32l4xx_nucleo.o" --specs=nano.specs -mfpu=fpv4-sp-d16 -mfloat-abi=hard -mthumb -o "Application/User/stm32l4xx_nucleo.o"
arm-none-eabi-gcc "C:/Users/Nolas/OneDrive/Desktop/UNLV/spring 2023/CPE 477/notgithub/Assignment 4/B/SensorDemo_BLESensor-App/Src/stm32l4xx_nucleo_bus.c" -mcpu=cortex-m4 -std=gnu11 -g3 -DDEBUG -DUSE_HAL_DRIVER -DSTM32L476xx -c -I../../Inc -I../../Drivers/STM32L4xx_HAL_Driver/Inc -I../../Drivers/STM32L4xx_HAL_Driver/Inc/Legacy -I../../Drivers/CMSIS/Device/ST/STM32L4xx/Include -I../../Drivers/CMSIS/Include -I../../Middlewares/ST/BlueNRG-2/hci/hci_tl_patterns/Basic -I../../Middlewares/ST/BlueNRG-2/utils -I../../Middlewares/ST/BlueNRG-2/includes -O0 -ffunction-sections -fdata-sections -Wall -fstack-usage -MMD -MP -MF"Application/User/stm32l4xx_nucleo_bus.d" -MT"Application/User/stm32l4xx_nucleo_bus.o" --specs=nano.specs -mfpu=fpv4-sp-d16 -mfloat-abi=hard -mthumb -o "Application/User/stm32l4xx_nucleo_bus.o"
arm-none-eabi-gcc "../Application/User/syscalls.c" -mcpu=cortex-m4 -std=gnu11 -g3 -DDEBUG -DUSE_HAL_DRIVER -DSTM32L476xx -c -I../../Inc -I../../Drivers/STM32L4xx_HAL_Driver/Inc -I../../Drivers/STM32L4xx_HAL_Driver/Inc/Legacy -I../../Drivers/CMSIS/Device/ST/STM32L4xx/Include -I../../Drivers/CMSIS/Include -I../../Middlewares/ST/BlueNRG-2/hci/hci_tl_patterns/Basic -I../../Middlewares/ST/BlueNRG-2/utils -I../../Middlewares/ST/BlueNRG-2/includes -O0 -ffunction-sections -fdata-sections -Wall -fstack-usage -MMD -MP -MF"Application/User/syscalls.d" -MT"Application/User/syscalls.o" --specs=nano.specs -mfpu=fpv4-sp-d16 -mfloat-abi=hard -mthumb -o "Application/User/syscalls.o"
arm-none-eabi-gcc "../Application/User/sysmem.c" -mcpu=cortex-m4 -std=gnu11 -g3 -DDEBUG -DUSE_HAL_DRIVER -DSTM32L476xx -c -I../../Inc -I../../Drivers/STM32L4xx_HAL_Driver/Inc -I../../Drivers/STM32L4xx_HAL_Driver/Inc/Legacy -I../../Drivers/CMSIS/Device/ST/STM32L4xx/Include -I../../Drivers/CMSIS/Include -I../../Middlewares/ST/BlueNRG-2/hci/hci_tl_patterns/Basic -I../../Middlewares/ST/BlueNRG-2/utils -I../../Middlewares/ST/BlueNRG-2/includes -O0 -ffunction-sections -fdata-sections -Wall -fstack-usage -MMD -MP -MF"Application/User/sysmem.d" -MT"Application/User/sysmem.o" --specs=nano.specs -mfpu=fpv4-sp-d16 -mfloat-abi=hard -mthumb -o "Application/User/sysmem.o"
arm-none-eabi-gcc "C:/Users/Nolas/OneDrive/Desktop/UNLV/spring 2023/CPE 477/notgithub/Assignment 4/B/SensorDemo_BLESensor-App/Src/target_platform.c" -mcpu=cortex-m4 -std=gnu11 -g3 -DDEBUG -DUSE_HAL_DRIVER -DSTM32L476xx -c -I../../Inc -I../../Drivers/STM32L4xx_HAL_Driver/Inc -I../../Drivers/STM32L4xx_HAL_Driver/Inc/Legacy -I../../Drivers/CMSIS/Device/ST/STM32L4xx/Include -I../../Drivers/CMSIS/Include -I../../Middlewares/ST/BlueNRG-2/hci/hci_tl_patterns/Basic -I../../Middlewares/ST/BlueNRG-2/utils -I../../Middlewares/ST/BlueNRG-2/includes -O0 -ffunction-sections -fdata-sections -Wall -fstack-usage -MMD -MP -MF"Application/User/target_platform.d" -MT"Application/User/target_platform.o" --specs=nano.specs -mfpu=fpv4-sp-d16 -mfloat-abi=hard -mthumb -o "Application/User/target_platform.o"
arm-none-eabi-gcc -mcpu=cortex-m4 -g3 -DDEBUG -c -x assembler-with-cpp -MMD -MP -MF"Application/Startup/startup_stm32l476rgtx.d" -MT"Application/Startup/startup_stm32l476rgtx.o" --specs=nano.specs -mfpu=fpv4-sp-d16 -mfloat-abi=hard -mthumb -o "Application/Startup/startup_stm32l476rgtx.o" "../Application/Startup/startup_stm32l476rgtx.s"
arm-none-eabi-gcc -o "SensorDemo_BLESensor-App.elf" @"objects.list"   -mcpu=cortex-m4 -T"C:\Users\Nolas\OneDrive\Desktop\UNLV\spring 2023\CPE 477\notgithub\Assignment 4\B\SensorDemo_BLESensor-App\STM32CubeIDE\STM32L476RGTX_FLASH.ld" --specs=nosys.specs -Wl,-Map="SensorDemo_BLESensor-App.map" -Wl,--gc-sections -static --specs=nano.specs -mfpu=fpv4-sp-d16 -mfloat-abi=hard -mthumb -Wl,--start-group -lc -lm -Wl,--end-group
Finished building target: SensorDemo_BLESensor-App.elf
 
arm-none-eabi-size   SensorDemo_BLESensor-App.elf 
arm-none-eabi-objdump -h -S  SensorDemo_BLESensor-App.elf  > "SensorDemo_BLESensor-App.list"
   text	   data	    bss	    dec	    hex	filename
  55204	    184	   3992	  59380	   e7f4	SensorDemo_BLESensor-App.elf
Finished building: default.size.stdout
 
Finished building: SensorDemo_BLESensor-App.list
 

16:04:17 Build Finished. 0 errors, 0 warnings. (took 14s.109ms)

