C:/Users/Nolas/OneDrive/Desktop/UNLV/spring 2023/CPE 477/notgithub/Assignment 4/B/SensorDemo_BLESensor-App/Src/main.c:67:5:main	8	static
C:/Users/Nolas/OneDrive/Desktop/UNLV/spring 2023/CPE 477/notgithub/Assignment 4/B/SensorDemo_BLESensor-App/Src/main.c:113:6:SystemClock_Config	96	static
C:/Users/Nolas/OneDrive/Desktop/UNLV/spring 2023/CPE 477/notgithub/Assignment 4/B/SensorDemo_BLESensor-App/Src/main.c:163:13:MX_CRC_Init	8	static
C:/Users/Nolas/OneDrive/Desktop/UNLV/spring 2023/CPE 477/notgithub/Assignment 4/B/SensorDemo_BLESensor-App/Src/main.c:194:13:MX_GPIO_Init	48	static
C:/Users/Nolas/OneDrive/Desktop/UNLV/spring 2023/CPE 477/notgithub/Assignment 4/B/SensorDemo_BLESensor-App/Src/main.c:237:6:Error_Handler	4	static,ignoring_inline_asm
