Archive member included to satisfy reference by file (symbol)

c:/st/stm32cubeide_1.11.0/stm32cubeide/plugins/com.st.stm32cube.ide.mcu.externaltools.gnu-tools-for-stm32.10.3-2021.10.win32_1.0.100.202210260954/tools/bin/../lib/gcc/arm-none-eabi/10.3.1/../../../../arm-none-eabi/lib/thumb/v7e-m+fp/hard\libc_nano.a(lib_a-atoi.o)
                              ./Application/User/gatt_db.o (atoi)
c:/st/stm32cubeide_1.11.0/stm32cubeide/plugins/com.st.stm32cube.ide.mcu.externaltools.gnu-tools-for-stm32.10.3-2021.10.win32_1.0.100.202210260954/tools/bin/../lib/gcc/arm-none-eabi/10.3.1/../../../../arm-none-eabi/lib/thumb/v7e-m+fp/hard\libc_nano.a(lib_a-errno.o)
                              ./Application/User/syscalls.o (__errno)
c:/st/stm32cubeide_1.11.0/stm32cubeide/plugins/com.st.stm32cube.ide.mcu.externaltools.gnu-tools-for-stm32.10.3-2021.10.win32_1.0.100.202210260954/tools/bin/../lib/gcc/arm-none-eabi/10.3.1/../../../../arm-none-eabi/lib/thumb/v7e-m+fp/hard\libc_nano.a(lib_a-exit.o)
                              c:/st/stm32cubeide_1.11.0/stm32cubeide/plugins/com.st.stm32cube.ide.mcu.externaltools.gnu-tools-for-stm32.10.3-2021.10.win32_1.0.100.202210260954/tools/bin/../lib/gcc/arm-none-eabi/10.3.1/../../../../arm-none-eabi/lib/thumb/v7e-m+fp/hard/crt0.o (exit)
c:/st/stm32cubeide_1.11.0/stm32cubeide/plugins/com.st.stm32cube.ide.mcu.externaltools.gnu-tools-for-stm32.10.3-2021.10.win32_1.0.100.202210260954/tools/bin/../lib/gcc/arm-none-eabi/10.3.1/../../../../arm-none-eabi/lib/thumb/v7e-m+fp/hard\libc_nano.a(lib_a-impure.o)
                              c:/st/stm32cubeide_1.11.0/stm32cubeide/plugins/com.st.stm32cube.ide.mcu.externaltools.gnu-tools-for-stm32.10.3-2021.10.win32_1.0.100.202210260954/tools/bin/../lib/gcc/arm-none-eabi/10.3.1/../../../../arm-none-eabi/lib/thumb/v7e-m+fp/hard\libc_nano.a(lib_a-exit.o) (_global_impure_ptr)
c:/st/stm32cubeide_1.11.0/stm32cubeide/plugins/com.st.stm32cube.ide.mcu.externaltools.gnu-tools-for-stm32.10.3-2021.10.win32_1.0.100.202210260954/tools/bin/../lib/gcc/arm-none-eabi/10.3.1/../../../../arm-none-eabi/lib/thumb/v7e-m+fp/hard\libc_nano.a(lib_a-init.o)
                              c:/st/stm32cubeide_1.11.0/stm32cubeide/plugins/com.st.stm32cube.ide.mcu.externaltools.gnu-tools-for-stm32.10.3-2021.10.win32_1.0.100.202210260954/tools/bin/../lib/gcc/arm-none-eabi/10.3.1/../../../../arm-none-eabi/lib/thumb/v7e-m+fp/hard/crt0.o (__libc_init_array)
c:/st/stm32cubeide_1.11.0/stm32cubeide/plugins/com.st.stm32cube.ide.mcu.externaltools.gnu-tools-for-stm32.10.3-2021.10.win32_1.0.100.202210260954/tools/bin/../lib/gcc/arm-none-eabi/10.3.1/../../../../arm-none-eabi/lib/thumb/v7e-m+fp/hard\libc_nano.a(lib_a-memcpy-stub.o)
                              ./Application/User/OTA.o (memcpy)
c:/st/stm32cubeide_1.11.0/stm32cubeide/plugins/com.st.stm32cube.ide.mcu.externaltools.gnu-tools-for-stm32.10.3-2021.10.win32_1.0.100.202210260954/tools/bin/../lib/gcc/arm-none-eabi/10.3.1/../../../../arm-none-eabi/lib/thumb/v7e-m+fp/hard\libc_nano.a(lib_a-memset.o)
                              c:/st/stm32cubeide_1.11.0/stm32cubeide/plugins/com.st.stm32cube.ide.mcu.externaltools.gnu-tools-for-stm32.10.3-2021.10.win32_1.0.100.202210260954/tools/bin/../lib/gcc/arm-none-eabi/10.3.1/../../../../arm-none-eabi/lib/thumb/v7e-m+fp/hard/crt0.o (memset)
c:/st/stm32cubeide_1.11.0/stm32cubeide/plugins/com.st.stm32cube.ide.mcu.externaltools.gnu-tools-for-stm32.10.3-2021.10.win32_1.0.100.202210260954/tools/bin/../lib/gcc/arm-none-eabi/10.3.1/../../../../arm-none-eabi/lib/thumb/v7e-m+fp/hard\libc_nano.a(lib_a-printf.o)
                              ./Application/User/OTA.o (printf)
c:/st/stm32cubeide_1.11.0/stm32cubeide/plugins/com.st.stm32cube.ide.mcu.externaltools.gnu-tools-for-stm32.10.3-2021.10.win32_1.0.100.202210260954/tools/bin/../lib/gcc/arm-none-eabi/10.3.1/../../../../arm-none-eabi/lib/thumb/v7e-m+fp/hard\libc_nano.a(lib_a-puts.o)
                              ./Application/User/OTA.o (puts)
c:/st/stm32cubeide_1.11.0/stm32cubeide/plugins/com.st.stm32cube.ide.mcu.externaltools.gnu-tools-for-stm32.10.3-2021.10.win32_1.0.100.202210260954/tools/bin/../lib/gcc/arm-none-eabi/10.3.1/../../../../arm-none-eabi/lib/thumb/v7e-m+fp/hard\libc_nano.a(lib_a-rand.o)
                              ./Application/User/app_bluenrg_2.o (srand)
c:/st/stm32cubeide_1.11.0/stm32cubeide/plugins/com.st.stm32cube.ide.mcu.externaltools.gnu-tools-for-stm32.10.3-2021.10.win32_1.0.100.202210260954/tools/bin/../lib/gcc/arm-none-eabi/10.3.1/../../../../arm-none-eabi/lib/thumb/v7e-m+fp/hard\libc_nano.a(lib_a-sprintf.o)
                              ./Application/User/gatt_db.o (sprintf)
c:/st/stm32cubeide_1.11.0/stm32cubeide/plugins/com.st.stm32cube.ide.mcu.externaltools.gnu-tools-for-stm32.10.3-2021.10.win32_1.0.100.202210260954/tools/bin/../lib/gcc/arm-none-eabi/10.3.1/../../../../arm-none-eabi/lib/thumb/v7e-m+fp/hard\libc_nano.a(lib_a-strncmp.o)
                              ./Application/User/gatt_db.o (strncmp)
[...]
Memory Configuration

Name             Origin             Length             Attributes
RAM              0x0000000020000000 0x0000000000018000 xrw
RAM2             0x0000000010000000 0x0000000000008000 xrw
FLASH            0x0000000008004000 0x0000000000100000 xr
*default*        0x0000000000000000 0xffffffffffffffff

Linker script and memory map

LOAD c:/st/stm32cubeide_1.11.0/stm32cubeide/plugins/com.st.stm32cube.ide.mcu.externaltools.gnu-tools-for-stm32.10.3-2021.10.win32_1.0.100.202210260954/tools/bin/../lib/gcc/arm-none-eabi/10.3.1/thumb/v7e-m+fp/hard/crti.o
LOAD c:/st/stm32cubeide_1.11.0/stm32cubeide/plugins/com.st.stm32cube.ide.mcu.externaltools.gnu-tools-for-stm32.10.3-2021.10.win32_1.0.100.202210260954/tools/bin/../lib/gcc/arm-none-eabi/10.3.1/thumb/v7e-m+fp/hard/crtbegin.o
LOAD c:/st/stm32cubeide_1.11.0/stm32cubeide/plugins/com.st.stm32cube.ide.mcu.externaltools.gnu-tools-for-stm32.10.3-2021.10.win32_1.0.100.202210260954/tools/bin/../lib/gcc/arm-none-eabi/10.3.1/../../../../arm-none-eabi/lib/thumb/v7e-m+fp/hard/crt0.o
LOAD ./Application/Startup/startup_stm32l476rgtx.o
LOAD ./Application/User/OTA.o
LOAD ./Application/User/app_bluenrg_2.o
LOAD ./Application/User/gatt_db.o
LOAD ./Application/User/hci_tl_interface.o
LOAD ./Application/User/main.o
LOAD ./Application/User/sensor.o
LOAD ./Application/User/stm32l4xx_hal_msp.o
LOAD ./Application/User/stm32l4xx_it.o
LOAD ./Application/User/stm32l4xx_nucleo.o
LOAD ./Application/User/stm32l4xx_nucleo_bus.o
LOAD ./Application/User/syscalls.o
LOAD ./Application/User/sysmem.o
LOAD ./Application/User/target_platform.o
LOAD ./Drivers/CMSIS/system_stm32l4xx.o
LOAD ./Drivers/STM32L4xx_HAL_Driver/stm32l4xx_hal.o
LOAD ./Drivers/STM32L4xx_HAL_Driver/stm32l4xx_hal_cortex.o
LOAD ./Drivers/STM32L4xx_HAL_Driver/stm32l4xx_hal_crc.o
LOAD ./Drivers/STM32L4xx_HAL_Driver/stm32l4xx_hal_crc_ex.o
LOAD ./Drivers/STM32L4xx_HAL_Driver/stm32l4xx_hal_dma.o
LOAD ./Drivers/STM32L4xx_HAL_Driver/stm32l4xx_hal_dma_ex.o
LOAD ./Drivers/STM32L4xx_HAL_Driver/stm32l4xx_hal_exti.o
LOAD ./Drivers/STM32L4xx_HAL_Driver/stm32l4xx_hal_flash.o
LOAD ./Drivers/STM32L4xx_HAL_Driver/stm32l4xx_hal_flash_ex.o
LOAD ./Drivers/STM32L4xx_HAL_Driver/stm32l4xx_hal_flash_ramfunc.o
LOAD ./Drivers/STM32L4xx_HAL_Driver/stm32l4xx_hal_gpio.o
LOAD ./Drivers/STM32L4xx_HAL_Driver/stm32l4xx_hal_i2c.o
LOAD ./Drivers/STM32L4xx_HAL_Driver/stm32l4xx_hal_i2c_ex.o
LOAD ./Drivers/STM32L4xx_HAL_Driver/stm32l4xx_hal_pwr.o
LOAD ./Drivers/STM32L4xx_HAL_Driver/stm32l4xx_hal_pwr_ex.o
LOAD ./Drivers/STM32L4xx_HAL_Driver/stm32l4xx_hal_rcc.o
LOAD ./Drivers/STM32L4xx_HAL_Driver/stm32l4xx_hal_rcc_ex.o
LOAD ./Drivers/STM32L4xx_HAL_Driver/stm32l4xx_hal_spi.o
LOAD ./Drivers/STM32L4xx_HAL_Driver/stm32l4xx_hal_spi_ex.o
LOAD ./Drivers/STM32L4xx_HAL_Driver/stm32l4xx_hal_tim.o
LOAD ./Drivers/STM32L4xx_HAL_Driver/stm32l4xx_hal_tim_ex.o
LOAD ./Drivers/STM32L4xx_HAL_Driver/stm32l4xx_hal_uart.o
LOAD ./Drivers/STM32L4xx_HAL_Driver/stm32l4xx_hal_uart_ex.o
LOAD ./Middlewares/BlueNRG-2/Wireless/BlueNRG-2/Controller/bluenrg1_gap_aci.o
LOAD ./Middlewares/BlueNRG-2/Wireless/BlueNRG-2/Controller/bluenrg1_gatt_aci.o
LOAD ./Middlewares/BlueNRG-2/Wireless/BlueNRG-2/Controller/bluenrg1_hal_aci.o
LOAD ./Middlewares/BlueNRG-2/Wireless/BlueNRG-2/Controller/bluenrg1_l2cap_aci.o
LOAD ./Middlewares/BlueNRG-2/Wireless/BlueNRG-2/HCI_TL/Basic/bluenrg1_devConfig.o
LOAD ./Middlewares/BlueNRG-2/Wireless/BlueNRG-2/HCI_TL/Basic/bluenrg1_events.o
LOAD ./Middlewares/BlueNRG-2/Wireless/BlueNRG-2/HCI_TL/Basic/bluenrg1_events_cb.o
LOAD ./Middlewares/BlueNRG-2/Wireless/BlueNRG-2/HCI_TL/Basic/bluenrg1_hci_le.o
LOAD ./Middlewares/BlueNRG-2/Wireless/BlueNRG-2/HCI_TL/Basic/hci_tl.o
LOAD ./Middlewares/BlueNRG-2/Wireless/BlueNRG-2/Utils/ble_list.o
START GROUP
LOAD c:/st/stm32cubeide_1.11.0/stm32cubeide/plugins/com.st.stm32cube.ide.mcu.externaltools.gnu-tools-for-stm32.10.3-2021.10.win32_1.0.100.202210260954/tools/bin/../lib/gcc/arm-none-eabi/10.3.1/../../../../arm-none-eabi/lib/thumb/v7e-m+fp/hard\libc_nano.a
LOAD c:/st/stm32cubeide_1.11.0/stm32cubeide/plugins/com.st.stm32cube.ide.mcu.externaltools.gnu-tools-for-stm32.10.3-2021.10.win32_1.0.100.202210260954/tools/bin/../lib/gcc/arm-none-eabi/10.3.1/../../../../arm-none-eabi/lib/thumb/v7e-m+fp/hard\libm.a
END GROUP
START GROUP
LOAD c:/st/stm32cubeide_1.11.0/stm32cubeide/plugins/com.st.stm32cube.ide.mcu.externaltools.gnu-tools-for-stm32.10.3-2021.10.win32_1.0.100.202210260954/tools/bin/../lib/gcc/arm-none-eabi/10.3.1/thumb/v7e-m+fp/hard\libgcc.a
LOAD c:/st/stm32cubeide_1.11.0/stm32cubeide/plugins/com.st.stm32cube.ide.mcu.externaltools.gnu-tools-for-stm32.10.3-2021.10.win32_1.0.100.202210260954/tools/bin/../lib/gcc/arm-none-eabi/10.3.1/../../../../arm-none-eabi/lib/thumb/v7e-m+fp/hard\libc_nano.a
END GROUP
START GROUP
LOAD c:/st/stm32cubeide_1.11.0/stm32cubeide/plugins/com.st.stm32cube.ide.mcu.externaltools.gnu-tools-for-stm32.10.3-2021.10.win32_1.0.100.202210260954/tools/bin/../lib/gcc/arm-none-eabi/10.3.1/thumb/v7e-m+fp/hard\libgcc.a
LOAD c:/st/stm32cubeide_1.11.0/stm32cubeide/plugins/com.st.stm32cube.ide.mcu.externaltools.gnu-tools-for-stm32.10.3-2021.10.win32_1.0.100.202210260954/tools/bin/../lib/gcc/arm-none-eabi/10.3.1/../../../../arm-none-eabi/lib/thumb/v7e-m+fp/hard\libc_nano.a
LOAD c:/st/stm32cubeide_1.11.0/stm32cubeide/plugins/com.st.stm32cube.ide.mcu.externaltools.gnu-tools-for-stm32.10.3-2021.10.win32_1.0.100.202210260954/tools/bin/../lib/gcc/arm-none-eabi/10.3.1/../../../../arm-none-eabi/lib/thumb/v7e-m+fp/hard\libnosys.a
END GROUP
START GROUP
LOAD c:/st/stm32cubeide_1.11.0/stm32cubeide/plugins/com.st.stm32cube.ide.mcu.externaltools.gnu-tools-for-stm32.10.3-2021.10.win32_1.0.100.202210260954/tools/bin/../lib/gcc/arm-none-eabi/10.3.1/thumb/v7e-m+fp/hard\libgcc.a
LOAD c:/st/stm32cubeide_1.11.0/stm32cubeide/plugins/com.st.stm32cube.ide.mcu.externaltools.gnu-tools-for-stm32.10.3-2021.10.win32_1.0.100.202210260954/tools/bin/../lib/gcc/arm-none-eabi/10.3.1/../../../../arm-none-eabi/lib/thumb/v7e-m+fp/hard\libc_nano.a
LOAD c:/st/stm32cubeide_1.11.0/stm32cubeide/plugins/com.st.stm32cube.ide.mcu.externaltools.gnu-tools-for-stm32.10.3-2021.10.win32_1.0.100.202210260954/tools/bin/../lib/gcc/arm-none-eabi/10.3.1/../../../../arm-none-eabi/lib/thumb/v7e-m+fp/hard\libnosys.a
END GROUP
LOAD c:/st/stm32cubeide_1.11.0/stm32cubeide/plugins/com.st.stm32cube.ide.mcu.externaltools.gnu-tools-for-stm32.10.3-2021.10.win32_1.0.100.202210260954/tools/bin/../lib/gcc/arm-none-eabi/10.3.1/thumb/v7e-m+fp/hard/crtend.o
LOAD c:/st/stm32cubeide_1.11.0/stm32cubeide/plugins/com.st.stm32cube.ide.mcu.externaltools.gnu-tools-for-stm32.10.3-2021.10.win32_1.0.100.202210260954/tools/bin/../lib/gcc/arm-none-eabi/10.3.1/thumb/v7e-m+fp/hard/crtn.o
                0x0000000020018000                _estack = (ORIGIN (RAM) + LENGTH (RAM))
                0x0000000000000200                _Min_Heap_Size = 0x200
                0x0000000000000400                _Min_Stack_Size = 0x400

.isr_vector     0x0000000008004000      0x188
                0x0000000008004000                . = ALIGN (0x4)
 *(.isr_vector)
 .isr_vector    0x0000000008004000      0x188 ./Application/Startup/startup_stm32l476rgtx.o
                0x0000000008004000                g_pfnVectors
                0x0000000008004188                . = ALIGN (0x4)

.text           0x0000000008004190     0xcdac
                0x0000000008004190                . = ALIGN (0x4)
 *(.text)
 .text          0x0000000008004190       0x40 c:/st/stm32cubeide_1.11.0/stm32cubeide/plugins/com.st.stm32cube.ide.mcu.externaltools.gnu-tools-for-stm32.10.3-2021.10.win32_1.0.100.202210260954/tools/bin/../lib/gcc/arm-none-eabi/10.3.1/thumb/v7e-m+fp/hard/crtbegin.o
 .text          0x00000000080041d0       0xa0 c:/st/stm32cubeide_1.11.0/stm32cubeide/plugins/com.st.stm32cube.ide.mcu.externaltools.gnu-tools-for-stm32.10.3-2021.10.win32_1.0.100.202210260954/tools/bin/../lib/gcc/arm-none-eabi/10.3.1/../../../../arm-none-eabi/lib/thumb/v7e-m+fp/hard\libc_nano.a(lib_a-memchr.o)
                0x00000000080041d0                memchr
 .text          0x0000000008004270      0x378 c:/st/stm32cubeide_1.11.0/stm32cubeide/plugins/com.st.stm32cube.ide.mcu.externaltools.gnu-tools-for-stm32.10.3-2021.10.win32_1.0.100.202210260954/tools/bin/../lib/gcc/arm-none-eabi/10.3.1/thumb/v7e-m+fp/hard\libgcc.a(_arm_addsubdf3.o)
                0x0000000008004270                __aeabi_drsub
                0x0000000008004278                __aeabi_dsub
                0x0000000008004278                __subdf3
                0x000000000800427c                __aeabi_dadd
                0x000000000800427c                __adddf3
                0x00000000080044f4                __floatunsidf
                0x00000000080044f4                __aeabi_ui2d
                0x0000000008004514                __floatsidf
                0x0000000008004514                __aeabi_i2d
                0x0000000008004538                __aeabi_f2d
                0x0000000008004538                __extendsfdf2
                0x000000000800457c                __floatundidf
                0x000000000800457c                __aeabi_ul2d
                0x000000000800458c                __floatdidf
                0x000000000800458c                __aeabi_l2d
 .text          0x00000000080045e8       0xa0 c:/st/stm32cubeide_1.11.0/stm32cubeide/plugins/com.st.stm32cube.ide.mcu.externaltools.gnu-tools-for-stm32.10.3-2021.10.win32_1.0.100.202210260954/tools/bin/../lib/gcc/arm-none-eabi/10.3.1/thumb/v7e-m+fp/hard\libgcc.a(_arm_truncdfsf2.o)
                0x00000000080045e8                __truncdfsf2
                0x00000000080045e8                __aeabi_d2f
 .text          0x0000000008004688       0x30 c:/st/stm32cubeide_1.11.0/stm32cubeide/plugins/com.st.stm32cube.ide.mcu.externaltools.gnu-tools-for-stm32.10.3-2021.10.win32_1.0.100.202210260954/tools/bin/../lib/gcc/arm-none-eabi/10.3.1/thumb/v7e-m+fp/hard\libgcc.a(_aeabi_uldivmod.o)
                0x0000000008004688                __aeabi_uldivmod
 .text          0x00000000080046b8      0x2d0 c:/st/stm32cubeide_1.11.0/stm32cubeide/plugins/com.st.stm32cube.ide.mcu.externaltools.gnu-tools-for-stm32.10.3-2021.10.win32_1.0.100.202210260954/tools/bin/../lib/gcc/arm-none-eabi/10.3.1/thumb/v7e-m+fp/hard\libgcc.a(_udivmoddi4.o)
                0x00000000080046b8                __udivmoddi4
 .text          0x0000000008004988        0x4 c:/st/stm32cubeide_1.11.0/stm32cubeide/plugins/com.st.stm32cube.ide.mcu.externaltools.gnu-tools-for-stm32.10.3-2021.10.win32_1.0.100.202210260954/tools/bin/../lib/gcc/arm-none-eabi/10.3.1/thumb/v7e-m+fp/hard\libgcc.a(_dvmd_tls.o)
                0x0000000008004988                __aeabi_idiv0
                0x0000000008004988                __aeabi_ldiv0
 *(.text*)
 .text.Reset_Handler
                0x000000000800498c       0x50 ./Application/Startup/startup_stm32l476rgtx.o
                0x000000000800498c                Reset_Handler
 .text.Default_Handler
                0x00000000080049dc        0x2 ./Application/Startup/startup_stm32l476rgtx.o
                0x00000000080049dc                RTC_Alarm_IRQHandler
                0x00000000080049dc                EXTI2_IRQHandler
                0x00000000080049dc                TIM8_TRG_COM_IRQHandler
                0x00000000080049dc                TIM8_CC_IRQHandler
                0x00000000080049dc                TIM1_CC_IRQHandler
                0x00000000080049dc                TSC_IRQHandler
                0x00000000080049dc                TAMP_STAMP_IRQHandler
                0x00000000080049dc                EXTI3_IRQHandler
                0x00000000080049dc                LPTIM2_IRQHandler
                0x00000000080049dc                DFSDM1_FLT1_IRQHandler
                0x00000000080049dc                I2C3_ER_IRQHandler
                0x00000000080049dc                DFSDM1_FLT2_IRQHandler
                0x00000000080049dc                I2C2_EV_IRQHandler
                0x00000000080049dc                CAN1_RX0_IRQHandler
                0x00000000080049dc                FPU_IRQHandler
                0x00000000080049dc                TIM1_UP_TIM16_IRQHandler
                0x00000000080049dc                ADC1_2_IRQHandler
                0x00000000080049dc                SPI1_IRQHandler
                0x00000000080049dc                TIM6_DAC_IRQHandler
                0x00000000080049dc                TIM8_UP_IRQHandler
                0x00000000080049dc                DMA2_Channel2_IRQHandler
                0x00000000080049dc                DMA1_Channel4_IRQHandler
                0x00000000080049dc                SAI2_IRQHandler
                0x00000000080049dc                DFSDM1_FLT3_IRQHandler
                0x00000000080049dc                USART3_IRQHandler
                0x00000000080049dc                DMA1_Channel7_IRQHandler
                0x00000000080049dc                CAN1_RX1_IRQHandler
                0x00000000080049dc                LCD_IRQHandler
                0x00000000080049dc                UART5_IRQHandler
                0x00000000080049dc                ADC3_IRQHandler
                0x00000000080049dc                TIM4_IRQHandler
                0x00000000080049dc                DMA2_Channel1_IRQHandler
                0x00000000080049dc                QUADSPI_IRQHandler
                0x00000000080049dc                I2C1_EV_IRQHandler
                0x00000000080049dc                DMA1_Channel6_IRQHandler
                0x00000000080049dc                UART4_IRQHandler
                0x00000000080049dc                DMA2_Channel4_IRQHandler
                0x00000000080049dc                TIM3_IRQHandler
                0x00000000080049dc                RCC_IRQHandler
                0x00000000080049dc                DMA1_Channel1_IRQHandler
                0x00000000080049dc                Default_Handler
                0x00000000080049dc                DMA2_Channel7_IRQHandler
                0x00000000080049dc                TIM7_IRQHandler
                0x00000000080049dc                SDMMC1_IRQHandler
                0x00000000080049dc                TIM5_IRQHandler
                0x00000000080049dc                I2C3_EV_IRQHandler
                0x00000000080049dc                EXTI9_5_IRQHandler
                0x00000000080049dc                RTC_WKUP_IRQHandler
                0x00000000080049dc                PVD_PVM_IRQHandler
                0x00000000080049dc                SPI2_IRQHandler
                0x00000000080049dc                CAN1_TX_IRQHandler
                0x00000000080049dc                DMA2_Channel5_IRQHandler
                0x00000000080049dc                DMA1_Channel5_IRQHandler
                0x00000000080049dc                EXTI4_IRQHandler
                0x00000000080049dc                RNG_IRQHandler
                0x00000000080049dc                TIM1_TRG_COM_TIM17_IRQHandler
                0x00000000080049dc                DMA1_Channel3_IRQHandler
                0x00000000080049dc                COMP_IRQHandler
                0x00000000080049dc                WWDG_IRQHandler
                0x00000000080049dc                LPUART1_IRQHandler
                0x00000000080049dc                DMA2_Channel6_IRQHandler
                0x00000000080049dc                TIM2_IRQHandler
                0x00000000080049dc                EXTI1_IRQHandler
                0x00000000080049dc                USART2_IRQHandler
                0x00000000080049dc                DFSDM1_FLT0_IRQHandler
                0x00000000080049dc                I2C2_ER_IRQHandler
                0x00000000080049dc                DMA1_Channel2_IRQHandler
                0x00000000080049dc                TIM8_BRK_IRQHandler
                0x00000000080049dc                CAN1_SCE_IRQHandler
                0x00000000080049dc                FLASH_IRQHandler
                0x00000000080049dc                USART1_IRQHandler
                0x00000000080049dc                OTG_FS_IRQHandler
                0x00000000080049dc                SPI3_IRQHandler
                0x00000000080049dc                I2C1_ER_IRQHandler
                0x00000000080049dc                FMC_IRQHandler
                0x00000000080049dc                SWPMI1_IRQHandler
                0x00000000080049dc                LPTIM1_IRQHandler
                0x00000000080049dc                SAI1_IRQHandler
                0x00000000080049dc                DMA2_Channel3_IRQHandler
                0x00000000080049dc                TIM1_BRK_TIM15_IRQHandler
 *fill*         0x00000000080049de        0x2 
 .text.CheckBootLoaderCompliance
                0x00000000080049e0      0x130 ./Application/User/OTA.o
                0x00000000080049e0                CheckBootLoaderCompliance
 .text.UpdateFWBlueNRG
                0x0000000008004b10      0x240 ./Application/User/OTA.o
                0x0000000008004b10                UpdateFWBlueNRG
 .text.StartUpdateFWBlueNRG
                0x0000000008004d50       0x98 ./Application/User/OTA.o
                0x0000000008004d50                StartUpdateFWBlueNRG
 .text.MX_BlueNRG_2_Init
                0x0000000008004de8       0x4c ./Application/User/app_bluenrg_2.o
                0x0000000008004de8                MX_BlueNRG_2_Init
 .text.MX_BlueNRG_2_Process
                0x0000000008004e34       0x10 ./Application/User/app_bluenrg_2.o
                0x0000000008004e34                MX_BlueNRG_2_Process
 .text.User_Init
                0x0000000008004e44       0x1c ./Application/User/app_bluenrg_2.o
 .text.Sensor_DeviceInit
                0x0000000008004e60      0x14c ./Application/User/app_bluenrg_2.o
 .text.User_Process
                0x0000000008004fac      0x15c ./Application/User/app_bluenrg_2.o
 .text.Set_Random_Environmental_Values
                0x0000000008005108      0x100 ./Application/User/app_bluenrg_2.o
 .text.Set_Random_Motion_Values
                0x0000000008005208     0x10dc ./Application/User/app_bluenrg_2.o
 .text.Reset_Motion_Values
                0x00000000080062e4      0x1d4 ./Application/User/app_bluenrg_2.o
 .text.getBlueNRGVersion
                0x00000000080064b8       0x88 ./Application/User/app_bluenrg_2.o
                0x00000000080064b8                getBlueNRGVersion
 .text.BSP_PB_Callback
                0x0000000008006540       0x20 ./Application/User/app_bluenrg_2.o
                0x0000000008006540                BSP_PB_Callback
 .text.hci_le_connection_complete_event
                0x0000000008006560       0x54 ./Application/User/app_bluenrg_2.o
                0x0000000008006560                hci_le_connection_complete_event
 .text.hci_disconnection_complete_event
                0x00000000080065b4       0x54 ./Application/User/app_bluenrg_2.o
                0x00000000080065b4                hci_disconnection_complete_event
 .text.aci_gatt_read_permit_req_event
                0x0000000008006608       0x22 ./Application/User/app_bluenrg_2.o
                0x0000000008006608                aci_gatt_read_permit_req_event
 .text.aci_gatt_attribute_modified_event
                0x000000000800662a       0x3a ./Application/User/app_bluenrg_2.o
                0x000000000800662a                aci_gatt_attribute_modified_event
 .text.aci_gap_pass_key_req_event
                0x0000000008006664       0x2c ./Application/User/app_bluenrg_2.o
                0x0000000008006664                aci_gap_pass_key_req_event
 .text.aci_gap_pairing_complete_event
                0x0000000008006690       0x30 ./Application/User/app_bluenrg_2.o
                0x0000000008006690                aci_gap_pairing_complete_event
 .text.Add_HWServW2ST_Service
                0x00000000080066c0      0x1b4 ./Application/User/gatt_db.o
                0x00000000080066c0                Add_HWServW2ST_Service
 .text.Add_SWServW2ST_Service
                0x0000000008006874      0x120 ./Application/User/gatt_db.o
                0x0000000008006874                Add_SWServW2ST_Service
 .text.Add_ConsoleW2ST_Service
                0x0000000008006994      0x1a4 ./Application/User/gatt_db.o
                0x0000000008006994                Add_ConsoleW2ST_Service
 .text.Environmental_Update
                0x0000000008006b38       0x8c ./Application/User/gatt_db.o
                0x0000000008006b38                Environmental_Update
 .text.Acc_Update
                0x0000000008006bc4      0x114 ./Application/User/gatt_db.o
                0x0000000008006bc4                Acc_Update
 .text.Quat_Update
                0x0000000008006cd8       0x8c ./Application/User/gatt_db.o
                0x0000000008006cd8                Quat_Update
 .text.Term_Update
                0x0000000008006d64       0x90 ./Application/User/gatt_db.o
                0x0000000008006d64                Term_Update
 .text.Term_Update_AfterRead
                0x0000000008006df4       0x44 ./Application/User/gatt_db.o
                0x0000000008006df4                Term_Update_AfterRead
 .text.Read_Request_CB
                0x0000000008006e38      0x1a8 ./Application/User/gatt_db.o
                0x0000000008006e38                Read_Request_CB
 .text.Attribute_Modified_Request_CB
                0x0000000008006fe0      0x174 ./Application/User/gatt_db.o
                0x0000000008006fe0                Attribute_Modified_Request_CB
 .text.DebugConsoleCommandParsing
                0x0000000008007154      0x338 ./Application/User/gatt_db.o
 .text.getBlueNRG2_Version
                0x000000000800748c       0xc2 ./Application/User/gatt_db.o
 .text.HCI_TL_SPI_Enable_IRQ
                0x000000000800754e        0xe ./Application/User/hci_tl_interface.o
 .text.HCI_TL_SPI_Disable_IRQ
                0x000000000800755c        0xe ./Application/User/hci_tl_interface.o
 *fill*         0x000000000800756a        0x2 
 .text.HCI_TL_SPI_Init
                0x000000000800756c       0x98 ./Application/User/hci_tl_interface.o
                0x000000000800756c                HCI_TL_SPI_Init
 .text.HCI_TL_SPI_DeInit
                0x0000000008007604       0x2a ./Application/User/hci_tl_interface.o
                0x0000000008007604                HCI_TL_SPI_DeInit
 .text.HCI_TL_SPI_Reset
                0x000000000800762e       0x3e ./Application/User/hci_tl_interface.o
                0x000000000800762e                HCI_TL_SPI_Reset
 .text.HCI_TL_SPI_Receive
                0x000000000800766c       0xe4 ./Application/User/hci_tl_interface.o
                0x000000000800766c                HCI_TL_SPI_Receive
 .text.HCI_TL_SPI_Send
                0x0000000008007750      0x11c ./Application/User/hci_tl_interface.o
                0x0000000008007750                HCI_TL_SPI_Send
 .text.IsDataAvailable
                0x000000000800786c       0x1e ./Application/User/hci_tl_interface.o
 *fill*         0x000000000800788a        0x2 
 .text.hci_tl_lowlevel_init
                0x000000000800788c       0x74 ./Application/User/hci_tl_interface.o
                0x000000000800788c                hci_tl_lowlevel_init
 .text.hci_tl_lowlevel_isr
                0x0000000008007900       0x22 ./Application/User/hci_tl_interface.o
                0x0000000008007900                hci_tl_lowlevel_isr
 .text.main     0x0000000008007922       0x1e ./Application/User/main.o
                0x0000000008007922                main
 .text.SystemClock_Config
                0x0000000008007940       0xa2 ./Application/User/main.o
                0x0000000008007940                SystemClock_Config
 *fill*         0x00000000080079e2        0x2 
 .text.MX_CRC_Init
                0x00000000080079e4       0x44 ./Application/User/main.o
 .text.MX_GPIO_Init
                0x0000000008007a28       0xec ./Application/User/main.o
 .text.Error_Handler
                0x0000000008007b14        0xa ./Application/User/main.o
                0x0000000008007b14                Error_Handler
 *fill*         0x0000000008007b1e        0x2 
 .text.Set_DeviceConnectable
                0x0000000008007b20       0xe8 ./Application/User/sensor.o
                0x0000000008007b20                Set_DeviceConnectable
 .text.APP_UserEvtRx
                0x0000000008007c08       0xf0 ./Application/User/sensor.o
                0x0000000008007c08                APP_UserEvtRx
 .text.HAL_MspInit
                0x0000000008007cf8       0x48 ./Application/User/stm32l4xx_hal_msp.o
                0x0000000008007cf8                HAL_MspInit
 .text.HAL_CRC_MspInit
                0x0000000008007d40       0x40 ./Application/User/stm32l4xx_hal_msp.o
                0x0000000008007d40                HAL_CRC_MspInit
 .text.HAL_CRC_MspDeInit
                0x0000000008007d80       0x34 ./Application/User/stm32l4xx_hal_msp.o
                0x0000000008007d80                HAL_CRC_MspDeInit
 .text.NMI_Handler
                0x0000000008007db4        0x6 ./Application/User/stm32l4xx_it.o
                0x0000000008007db4                NMI_Handler
 .text.HardFault_Handler
                0x0000000008007dba        0x6 ./Application/User/stm32l4xx_it.o
                0x0000000008007dba                HardFault_Handler
 .text.MemManage_Handler
                0x0000000008007dc0        0x6 ./Application/User/stm32l4xx_it.o
                0x0000000008007dc0                MemManage_Handler
 .text.BusFault_Handler
                0x0000000008007dc6        0x6 ./Application/User/stm32l4xx_it.o
                0x0000000008007dc6                BusFault_Handler
 .text.UsageFault_Handler
                0x0000000008007dcc        0x6 ./Application/User/stm32l4xx_it.o
                0x0000000008007dcc                UsageFault_Handler
 .text.SVC_Handler
                0x0000000008007dd2        0xe ./Application/User/stm32l4xx_it.o
                0x0000000008007dd2                SVC_Handler
 .text.DebugMon_Handler
                0x0000000008007de0        0xe ./Application/User/stm32l4xx_it.o
                0x0000000008007de0                DebugMon_Handler
 .text.PendSV_Handler
                0x0000000008007dee        0xe ./Application/User/stm32l4xx_it.o
                0x0000000008007dee                PendSV_Handler
 .text.SysTick_Handler
                0x0000000008007dfc        0xc ./Application/User/stm32l4xx_it.o
                0x0000000008007dfc                SysTick_Handler
 .text.EXTI0_IRQHandler
                0x0000000008007e08       0x14 ./Application/User/stm32l4xx_it.o
                0x0000000008007e08                EXTI0_IRQHandler
 .text.EXTI15_10_IRQHandler
                0x0000000008007e1c       0x14 ./Application/User/stm32l4xx_it.o
                0x0000000008007e1c                EXTI15_10_IRQHandler
 .text.BSP_LED_Init
                0x0000000008007e30       0x24 ./Application/User/stm32l4xx_nucleo.o
                0x0000000008007e30                BSP_LED_Init
 .text.BSP_LED_On
                0x0000000008007e54       0x2c ./Application/User/stm32l4xx_nucleo.o
                0x0000000008007e54                BSP_LED_On
 .text.BSP_LED_Off
                0x0000000008007e80       0x2c ./Application/User/stm32l4xx_nucleo.o
                0x0000000008007e80                BSP_LED_Off
 .text.BSP_LED_Toggle
                0x0000000008007eac       0x2c ./Application/User/stm32l4xx_nucleo.o
                0x0000000008007eac                BSP_LED_Toggle
 .text.LED_USER_GPIO_Init
                0x0000000008007ed8       0x7c ./Application/User/stm32l4xx_nucleo.o
 .text.BSP_PB_Init
                0x0000000008007f54       0xa8 ./Application/User/stm32l4xx_nucleo.o
                0x0000000008007f54                BSP_PB_Init
 .text.BSP_PB_GetState
                0x0000000008007ffc       0x38 ./Application/User/stm32l4xx_nucleo.o
                0x0000000008007ffc                BSP_PB_GetState
 .text.BUTTON_USER_EXTI_Callback
                0x0000000008008034        0xe ./Application/User/stm32l4xx_nucleo.o
 *fill*         0x0000000008008042        0x2 
 .text.BUTTON_USER_GPIO_Init
                0x0000000008008044       0x74 ./Application/User/stm32l4xx_nucleo.o
 .text.BSP_COM_Init
                0x00000000080080b8       0x7c ./Application/User/stm32l4xx_nucleo.o
                0x00000000080080b8                BSP_COM_Init
 .text.MX_USART2_UART_Init
                0x0000000008008134       0x68 ./Application/User/stm32l4xx_nucleo.o
                0x0000000008008134                MX_USART2_UART_Init
 .text.__io_putchar
                0x000000000800819c       0x38 ./Application/User/stm32l4xx_nucleo.o
                0x000000000800819c                __io_putchar
 .text.USART2_MspInit
                0x00000000080081d4       0xbc ./Application/User/stm32l4xx_nucleo.o
 .text.BSP_SPI1_Init
                0x0000000008008290       0x60 ./Application/User/stm32l4xx_nucleo_bus.o
                0x0000000008008290                BSP_SPI1_Init
 .text.BSP_SPI1_SendRecv
                0x00000000080082f0       0x40 ./Application/User/stm32l4xx_nucleo_bus.o
                0x00000000080082f0                BSP_SPI1_SendRecv
 .text.BSP_GetTick
                0x0000000008008330        0xe ./Application/User/stm32l4xx_nucleo_bus.o
                0x0000000008008330                BSP_GetTick
 *fill*         0x000000000800833e        0x2 
 .text.MX_SPI1_Init
                0x0000000008008340       0x84 ./Application/User/stm32l4xx_nucleo_bus.o
                0x0000000008008340                MX_SPI1_Init
 .text.SPI1_MspInit
                0x00000000080083c4       0xc4 ./Application/User/stm32l4xx_nucleo_bus.o
 .text._getpid  0x0000000008008488       0x10 ./Application/User/syscalls.o
                0x0000000008008488                _getpid
 .text._kill    0x0000000008008498       0x20 ./Application/User/syscalls.o
                0x0000000008008498                _kill
 .text._exit    0x00000000080084b8       0x14 ./Application/User/syscalls.o
                0x00000000080084b8                _exit
 .text._read    0x00000000080084cc       0x3a ./Application/User/syscalls.o
                0x00000000080084cc                _read
 .text._write   0x0000000008008506       0x38 ./Application/User/syscalls.o
                0x0000000008008506                _write
 .text._close   0x000000000800853e       0x18 ./Application/User/syscalls.o
                0x000000000800853e                _close
 .text._fstat   0x0000000008008556       0x20 ./Application/User/syscalls.o
                0x0000000008008556                _fstat
 .text._isatty  0x0000000008008576       0x16 ./Application/User/syscalls.o
                0x0000000008008576                _isatty
 .text._lseek   0x000000000800858c       0x1a ./Application/User/syscalls.o
                0x000000000800858c                _lseek
 *fill*         0x00000000080085a6        0x2 
 .text._sbrk    0x00000000080085a8       0x6c ./Application/User/sysmem.o
                0x00000000080085a8                _sbrk
 .text.GetPage  0x0000000008008614       0x84 ./Application/User/target_platform.o
                0x0000000008008614                GetPage
 .text.GetBank  0x0000000008008698       0x9c ./Application/User/target_platform.o
                0x0000000008008698                GetBank
 .text.SystemInit
                0x0000000008008734       0x6c ./Drivers/CMSIS/system_stm32l4xx.o
                0x0000000008008734                SystemInit
 .text.HAL_Init
                0x00000000080087a0       0x40 ./Drivers/STM32L4xx_HAL_Driver/stm32l4xx_hal.o
                0x00000000080087a0                HAL_Init
 .text.HAL_InitTick
                0x00000000080087e0       0x78 ./Drivers/STM32L4xx_HAL_Driver/stm32l4xx_hal.o
                0x00000000080087e0                HAL_InitTick
 .text.HAL_IncTick
                0x0000000008008858       0x28 ./Drivers/STM32L4xx_HAL_Driver/stm32l4xx_hal.o
                0x0000000008008858                HAL_IncTick
 .text.HAL_GetTick
                0x0000000008008880       0x18 ./Drivers/STM32L4xx_HAL_Driver/stm32l4xx_hal.o
                0x0000000008008880                HAL_GetTick
 .text.HAL_Delay
                0x0000000008008898       0x48 ./Drivers/STM32L4xx_HAL_Driver/stm32l4xx_hal.o
                0x0000000008008898                HAL_Delay
 .text.HAL_GetHalVersion
                0x00000000080088e0       0x14 ./Drivers/STM32L4xx_HAL_Driver/stm32l4xx_hal.o
                0x00000000080088e0                HAL_GetHalVersion
 .text.__NVIC_SetPriorityGrouping
                0x00000000080088f4       0x48 ./Drivers/STM32L4xx_HAL_Driver/stm32l4xx_hal_cortex.o
 .text.__NVIC_GetPriorityGrouping
                0x000000000800893c       0x1c ./Drivers/STM32L4xx_HAL_Driver/stm32l4xx_hal_cortex.o
 .text.__NVIC_EnableIRQ
                0x0000000008008958       0x3c ./Drivers/STM32L4xx_HAL_Driver/stm32l4xx_hal_cortex.o
 .text.__NVIC_DisableIRQ
                0x0000000008008994       0x48 ./Drivers/STM32L4xx_HAL_Driver/stm32l4xx_hal_cortex.o
 .text.__NVIC_SetPriority
                0x00000000080089dc       0x54 ./Drivers/STM32L4xx_HAL_Driver/stm32l4xx_hal_cortex.o
 .text.NVIC_EncodePriority
                0x0000000008008a30       0x66 ./Drivers/STM32L4xx_HAL_Driver/stm32l4xx_hal_cortex.o
 *fill*         0x0000000008008a96        0x2 
 .text.__NVIC_SystemReset
                0x0000000008008a98       0x2c ./Drivers/STM32L4xx_HAL_Driver/stm32l4xx_hal_cortex.o
 .text.SysTick_Config
                0x0000000008008ac4       0x44 ./Drivers/STM32L4xx_HAL_Driver/stm32l4xx_hal_cortex.o
 .text.HAL_NVIC_SetPriorityGrouping
                0x0000000008008b08       0x16 ./Drivers/STM32L4xx_HAL_Driver/stm32l4xx_hal_cortex.o
                0x0000000008008b08                HAL_NVIC_SetPriorityGrouping
 .text.HAL_NVIC_SetPriority
                0x0000000008008b1e       0x38 ./Drivers/STM32L4xx_HAL_Driver/stm32l4xx_hal_cortex.o
                0x0000000008008b1e                HAL_NVIC_SetPriority
 .text.HAL_NVIC_EnableIRQ
                0x0000000008008b56       0x1c ./Drivers/STM32L4xx_HAL_Driver/stm32l4xx_hal_cortex.o
                0x0000000008008b56                HAL_NVIC_EnableIRQ
 .text.HAL_NVIC_DisableIRQ
                0x0000000008008b72       0x1c ./Drivers/STM32L4xx_HAL_Driver/stm32l4xx_hal_cortex.o
                0x0000000008008b72                HAL_NVIC_DisableIRQ
 .text.HAL_NVIC_SystemReset
                0x0000000008008b8e        0x8 ./Drivers/STM32L4xx_HAL_Driver/stm32l4xx_hal_cortex.o
                0x0000000008008b8e                HAL_NVIC_SystemReset
 .text.HAL_SYSTICK_Config
                0x0000000008008b96       0x18 ./Drivers/STM32L4xx_HAL_Driver/stm32l4xx_hal_cortex.o
                0x0000000008008b96                HAL_SYSTICK_Config
 *fill*         0x0000000008008bae        0x2 
 .text.HAL_CRC_Init
                0x0000000008008bb0       0xc8 ./Drivers/STM32L4xx_HAL_Driver/stm32l4xx_hal_crc.o
                0x0000000008008bb0                HAL_CRC_Init
 .text.HAL_CRC_DeInit
                0x0000000008008c78       0x60 ./Drivers/STM32L4xx_HAL_Driver/stm32l4xx_hal_crc.o
                0x0000000008008c78                HAL_CRC_DeInit
 .text.HAL_CRC_Calculate
                0x0000000008008cd8       0x98 ./Drivers/STM32L4xx_HAL_Driver/stm32l4xx_hal_crc.o
                0x0000000008008cd8                HAL_CRC_Calculate
 .text.HAL_CRC_GetState
                0x0000000008008d70       0x1a ./Drivers/STM32L4xx_HAL_Driver/stm32l4xx_hal_crc.o
                0x0000000008008d70                HAL_CRC_GetState
 .text.CRC_Handle_8
                0x0000000008008d8a      0x11c ./Drivers/STM32L4xx_HAL_Driver/stm32l4xx_hal_crc.o
 .text.CRC_Handle_16
                0x0000000008008ea6       0x74 ./Drivers/STM32L4xx_HAL_Driver/stm32l4xx_hal_crc.o
 *fill*         0x0000000008008f1a        0x2 
 .text.HAL_CRCEx_Polynomial_Set
                0x0000000008008f1c      0x10c ./Drivers/STM32L4xx_HAL_Driver/stm32l4xx_hal_crc_ex.o
                0x0000000008008f1c                HAL_CRCEx_Polynomial_Set
 .text.HAL_EXTI_RegisterCallback
                0x0000000008009028       0x34 ./Drivers/STM32L4xx_HAL_Driver/stm32l4xx_hal_exti.o
                0x0000000008009028                HAL_EXTI_RegisterCallback
 .text.HAL_EXTI_GetHandle
                0x000000000800905c       0x28 ./Drivers/STM32L4xx_HAL_Driver/stm32l4xx_hal_exti.o
                0x000000000800905c                HAL_EXTI_GetHandle
 .text.HAL_EXTI_IRQHandler
                0x0000000008009084       0x60 ./Drivers/STM32L4xx_HAL_Driver/stm32l4xx_hal_exti.o
                0x0000000008009084                HAL_EXTI_IRQHandler
 .text.HAL_FLASH_Program
                0x00000000080090e4       0xd8 ./Drivers/STM32L4xx_HAL_Driver/stm32l4xx_hal_flash.o
                0x00000000080090e4                HAL_FLASH_Program
 .text.HAL_FLASH_Unlock
                0x00000000080091bc       0x44 ./Drivers/STM32L4xx_HAL_Driver/stm32l4xx_hal_flash.o
                0x00000000080091bc                HAL_FLASH_Unlock
 .text.HAL_FLASH_Lock
                0x0000000008009200       0x20 ./Drivers/STM32L4xx_HAL_Driver/stm32l4xx_hal_flash.o
                0x0000000008009200                HAL_FLASH_Lock
 .text.FLASH_WaitForLastOperation
                0x0000000008009220       0xac ./Drivers/STM32L4xx_HAL_Driver/stm32l4xx_hal_flash.o
                0x0000000008009220                FLASH_WaitForLastOperation
 .text.FLASH_Program_DoubleWord
                0x00000000080092cc       0x4c ./Drivers/STM32L4xx_HAL_Driver/stm32l4xx_hal_flash.o
 .text.FLASH_Program_Fast
                0x0000000008009318       0x6c ./Drivers/STM32L4xx_HAL_Driver/stm32l4xx_hal_flash.o
 .text.HAL_FLASHEx_Erase
                0x0000000008009384      0x138 ./Drivers/STM32L4xx_HAL_Driver/stm32l4xx_hal_flash_ex.o
                0x0000000008009384                HAL_FLASHEx_Erase
 .text.FLASH_MassErase
                0x00000000080094bc       0x50 ./Drivers/STM32L4xx_HAL_Driver/stm32l4xx_hal_flash_ex.o
 .text.FLASH_PageErase
                0x000000000800950c       0x6c ./Drivers/STM32L4xx_HAL_Driver/stm32l4xx_hal_flash_ex.o
                0x000000000800950c                FLASH_PageErase
 .text.FLASH_FlushCaches
                0x0000000008009578       0x94 ./Drivers/STM32L4xx_HAL_Driver/stm32l4xx_hal_flash_ex.o
                0x0000000008009578                FLASH_FlushCaches
 .text.HAL_GPIO_Init
                0x000000000800960c      0x354 ./Drivers/STM32L4xx_HAL_Driver/stm32l4xx_hal_gpio.o
                0x000000000800960c                HAL_GPIO_Init
 .text.HAL_GPIO_DeInit
                0x0000000008009960      0x1e8 ./Drivers/STM32L4xx_HAL_Driver/stm32l4xx_hal_gpio.o
                0x0000000008009960                HAL_GPIO_DeInit
 .text.HAL_GPIO_ReadPin
                0x0000000008009b48       0x30 ./Drivers/STM32L4xx_HAL_Driver/stm32l4xx_hal_gpio.o
                0x0000000008009b48                HAL_GPIO_ReadPin
 .text.HAL_GPIO_WritePin
                0x0000000008009b78       0x30 ./Drivers/STM32L4xx_HAL_Driver/stm32l4xx_hal_gpio.o
                0x0000000008009b78                HAL_GPIO_WritePin
 .text.HAL_GPIO_TogglePin
                0x0000000008009ba8       0x34 ./Drivers/STM32L4xx_HAL_Driver/stm32l4xx_hal_gpio.o
                0x0000000008009ba8                HAL_GPIO_TogglePin
 .text.HAL_PWREx_GetVoltageRange
                0x0000000008009bdc       0x1c ./Drivers/STM32L4xx_HAL_Driver/stm32l4xx_hal_pwr_ex.o
                0x0000000008009bdc                HAL_PWREx_GetVoltageRange
 .text.HAL_PWREx_ControlVoltageScaling
                0x0000000008009bf8       0xac ./Drivers/STM32L4xx_HAL_Driver/stm32l4xx_hal_pwr_ex.o
                0x0000000008009bf8                HAL_PWREx_ControlVoltageScaling
 .text.HAL_RCC_OscConfig
                0x0000000008009ca4      0x7d0 ./Drivers/STM32L4xx_HAL_Driver/stm32l4xx_hal_rcc.o
                0x0000000008009ca4                HAL_RCC_OscConfig
 .text.HAL_RCC_ClockConfig
                0x000000000800a474      0x1c4 ./Drivers/STM32L4xx_HAL_Driver/stm32l4xx_hal_rcc.o
                0x000000000800a474                HAL_RCC_ClockConfig
 .text.HAL_RCC_GetSysClockFreq
                0x000000000800a638      0x118 ./Drivers/STM32L4xx_HAL_Driver/stm32l4xx_hal_rcc.o
                0x000000000800a638                HAL_RCC_GetSysClockFreq
 .text.HAL_RCC_GetHCLKFreq
                0x000000000800a750       0x18 ./Drivers/STM32L4xx_HAL_Driver/stm32l4xx_hal_rcc.o
                0x000000000800a750                HAL_RCC_GetHCLKFreq
 .text.HAL_RCC_GetPCLK1Freq
                0x000000000800a768       0x2c ./Drivers/STM32L4xx_HAL_Driver/stm32l4xx_hal_rcc.o
                0x000000000800a768                HAL_RCC_GetPCLK1Freq
 .text.HAL_RCC_GetPCLK2Freq
                0x000000000800a794       0x2c ./Drivers/STM32L4xx_HAL_Driver/stm32l4xx_hal_rcc.o
                0x000000000800a794                HAL_RCC_GetPCLK2Freq
 .text.RCC_SetFlashLatencyFromMSIRange
                0x000000000800a7c0       0xc0 ./Drivers/STM32L4xx_HAL_Driver/stm32l4xx_hal_rcc.o
 .text.HAL_RCCEx_PeriphCLKConfig
                0x000000000800a880      0x5d4 ./Drivers/STM32L4xx_HAL_Driver/stm32l4xx_hal_rcc_ex.o
                0x000000000800a880                HAL_RCCEx_PeriphCLKConfig
 .text.RCCEx_PLLSAI1_Config
                0x000000000800ae54      0x1e8 ./Drivers/STM32L4xx_HAL_Driver/stm32l4xx_hal_rcc_ex.o
 .text.RCCEx_PLLSAI2_Config
                0x000000000800b03c      0x1bc ./Drivers/STM32L4xx_HAL_Driver/stm32l4xx_hal_rcc_ex.o
 .text.HAL_SPI_Init
                0x000000000800b1f8      0x146 ./Drivers/STM32L4xx_HAL_Driver/stm32l4xx_hal_spi.o
                0x000000000800b1f8                HAL_SPI_Init
 .text.HAL_SPI_MspInit
                0x000000000800b33e       0x14 ./Drivers/STM32L4xx_HAL_Driver/stm32l4xx_hal_spi.o
                0x000000000800b33e                HAL_SPI_MspInit
 .text.HAL_SPI_TransmitReceive
                0x000000000800b352      0x426 ./Drivers/STM32L4xx_HAL_Driver/stm32l4xx_hal_spi.o
                0x000000000800b352                HAL_SPI_TransmitReceive
 .text.HAL_SPI_GetState
                0x000000000800b778       0x1c ./Drivers/STM32L4xx_HAL_Driver/stm32l4xx_hal_spi.o
                0x000000000800b778                HAL_SPI_GetState
 .text.SPI_WaitFlagStateUntilTimeout
                0x000000000800b794      0x110 ./Drivers/STM32L4xx_HAL_Driver/stm32l4xx_hal_spi.o
 .text.SPI_WaitFifoStateUntilTimeout
                0x000000000800b8a4      0x12c ./Drivers/STM32L4xx_HAL_Driver/stm32l4xx_hal_spi.o
 .text.SPI_EndRxTxTransaction
                0x000000000800b9d0       0x8c ./Drivers/STM32L4xx_HAL_Driver/stm32l4xx_hal_spi.o
 .text.HAL_UART_Init
                0x000000000800ba5c       0x9c ./Drivers/STM32L4xx_HAL_Driver/stm32l4xx_hal_uart.o
                0x000000000800ba5c                HAL_UART_Init
 .text.HAL_UART_MspInit
                0x000000000800baf8       0x14 ./Drivers/STM32L4xx_HAL_Driver/stm32l4xx_hal_uart.o
                0x000000000800baf8                HAL_UART_MspInit
 .text.HAL_UART_Transmit
                0x000000000800bb0c      0x128 ./Drivers/STM32L4xx_HAL_Driver/stm32l4xx_hal_uart.o
                0x000000000800bb0c                HAL_UART_Transmit
 .text.UART_SetConfig
                0x000000000800bc34      0x570 ./Drivers/STM32L4xx_HAL_Driver/stm32l4xx_hal_uart.o
                0x000000000800bc34                UART_SetConfig
 .text.UART_AdvFeatureConfig
                0x000000000800c1a4      0x144 ./Drivers/STM32L4xx_HAL_Driver/stm32l4xx_hal_uart.o
                0x000000000800c1a4                UART_AdvFeatureConfig
 .text.UART_CheckIdleState
                0x000000000800c2e8       0x92 ./Drivers/STM32L4xx_HAL_Driver/stm32l4xx_hal_uart.o
                0x000000000800c2e8                UART_CheckIdleState
 .text.UART_WaitOnFlagUntilTimeout
                0x000000000800c37a      0x188 ./Drivers/STM32L4xx_HAL_Driver/stm32l4xx_hal_uart.o
                0x000000000800c37a                UART_WaitOnFlagUntilTimeout
 .text.aci_gap_set_discoverable
                0x000000000800c502      0x206 ./Middlewares/BlueNRG-2/Wireless/BlueNRG-2/Controller/bluenrg1_gap_aci.o
                0x000000000800c502                aci_gap_set_discoverable
 .text.aci_gap_set_io_capability
                0x000000000800c708       0xba ./Middlewares/BlueNRG-2/Wireless/BlueNRG-2/Controller/bluenrg1_gap_aci.o
                0x000000000800c708                aci_gap_set_io_capability
 .text.aci_gap_set_authentication_requirement
                0x000000000800c7c2      0x19a ./Middlewares/BlueNRG-2/Wireless/BlueNRG-2/Controller/bluenrg1_gap_aci.o
                0x000000000800c7c2                aci_gap_set_authentication_requirement
 .text.aci_gap_pass_key_resp
                0x000000000800c95c       0xe0 ./Middlewares/BlueNRG-2/Wireless/BlueNRG-2/Controller/bluenrg1_gap_aci.o
                0x000000000800c95c                aci_gap_pass_key_resp
 .text.aci_gap_init
                0x000000000800ca3c      0x15a ./Middlewares/BlueNRG-2/Wireless/BlueNRG-2/Controller/bluenrg1_gap_aci.o
                0x000000000800ca3c                aci_gap_init
 .text.aci_gap_slave_security_req
                0x000000000800cb96       0xc0 ./Middlewares/BlueNRG-2/Wireless/BlueNRG-2/Controller/bluenrg1_gap_aci.o
                0x000000000800cb96                aci_gap_slave_security_req
 .text.aci_gap_update_adv_data
                0x000000000800cc56       0xf6 ./Middlewares/BlueNRG-2/Wireless/BlueNRG-2/Controller/bluenrg1_gap_aci.o
                0x000000000800cc56                aci_gap_update_adv_data
 .text.aci_gap_clear_security_db
                0x000000000800cd4c       0x52 ./Middlewares/BlueNRG-2/Wireless/BlueNRG-2/Controller/bluenrg1_gap_aci.o
                0x000000000800cd4c                aci_gap_clear_security_db
 .text.aci_gatt_init
                0x000000000800cd9e       0x54 ./Middlewares/BlueNRG-2/Wireless/BlueNRG-2/Controller/bluenrg1_gatt_aci.o
                0x000000000800cd9e                aci_gatt_init
 .text.aci_gatt_add_service
                0x000000000800cdf2      0x1ac ./Middlewares/BlueNRG-2/Wireless/BlueNRG-2/Controller/bluenrg1_gatt_aci.o
                0x000000000800cdf2                aci_gatt_add_service
 .text.aci_gatt_add_char
                0x000000000800cf9e      0x210 ./Middlewares/BlueNRG-2/Wireless/BlueNRG-2/Controller/bluenrg1_gatt_aci.o
                0x000000000800cf9e                aci_gatt_add_char
 .text.aci_gatt_update_char_value
                0x000000000800d1ae      0x164 ./Middlewares/BlueNRG-2/Wireless/BlueNRG-2/Controller/bluenrg1_gatt_aci.o
                0x000000000800d1ae                aci_gatt_update_char_value
 .text.aci_gatt_allow_read
                0x000000000800d312       0xbc ./Middlewares/BlueNRG-2/Wireless/BlueNRG-2/Controller/bluenrg1_gatt_aci.o
                0x000000000800d312                aci_gatt_allow_read
 .text.aci_hal_get_firmware_details
                0x000000000800d3ce       0xb4 ./Middlewares/BlueNRG-2/Wireless/BlueNRG-2/Controller/bluenrg1_hal_aci.o
                0x000000000800d3ce                aci_hal_get_firmware_details
 .text.aci_hal_write_config_data
                0x000000000800d482      0x11c ./Middlewares/BlueNRG-2/Wireless/BlueNRG-2/Controller/bluenrg1_hal_aci.o
                0x000000000800d482                aci_hal_write_config_data
 .text.aci_hal_read_config_data
                0x000000000800d59e      0x108 ./Middlewares/BlueNRG-2/Wireless/BlueNRG-2/Controller/bluenrg1_hal_aci.o
                0x000000000800d59e                aci_hal_read_config_data
 .text.aci_hal_set_tx_power_level
                0x000000000800d6a6       0xe0 ./Middlewares/BlueNRG-2/Wireless/BlueNRG-2/Controller/bluenrg1_hal_aci.o
                0x000000000800d6a6                aci_hal_set_tx_power_level
 .text.aci_l2cap_connection_parameter_update_req
                0x000000000800d786      0x150 ./Middlewares/BlueNRG-2/Wireless/BlueNRG-2/Controller/bluenrg1_l2cap_aci.o
                0x000000000800d786                aci_l2cap_connection_parameter_update_req
 .text.hci_disconnection_complete_event_process
                0x000000000800d8d6       0x30 ./Middlewares/BlueNRG-2/Wireless/BlueNRG-2/HCI_TL/Basic/bluenrg1_events.o
                0x000000000800d8d6                hci_disconnection_complete_event_process
 .text.hci_encryption_change_event_process
                0x000000000800d906       0x30 ./Middlewares/BlueNRG-2/Wireless/BlueNRG-2/HCI_TL/Basic/bluenrg1_events.o
                0x000000000800d906                hci_encryption_change_event_process
 .text.hci_read_remote_version_information_complete_event_process
                0x000000000800d936       0x3e ./Middlewares/BlueNRG-2/Wireless/BlueNRG-2/HCI_TL/Basic/bluenrg1_events.o
                0x000000000800d936                hci_read_remote_version_information_complete_event_process
 .text.hci_hardware_error_event_process
                0x000000000800d974       0x24 ./Middlewares/BlueNRG-2/Wireless/BlueNRG-2/HCI_TL/Basic/bluenrg1_events.o
                0x000000000800d974                hci_hardware_error_event_process
 .text.hci_number_of_completed_packets_event_process
                0x000000000800d998       0xae ./Middlewares/BlueNRG-2/Wireless/BlueNRG-2/HCI_TL/Basic/bluenrg1_events.o
                0x000000000800d998                hci_number_of_completed_packets_event_process
 .text.hci_data_buffer_overflow_event_process
                0x000000000800da46       0x24 ./Middlewares/BlueNRG-2/Wireless/BlueNRG-2/HCI_TL/Basic/bluenrg1_events.o
                0x000000000800da46                hci_data_buffer_overflow_event_process
 .text.hci_encryption_key_refresh_complete_event_process
                0x000000000800da6a       0x2e ./Middlewares/BlueNRG-2/Wireless/BlueNRG-2/HCI_TL/Basic/bluenrg1_events.o
                0x000000000800da6a                hci_encryption_key_refresh_complete_event_process
 .text.aci_blue_initialized_event_process
                0x000000000800da98       0x24 ./Middlewares/BlueNRG-2/Wireless/BlueNRG-2/HCI_TL/Basic/bluenrg1_events.o
                0x000000000800da98                aci_blue_initialized_event_process
 .text.aci_blue_events_lost_event_process
                0x000000000800dabc       0x22 ./Middlewares/BlueNRG-2/Wireless/BlueNRG-2/HCI_TL/Basic/bluenrg1_events.o
                0x000000000800dabc                aci_blue_events_lost_event_process
 .text.aci_blue_crash_info_event_process
                0x000000000800dade       0x84 ./Middlewares/BlueNRG-2/Wireless/BlueNRG-2/HCI_TL/Basic/bluenrg1_events.o
                0x000000000800dade                aci_blue_crash_info_event_process
 .text.aci_hal_end_of_radio_activity_event_process
                0x000000000800db62       0x2e ./Middlewares/BlueNRG-2/Wireless/BlueNRG-2/HCI_TL/Basic/bluenrg1_events.o
                0x000000000800db62                aci_hal_end_of_radio_activity_event_process
 .text.aci_hal_scan_req_report_event_process
                0x000000000800db90       0x2e ./Middlewares/BlueNRG-2/Wireless/BlueNRG-2/HCI_TL/Basic/bluenrg1_events.o
                0x000000000800db90                aci_hal_scan_req_report_event_process
 .text.aci_hal_fw_error_event_process
                0x000000000800dbbe       0x2c ./Middlewares/BlueNRG-2/Wireless/BlueNRG-2/HCI_TL/Basic/bluenrg1_events.o
                0x000000000800dbbe                aci_hal_fw_error_event_process
 .text.aci_gap_limited_discoverable_event_process
                0x000000000800dbea       0x1a ./Middlewares/BlueNRG-2/Wireless/BlueNRG-2/HCI_TL/Basic/bluenrg1_events.o
                0x000000000800dbea                aci_gap_limited_discoverable_event_process
 .text.aci_gap_pairing_complete_event_process
                0x000000000800dc04       0x2e ./Middlewares/BlueNRG-2/Wireless/BlueNRG-2/HCI_TL/Basic/bluenrg1_events.o
                0x000000000800dc04                aci_gap_pairing_complete_event_process
 .text.aci_gap_pass_key_req_event_process
                0x000000000800dc32       0x26 ./Middlewares/BlueNRG-2/Wireless/BlueNRG-2/HCI_TL/Basic/bluenrg1_events.o
                0x000000000800dc32                aci_gap_pass_key_req_event_process
 .text.aci_gap_authorization_req_event_process
                0x000000000800dc58       0x26 ./Middlewares/BlueNRG-2/Wireless/BlueNRG-2/HCI_TL/Basic/bluenrg1_events.o
                0x000000000800dc58                aci_gap_authorization_req_event_process
 .text.aci_gap_slave_security_initiated_event_process
                0x000000000800dc7e       0x1a ./Middlewares/BlueNRG-2/Wireless/BlueNRG-2/HCI_TL/Basic/bluenrg1_events.o
                0x000000000800dc7e                aci_gap_slave_security_initiated_event_process
 .text.aci_gap_bond_lost_event_process
                0x000000000800dc98       0x1a ./Middlewares/BlueNRG-2/Wireless/BlueNRG-2/HCI_TL/Basic/bluenrg1_events.o
                0x000000000800dc98                aci_gap_bond_lost_event_process
 .text.aci_gap_proc_complete_event_process
                0x000000000800dcb2       0x2e ./Middlewares/BlueNRG-2/Wireless/BlueNRG-2/HCI_TL/Basic/bluenrg1_events.o
                0x000000000800dcb2                aci_gap_proc_complete_event_process
 .text.aci_gap_addr_not_resolved_event_process
                0x000000000800dce0       0x26 ./Middlewares/BlueNRG-2/Wireless/BlueNRG-2/HCI_TL/Basic/bluenrg1_events.o
                0x000000000800dce0                aci_gap_addr_not_resolved_event_process
 .text.aci_gap_numeric_comparison_value_event_process
                0x000000000800dd06       0x2e ./Middlewares/BlueNRG-2/Wireless/BlueNRG-2/HCI_TL/Basic/bluenrg1_events.o
                0x000000000800dd06                aci_gap_numeric_comparison_value_event_process
 .text.aci_gap_keypress_notification_event_process
                0x000000000800dd34       0x2c ./Middlewares/BlueNRG-2/Wireless/BlueNRG-2/HCI_TL/Basic/bluenrg1_events.o
                0x000000000800dd34                aci_gap_keypress_notification_event_process
 .text.aci_l2cap_connection_update_resp_event_process
                0x000000000800dd60       0x2e ./Middlewares/BlueNRG-2/Wireless/BlueNRG-2/HCI_TL/Basic/bluenrg1_events.o
                0x000000000800dd60                aci_l2cap_connection_update_resp_event_process
 .text.aci_l2cap_proc_timeout_event_process
                0x000000000800dd8e       0x2e ./Middlewares/BlueNRG-2/Wireless/BlueNRG-2/HCI_TL/Basic/bluenrg1_events.o
                0x000000000800dd8e                aci_l2cap_proc_timeout_event_process
 .text.aci_l2cap_connection_update_req_event_process
                0x000000000800ddbc       0x5c ./Middlewares/BlueNRG-2/Wireless/BlueNRG-2/HCI_TL/Basic/bluenrg1_events.o
                0x000000000800ddbc                aci_l2cap_connection_update_req_event_process
 .text.aci_l2cap_command_reject_event_process
                0x000000000800de18       0x3c ./Middlewares/BlueNRG-2/Wireless/BlueNRG-2/HCI_TL/Basic/bluenrg1_events.o
                0x000000000800de18                aci_l2cap_command_reject_event_process
 .text.aci_gatt_attribute_modified_event_process
                0x000000000800de54       0x3e ./Middlewares/BlueNRG-2/Wireless/BlueNRG-2/HCI_TL/Basic/bluenrg1_events.o
                0x000000000800de54                aci_gatt_attribute_modified_event_process
 .text.aci_gatt_proc_timeout_event_process
                0x000000000800de92       0x26 ./Middlewares/BlueNRG-2/Wireless/BlueNRG-2/HCI_TL/Basic/bluenrg1_events.o
                0x000000000800de92                aci_gatt_proc_timeout_event_process
 .text.aci_att_exchange_mtu_resp_event_process
                0x000000000800deb8       0x2e ./Middlewares/BlueNRG-2/Wireless/BlueNRG-2/HCI_TL/Basic/bluenrg1_events.o
                0x000000000800deb8                aci_att_exchange_mtu_resp_event_process
 .text.aci_att_find_info_resp_event_process
                0x000000000800dee6       0x30 ./Middlewares/BlueNRG-2/Wireless/BlueNRG-2/HCI_TL/Basic/bluenrg1_events.o
                0x000000000800dee6                aci_att_find_info_resp_event_process
 .text.aci_att_find_by_type_value_resp_event_process
                0x000000000800df16       0xb4 ./Middlewares/BlueNRG-2/Wireless/BlueNRG-2/HCI_TL/Basic/bluenrg1_events.o
                0x000000000800df16                aci_att_find_by_type_value_resp_event_process
 .text.aci_att_read_by_type_resp_event_process
                0x000000000800dfca       0x30 ./Middlewares/BlueNRG-2/Wireless/BlueNRG-2/HCI_TL/Basic/bluenrg1_events.o
                0x000000000800dfca                aci_att_read_by_type_resp_event_process
 .text.aci_att_read_resp_event_process
                0x000000000800dffa       0x2e ./Middlewares/BlueNRG-2/Wireless/BlueNRG-2/HCI_TL/Basic/bluenrg1_events.o
                0x000000000800dffa                aci_att_read_resp_event_process
 .text.aci_att_read_blob_resp_event_process
                0x000000000800e028       0x2e ./Middlewares/BlueNRG-2/Wireless/BlueNRG-2/HCI_TL/Basic/bluenrg1_events.o
                0x000000000800e028                aci_att_read_blob_resp_event_process
 .text.aci_att_read_multiple_resp_event_process
                0x000000000800e056       0x2e ./Middlewares/BlueNRG-2/Wireless/BlueNRG-2/HCI_TL/Basic/bluenrg1_events.o
                0x000000000800e056                aci_att_read_multiple_resp_event_process
 .text.aci_att_read_by_group_type_resp_event_process
                0x000000000800e084       0x30 ./Middlewares/BlueNRG-2/Wireless/BlueNRG-2/HCI_TL/Basic/bluenrg1_events.o
                0x000000000800e084                aci_att_read_by_group_type_resp_event_process
 .text.aci_att_prepare_write_resp_event_process
                0x000000000800e0b4       0x3c ./Middlewares/BlueNRG-2/Wireless/BlueNRG-2/HCI_TL/Basic/bluenrg1_events.o
                0x000000000800e0b4                aci_att_prepare_write_resp_event_process
 .text.aci_att_exec_write_resp_event_process
                0x000000000800e0f0       0x26 ./Middlewares/BlueNRG-2/Wireless/BlueNRG-2/HCI_TL/Basic/bluenrg1_events.o
                0x000000000800e0f0                aci_att_exec_write_resp_event_process
 .text.aci_gatt_indication_event_process
                0x000000000800e116       0x32 ./Middlewares/BlueNRG-2/Wireless/BlueNRG-2/HCI_TL/Basic/bluenrg1_events.o
                0x000000000800e116                aci_gatt_indication_event_process
 .text.aci_gatt_notification_event_process
                0x000000000800e148       0x32 ./Middlewares/BlueNRG-2/Wireless/BlueNRG-2/HCI_TL/Basic/bluenrg1_events.o
                0x000000000800e148                aci_gatt_notification_event_process
 .text.aci_gatt_proc_complete_event_process
                0x000000000800e17a       0x2c ./Middlewares/BlueNRG-2/Wireless/BlueNRG-2/HCI_TL/Basic/bluenrg1_events.o
                0x000000000800e17a                aci_gatt_proc_complete_event_process
 .text.aci_gatt_error_resp_event_process
                0x000000000800e1a6       0x34 ./Middlewares/BlueNRG-2/Wireless/BlueNRG-2/HCI_TL/Basic/bluenrg1_events.o
                0x000000000800e1a6                aci_gatt_error_resp_event_process
 .text.aci_gatt_disc_read_char_by_uuid_resp_event_process
                0x000000000800e1da       0x32 ./Middlewares/BlueNRG-2/Wireless/BlueNRG-2/HCI_TL/Basic/bluenrg1_events.o
                0x000000000800e1da                aci_gatt_disc_read_char_by_uuid_resp_event_process
 .text.aci_gatt_write_permit_req_event_process
                0x000000000800e20c       0x32 ./Middlewares/BlueNRG-2/Wireless/BlueNRG-2/HCI_TL/Basic/bluenrg1_events.o
                0x000000000800e20c                aci_gatt_write_permit_req_event_process
 .text.aci_gatt_read_permit_req_event_process
                0x000000000800e23e       0x32 ./Middlewares/BlueNRG-2/Wireless/BlueNRG-2/HCI_TL/Basic/bluenrg1_events.o
                0x000000000800e23e                aci_gatt_read_permit_req_event_process
 .text.aci_gatt_read_multi_permit_req_event_process
                0x000000000800e270       0x8a ./Middlewares/BlueNRG-2/Wireless/BlueNRG-2/HCI_TL/Basic/bluenrg1_events.o
                0x000000000800e270                aci_gatt_read_multi_permit_req_event_process
 .text.aci_gatt_tx_pool_available_event_process
                0x000000000800e2fa       0x2e ./Middlewares/BlueNRG-2/Wireless/BlueNRG-2/HCI_TL/Basic/bluenrg1_events.o
                0x000000000800e2fa                aci_gatt_tx_pool_available_event_process
 .text.aci_gatt_server_confirmation_event_process
                0x000000000800e328       0x26 ./Middlewares/BlueNRG-2/Wireless/BlueNRG-2/HCI_TL/Basic/bluenrg1_events.o
                0x000000000800e328                aci_gatt_server_confirmation_event_process
 .text.aci_gatt_prepare_write_permit_req_event_process
                0x000000000800e34e       0x3c ./Middlewares/BlueNRG-2/Wireless/BlueNRG-2/HCI_TL/Basic/bluenrg1_events.o
                0x000000000800e34e                aci_gatt_prepare_write_permit_req_event_process
 .text.hci_le_connection_complete_event_process
                0x000000000800e38a       0x68 ./Middlewares/BlueNRG-2/Wireless/BlueNRG-2/HCI_TL/Basic/bluenrg1_events.o
                0x000000000800e38a                hci_le_connection_complete_event_process
 .text.hci_le_advertising_report_event_process
                0x000000000800e3f2      0x1ba ./Middlewares/BlueNRG-2/Wireless/BlueNRG-2/HCI_TL/Basic/bluenrg1_events.o
                0x000000000800e3f2                hci_le_advertising_report_event_process
 .text.hci_le_connection_update_complete_event_process
                0x000000000800e5ac       0x46 ./Middlewares/BlueNRG-2/Wireless/BlueNRG-2/HCI_TL/Basic/bluenrg1_events.o
                0x000000000800e5ac                hci_le_connection_update_complete_event_process
 .text.hci_le_read_remote_used_features_complete_event_process
                0x000000000800e5f2       0x30 ./Middlewares/BlueNRG-2/Wireless/BlueNRG-2/HCI_TL/Basic/bluenrg1_events.o
                0x000000000800e5f2                hci_le_read_remote_used_features_complete_event_process
 .text.hci_le_long_term_key_request_event_process
                0x000000000800e622       0x30 ./Middlewares/BlueNRG-2/Wireless/BlueNRG-2/HCI_TL/Basic/bluenrg1_events.o
                0x000000000800e622                hci_le_long_term_key_request_event_process
 .text.hci_le_data_length_change_event_process
                0x000000000800e652       0x40 ./Middlewares/BlueNRG-2/Wireless/BlueNRG-2/HCI_TL/Basic/bluenrg1_events.o
                0x000000000800e652                hci_le_data_length_change_event_process
 .text.hci_le_read_local_p256_public_key_complete_event_process
                0x000000000800e692       0x2a ./Middlewares/BlueNRG-2/Wireless/BlueNRG-2/HCI_TL/Basic/bluenrg1_events.o
                0x000000000800e692                hci_le_read_local_p256_public_key_complete_event_process
 .text.hci_le_generate_dhkey_complete_event_process
                0x000000000800e6bc       0x2a ./Middlewares/BlueNRG-2/Wireless/BlueNRG-2/HCI_TL/Basic/bluenrg1_events.o
                0x000000000800e6bc                hci_le_generate_dhkey_complete_event_process
 .text.hci_le_enhanced_connection_complete_event_process
                0x000000000800e6e6       0x7c ./Middlewares/BlueNRG-2/Wireless/BlueNRG-2/HCI_TL/Basic/bluenrg1_events.o
                0x000000000800e6e6                hci_le_enhanced_connection_complete_event_process
 .text.hci_le_direct_advertising_report_event_process
                0x000000000800e762      0x15e ./Middlewares/BlueNRG-2/Wireless/BlueNRG-2/HCI_TL/Basic/bluenrg1_events.o
                0x000000000800e762                hci_le_direct_advertising_report_event_process
 .text.hci_encryption_change_event
                0x000000000800e8c0       0x1e ./Middlewares/BlueNRG-2/Wireless/BlueNRG-2/HCI_TL/Basic/bluenrg1_events_cb.o
                0x000000000800e8c0                hci_encryption_change_event
 .text.hci_read_remote_version_information_complete_event
                0x000000000800e8de       0x28 ./Middlewares/BlueNRG-2/Wireless/BlueNRG-2/HCI_TL/Basic/bluenrg1_events_cb.o
                0x000000000800e8de                hci_read_remote_version_information_complete_event
 .text.hci_hardware_error_event
                0x000000000800e906       0x16 ./Middlewares/BlueNRG-2/Wireless/BlueNRG-2/HCI_TL/Basic/bluenrg1_events_cb.o
                0x000000000800e906                hci_hardware_error_event
 .text.hci_number_of_completed_packets_event
                0x000000000800e91c       0x18 ./Middlewares/BlueNRG-2/Wireless/BlueNRG-2/HCI_TL/Basic/bluenrg1_events_cb.o
                0x000000000800e91c                hci_number_of_completed_packets_event
 .text.hci_data_buffer_overflow_event
                0x000000000800e934       0x16 ./Middlewares/BlueNRG-2/Wireless/BlueNRG-2/HCI_TL/Basic/bluenrg1_events_cb.o
                0x000000000800e934                hci_data_buffer_overflow_event
 .text.hci_encryption_key_refresh_complete_event
                0x000000000800e94a       0x1c ./Middlewares/BlueNRG-2/Wireless/BlueNRG-2/HCI_TL/Basic/bluenrg1_events_cb.o
                0x000000000800e94a                hci_encryption_key_refresh_complete_event
 .text.hci_le_advertising_report_event
                0x000000000800e966       0x18 ./Middlewares/BlueNRG-2/Wireless/BlueNRG-2/HCI_TL/Basic/bluenrg1_events_cb.o
                0x000000000800e966                hci_le_advertising_report_event
 .text.hci_le_connection_update_complete_event
                0x000000000800e97e       0x28 ./Middlewares/BlueNRG-2/Wireless/BlueNRG-2/HCI_TL/Basic/bluenrg1_events_cb.o
                0x000000000800e97e                hci_le_connection_update_complete_event
 .text.hci_le_read_remote_used_features_complete_event
                0x000000000800e9a6       0x1c ./Middlewares/BlueNRG-2/Wireless/BlueNRG-2/HCI_TL/Basic/bluenrg1_events_cb.o
                0x000000000800e9a6                hci_le_read_remote_used_features_complete_event
 .text.hci_le_long_term_key_request_event
                0x000000000800e9c2       0x1c ./Middlewares/BlueNRG-2/Wireless/BlueNRG-2/HCI_TL/Basic/bluenrg1_events_cb.o
                0x000000000800e9c2                hci_le_long_term_key_request_event
 .text.hci_le_data_length_change_event
                0x000000000800e9de       0x28 ./Middlewares/BlueNRG-2/Wireless/BlueNRG-2/HCI_TL/Basic/bluenrg1_events_cb.o
                0x000000000800e9de                hci_le_data_length_change_event
 .text.hci_le_read_local_p256_public_key_complete_event
                0x000000000800ea06       0x18 ./Middlewares/BlueNRG-2/Wireless/BlueNRG-2/HCI_TL/Basic/bluenrg1_events_cb.o
                0x000000000800ea06                hci_le_read_local_p256_public_key_complete_event
 .text.hci_le_generate_dhkey_complete_event
                0x000000000800ea1e       0x18 ./Middlewares/BlueNRG-2/Wireless/BlueNRG-2/HCI_TL/Basic/bluenrg1_events_cb.o
                0x000000000800ea1e                hci_le_generate_dhkey_complete_event
 .text.hci_le_enhanced_connection_complete_event
                0x000000000800ea36       0x28 ./Middlewares/BlueNRG-2/Wireless/BlueNRG-2/HCI_TL/Basic/bluenrg1_events_cb.o
                0x000000000800ea36                hci_le_enhanced_connection_complete_event
 .text.hci_le_direct_advertising_report_event
                0x000000000800ea5e       0x18 ./Middlewares/BlueNRG-2/Wireless/BlueNRG-2/HCI_TL/Basic/bluenrg1_events_cb.o
                0x000000000800ea5e                hci_le_direct_advertising_report_event
 .text.aci_gap_limited_discoverable_event
                0x000000000800ea76        0xe ./Middlewares/BlueNRG-2/Wireless/BlueNRG-2/HCI_TL/Basic/bluenrg1_events_cb.o
                0x000000000800ea76                aci_gap_limited_discoverable_event
 .text.aci_gap_authorization_req_event
                0x000000000800ea84       0x16 ./Middlewares/BlueNRG-2/Wireless/BlueNRG-2/HCI_TL/Basic/bluenrg1_events_cb.o
                0x000000000800ea84                aci_gap_authorization_req_event
 .text.aci_gap_slave_security_initiated_event
                0x000000000800ea9a        0xe ./Middlewares/BlueNRG-2/Wireless/BlueNRG-2/HCI_TL/Basic/bluenrg1_events_cb.o
                0x000000000800ea9a                aci_gap_slave_security_initiated_event
 .text.aci_gap_bond_lost_event
                0x000000000800eaa8        0xe ./Middlewares/BlueNRG-2/Wireless/BlueNRG-2/HCI_TL/Basic/bluenrg1_events_cb.o
                0x000000000800eaa8                aci_gap_bond_lost_event
 .text.aci_gap_proc_complete_event
                0x000000000800eab6       0x20 ./Middlewares/BlueNRG-2/Wireless/BlueNRG-2/HCI_TL/Basic/bluenrg1_events_cb.o
                0x000000000800eab6                aci_gap_proc_complete_event
 .text.aci_gap_addr_not_resolved_event
                0x000000000800ead6       0x16 ./Middlewares/BlueNRG-2/Wireless/BlueNRG-2/HCI_TL/Basic/bluenrg1_events_cb.o
                0x000000000800ead6                aci_gap_addr_not_resolved_event
 .text.aci_gap_numeric_comparison_value_event
                0x000000000800eaec       0x18 ./Middlewares/BlueNRG-2/Wireless/BlueNRG-2/HCI_TL/Basic/bluenrg1_events_cb.o
                0x000000000800eaec                aci_gap_numeric_comparison_value_event
 .text.aci_gap_keypress_notification_event
                0x000000000800eb04       0x1c ./Middlewares/BlueNRG-2/Wireless/BlueNRG-2/HCI_TL/Basic/bluenrg1_events_cb.o
                0x000000000800eb04                aci_gap_keypress_notification_event
 .text.aci_gatt_proc_timeout_event
                0x000000000800eb20       0x16 ./Middlewares/BlueNRG-2/Wireless/BlueNRG-2/HCI_TL/Basic/bluenrg1_events_cb.o
                0x000000000800eb20                aci_gatt_proc_timeout_event
 .text.aci_att_exchange_mtu_resp_event
                0x000000000800eb36       0x1c ./Middlewares/BlueNRG-2/Wireless/BlueNRG-2/HCI_TL/Basic/bluenrg1_events_cb.o
                0x000000000800eb36                aci_att_exchange_mtu_resp_event
 .text.aci_att_find_info_resp_event
                0x000000000800eb52       0x20 ./Middlewares/BlueNRG-2/Wireless/BlueNRG-2/HCI_TL/Basic/bluenrg1_events_cb.o
                0x000000000800eb52                aci_att_find_info_resp_event
 .text.aci_att_find_by_type_value_resp_event
                0x000000000800eb72       0x1c ./Middlewares/BlueNRG-2/Wireless/BlueNRG-2/HCI_TL/Basic/bluenrg1_events_cb.o
                0x000000000800eb72                aci_att_find_by_type_value_resp_event
 .text.aci_att_read_by_type_resp_event
                0x000000000800eb8e       0x20 ./Middlewares/BlueNRG-2/Wireless/BlueNRG-2/HCI_TL/Basic/bluenrg1_events_cb.o
                0x000000000800eb8e                aci_att_read_by_type_resp_event
 .text.aci_att_read_resp_event
                0x000000000800ebae       0x1c ./Middlewares/BlueNRG-2/Wireless/BlueNRG-2/HCI_TL/Basic/bluenrg1_events_cb.o
                0x000000000800ebae                aci_att_read_resp_event
 .text.aci_att_read_blob_resp_event
                0x000000000800ebca       0x1c ./Middlewares/BlueNRG-2/Wireless/BlueNRG-2/HCI_TL/Basic/bluenrg1_events_cb.o
                0x000000000800ebca                aci_att_read_blob_resp_event
 .text.aci_att_read_multiple_resp_event
                0x000000000800ebe6       0x1c ./Middlewares/BlueNRG-2/Wireless/BlueNRG-2/HCI_TL/Basic/bluenrg1_events_cb.o
                0x000000000800ebe6                aci_att_read_multiple_resp_event
 .text.aci_att_read_by_group_type_resp_event
                0x000000000800ec02       0x20 ./Middlewares/BlueNRG-2/Wireless/BlueNRG-2/HCI_TL/Basic/bluenrg1_events_cb.o
                0x000000000800ec02                aci_att_read_by_group_type_resp_event
 .text.aci_att_prepare_write_resp_event
                0x000000000800ec22       0x28 ./Middlewares/BlueNRG-2/Wireless/BlueNRG-2/HCI_TL/Basic/bluenrg1_events_cb.o
                0x000000000800ec22                aci_att_prepare_write_resp_event
 .text.aci_att_exec_write_resp_event
                0x000000000800ec4a       0x16 ./Middlewares/BlueNRG-2/Wireless/BlueNRG-2/HCI_TL/Basic/bluenrg1_events_cb.o
                0x000000000800ec4a                aci_att_exec_write_resp_event
 .text.aci_gatt_indication_event
                0x000000000800ec60       0x20 ./Middlewares/BlueNRG-2/Wireless/BlueNRG-2/HCI_TL/Basic/bluenrg1_events_cb.o
                0x000000000800ec60                aci_gatt_indication_event
 .text.aci_gatt_notification_event
                0x000000000800ec80       0x20 ./Middlewares/BlueNRG-2/Wireless/BlueNRG-2/HCI_TL/Basic/bluenrg1_events_cb.o
                0x000000000800ec80                aci_gatt_notification_event
 .text.aci_gatt_proc_complete_event
                0x000000000800eca0       0x1c ./Middlewares/BlueNRG-2/Wireless/BlueNRG-2/HCI_TL/Basic/bluenrg1_events_cb.o
                0x000000000800eca0                aci_gatt_proc_complete_event
 .text.aci_gatt_error_resp_event
                0x000000000800ecbc       0x28 ./Middlewares/BlueNRG-2/Wireless/BlueNRG-2/HCI_TL/Basic/bluenrg1_events_cb.o
                0x000000000800ecbc                aci_gatt_error_resp_event
 .text.aci_gatt_disc_read_char_by_uuid_resp_event
                0x000000000800ece4       0x20 ./Middlewares/BlueNRG-2/Wireless/BlueNRG-2/HCI_TL/Basic/bluenrg1_events_cb.o
                0x000000000800ece4                aci_gatt_disc_read_char_by_uuid_resp_event
 .text.aci_gatt_write_permit_req_event
                0x000000000800ed04       0x20 ./Middlewares/BlueNRG-2/Wireless/BlueNRG-2/HCI_TL/Basic/bluenrg1_events_cb.o
                0x000000000800ed04                aci_gatt_write_permit_req_event
 .text.aci_gatt_read_multi_permit_req_event
                0x000000000800ed24       0x1c ./Middlewares/BlueNRG-2/Wireless/BlueNRG-2/HCI_TL/Basic/bluenrg1_events_cb.o
                0x000000000800ed24                aci_gatt_read_multi_permit_req_event
 .text.aci_gatt_tx_pool_available_event
                0x000000000800ed40       0x1c ./Middlewares/BlueNRG-2/Wireless/BlueNRG-2/HCI_TL/Basic/bluenrg1_events_cb.o
                0x000000000800ed40                aci_gatt_tx_pool_available_event
 .text.aci_gatt_server_confirmation_event
                0x000000000800ed5c       0x16 ./Middlewares/BlueNRG-2/Wireless/BlueNRG-2/HCI_TL/Basic/bluenrg1_events_cb.o
                0x000000000800ed5c                aci_gatt_server_confirmation_event
 .text.aci_gatt_prepare_write_permit_req_event
                0x000000000800ed72       0x28 ./Middlewares/BlueNRG-2/Wireless/BlueNRG-2/HCI_TL/Basic/bluenrg1_events_cb.o
                0x000000000800ed72                aci_gatt_prepare_write_permit_req_event
 .text.aci_l2cap_connection_update_resp_event
                0x000000000800ed9a       0x1c ./Middlewares/BlueNRG-2/Wireless/BlueNRG-2/HCI_TL/Basic/bluenrg1_events_cb.o
                0x000000000800ed9a                aci_l2cap_connection_update_resp_event
 .text.aci_l2cap_proc_timeout_event
                0x000000000800edb6       0x1c ./Middlewares/BlueNRG-2/Wireless/BlueNRG-2/HCI_TL/Basic/bluenrg1_events_cb.o
                0x000000000800edb6                aci_l2cap_proc_timeout_event
 .text.aci_l2cap_connection_update_req_event
                0x000000000800edd2       0x28 ./Middlewares/BlueNRG-2/Wireless/BlueNRG-2/HCI_TL/Basic/bluenrg1_events_cb.o
                0x000000000800edd2                aci_l2cap_connection_update_req_event
 .text.aci_l2cap_command_reject_event
                0x000000000800edfa       0x28 ./Middlewares/BlueNRG-2/Wireless/BlueNRG-2/HCI_TL/Basic/bluenrg1_events_cb.o
                0x000000000800edfa                aci_l2cap_command_reject_event
 .text.aci_blue_initialized_event
                0x000000000800ee22       0x16 ./Middlewares/BlueNRG-2/Wireless/BlueNRG-2/HCI_TL/Basic/bluenrg1_events_cb.o
                0x000000000800ee22                aci_blue_initialized_event
 .text.aci_blue_events_lost_event
                0x000000000800ee38       0x14 ./Middlewares/BlueNRG-2/Wireless/BlueNRG-2/HCI_TL/Basic/bluenrg1_events_cb.o
                0x000000000800ee38                aci_blue_events_lost_event
 .text.aci_blue_crash_info_event
                0x000000000800ee4c       0x1c ./Middlewares/BlueNRG-2/Wireless/BlueNRG-2/HCI_TL/Basic/bluenrg1_events_cb.o
                0x000000000800ee4c                aci_blue_crash_info_event
 .text.aci_hal_end_of_radio_activity_event
                0x000000000800ee68       0x1c ./Middlewares/BlueNRG-2/Wireless/BlueNRG-2/HCI_TL/Basic/bluenrg1_events_cb.o
                0x000000000800ee68                aci_hal_end_of_radio_activity_event
 .text.aci_hal_scan_req_report_event
                0x000000000800ee84       0x1c ./Middlewares/BlueNRG-2/Wireless/BlueNRG-2/HCI_TL/Basic/bluenrg1_events_cb.o
                0x000000000800ee84                aci_hal_scan_req_report_event
 .text.aci_hal_fw_error_event
                0x000000000800eea0       0x1c ./Middlewares/BlueNRG-2/Wireless/BlueNRG-2/HCI_TL/Basic/bluenrg1_events_cb.o
                0x000000000800eea0                aci_hal_fw_error_event
 .text.hci_reset
                0x000000000800eebc       0x52 ./Middlewares/BlueNRG-2/Wireless/BlueNRG-2/HCI_TL/Basic/bluenrg1_hci_le.o
                0x000000000800eebc                hci_reset
 .text.hci_read_local_version_information
                0x000000000800ef0e       0x8c ./Middlewares/BlueNRG-2/Wireless/BlueNRG-2/HCI_TL/Basic/bluenrg1_hci_le.o
                0x000000000800ef0e                hci_read_local_version_information
 .text.hci_le_set_scan_response_data
                0x000000000800ef9a       0xf2 ./Middlewares/BlueNRG-2/Wireless/BlueNRG-2/HCI_TL/Basic/bluenrg1_hci_le.o
                0x000000000800ef9a                hci_le_set_scan_response_data
 .text.verify_packet
                0x000000000800f08c       0x40 ./Middlewares/BlueNRG-2/Wireless/BlueNRG-2/HCI_TL/Basic/hci_tl.o
 .text.send_cmd
                0x000000000800f0cc       0x80 ./Middlewares/BlueNRG-2/Wireless/BlueNRG-2/HCI_TL/Basic/hci_tl.o
 .text.move_list
                0x000000000800f14c       0x38 ./Middlewares/BlueNRG-2/Wireless/BlueNRG-2/HCI_TL/Basic/hci_tl.o
 .text.free_event_list
                0x000000000800f184       0x3c ./Middlewares/BlueNRG-2/Wireless/BlueNRG-2/HCI_TL/Basic/hci_tl.o
 .text.hci_init
                0x000000000800f1c0       0x84 ./Middlewares/BlueNRG-2/Wireless/BlueNRG-2/HCI_TL/Basic/hci_tl.o
                0x000000000800f1c0                hci_init
 .text.hci_register_io_bus
                0x000000000800f244       0x40 ./Middlewares/BlueNRG-2/Wireless/BlueNRG-2/HCI_TL/Basic/hci_tl.o
                0x000000000800f244                hci_register_io_bus
 .text.hci_send_req
                0x000000000800f284      0x234 ./Middlewares/BlueNRG-2/Wireless/BlueNRG-2/HCI_TL/Basic/hci_tl.o
                0x000000000800f284                hci_send_req
 .text.hci_user_evt_proc
                0x000000000800f4b8       0x58 ./Middlewares/BlueNRG-2/Wireless/BlueNRG-2/HCI_TL/Basic/hci_tl.o
                0x000000000800f4b8                hci_user_evt_proc
 .text.hci_notify_asynch_evt
                0x000000000800f510       0x9c ./Middlewares/BlueNRG-2/Wireless/BlueNRG-2/HCI_TL/Basic/hci_tl.o
                0x000000000800f510                hci_notify_asynch_evt
 .text.list_init_head
                0x000000000800f5ac       0x20 ./Middlewares/BlueNRG-2/Wireless/BlueNRG-2/Utils/ble_list.o
                0x000000000800f5ac                list_init_head
 .text.list_is_empty
                0x000000000800f5cc       0x44 ./Middlewares/BlueNRG-2/Wireless/BlueNRG-2/Utils/ble_list.o
                0x000000000800f5cc                list_is_empty
 .text.list_insert_head
                0x000000000800f610       0x4c ./Middlewares/BlueNRG-2/Wireless/BlueNRG-2/Utils/ble_list.o
                0x000000000800f610                list_insert_head
 .text.list_insert_tail
                0x000000000800f65c       0x4c ./Middlewares/BlueNRG-2/Wireless/BlueNRG-2/Utils/ble_list.o
                0x000000000800f65c                list_insert_tail
 .text.list_remove_node
                0x000000000800f6a8       0x42 ./Middlewares/BlueNRG-2/Wireless/BlueNRG-2/Utils/ble_list.o
                0x000000000800f6a8                list_remove_node
 .text.list_remove_head
                0x000000000800f6ea       0x4e ./Middlewares/BlueNRG-2/Wireless/BlueNRG-2/Utils/ble_list.o
                0x000000000800f6ea                list_remove_head
 .text.list_remove_tail
                0x000000000800f738       0x4e ./Middlewares/BlueNRG-2/Wireless/BlueNRG-2/Utils/ble_list.o
                0x000000000800f738                list_remove_tail
 .text.list_get_size
                0x000000000800f786       0x50 ./Middlewares/BlueNRG-2/Wireless/BlueNRG-2/Utils/ble_list.o
                0x000000000800f786                list_get_size
 .text.atoi     0x000000000800f7d6        0x8 c:/st/stm32cubeide_1.11.0/stm32cubeide/plugins/com.st.stm32cube.ide.mcu.externaltools.gnu-tools-for-stm32.10.3-2021.10.win32_1.0.100.202210260954/tools/bin/../lib/gcc/arm-none-eabi/10.3.1/../../../../arm-none-eabi/lib/thumb/v7e-m+fp/hard\libc_nano.a(lib_a-atoi.o)
                0x000000000800f7d6                atoi
 *fill*         0x000000000800f7de        0x2 
 .text.__errno  0x000000000800f7e0        0xc c:/st/stm32cubeide_1.11.0/stm32cubeide/plugins/com.st.stm32cube.ide.mcu.externaltools.gnu-tools-for-stm32.10.3-2021.10.win32_1.0.100.202210260954/tools/bin/../lib/gcc/arm-none-eabi/10.3.1/../../../../arm-none-eabi/lib/thumb/v7e-m+fp/hard\libc_nano.a(lib_a-errno.o)
                0x000000000800f7e0                __errno
 .text.__libc_init_array
                0x000000000800f7ec       0x48 c:/st/stm32cubeide_1.11.0/stm32cubeide/plugins/com.st.stm32cube.ide.mcu.externaltools.gnu-tools-for-stm32.10.3-2021.10.win32_1.0.100.202210260954/tools/bin/../lib/gcc/arm-none-eabi/10.3.1/../../../../arm-none-eabi/lib/thumb/v7e-m+fp/hard\libc_nano.a(lib_a-init.o)
                0x000000000800f7ec                __libc_init_array
 .text.memcpy   0x000000000800f834       0x1c c:/st/stm32cubeide_1.11.0/stm32cubeide/plugins/com.st.stm32cube.ide.mcu.externaltools.gnu-tools-for-stm32.10.3-2021.10.win32_1.0.100.202210260954/tools/bin/../lib/gcc/arm-none-eabi/10.3.1/../../../../arm-none-eabi/lib/thumb/v7e-m+fp/hard\libc_nano.a(lib_a-memcpy-stub.o)
                0x000000000800f834                memcpy
 .text.memset   0x000000000800f850       0x10 c:/st/stm32cubeide_1.11.0/stm32cubeide/plugins/com.st.stm32cube.ide.mcu.externaltools.gnu-tools-for-stm32.10.3-2021.10.win32_1.0.100.202210260954/tools/bin/../lib/gcc/arm-none-eabi/10.3.1/../../../../arm-none-eabi/lib/thumb/v7e-m+fp/hard\libc_nano.a(lib_a-memset.o)
                0x000000000800f850                memset
 .text.printf   0x000000000800f860       0x30 c:/st/stm32cubeide_1.11.0/stm32cubeide/plugins/com.st.stm32cube.ide.mcu.externaltools.gnu-tools-for-stm32.10.3-2021.10.win32_1.0.100.202210260954/tools/bin/../lib/gcc/arm-none-eabi/10.3.1/../../../../arm-none-eabi/lib/thumb/v7e-m+fp/hard\libc_nano.a(lib_a-printf.o)
                0x000000000800f860                iprintf
                0x000000000800f860                printf
 .text._puts_r  0x000000000800f890       0xdc c:/st/stm32cubeide_1.11.0/stm32cubeide/plugins/com.st.stm32cube.ide.mcu.externaltools.gnu-tools-for-stm32.10.3-2021.10.win32_1.0.100.202210260954/tools/bin/../lib/gcc/arm-none-eabi/10.3.1/../../../../arm-none-eabi/lib/thumb/v7e-m+fp/hard\libc_nano.a(lib_a-puts.o)
                0x000000000800f890                _puts_r
 .text.puts     0x000000000800f96c       0x10 c:/st/stm32cubeide_1.11.0/stm32cubeide/plugins/com.st.stm32cube.ide.mcu.externaltools.gnu-tools-for-stm32.10.3-2021.10.win32_1.0.100.202210260954/tools/bin/../lib/gcc/arm-none-eabi/10.3.1/../../../../arm-none-eabi/lib/thumb/v7e-m+fp/hard\libc_nano.a(lib_a-puts.o)
                0x000000000800f96c                puts
 .text.srand    0x000000000800f97c       0x5c c:/st/stm32cubeide_1.11.0/stm32cubeide/plugins/com.st.stm32cube.ide.mcu.externaltools.gnu-tools-for-stm32.10.3-2021.10.win32_1.0.100.202210260954/tools/bin/../lib/gcc/arm-none-eabi/10.3.1/../../../../arm-none-eabi/lib/thumb/v7e-m+fp/hard\libc_nano.a(lib_a-rand.o)
                0x000000000800f97c                srand
 .text.rand     0x000000000800f9d8       0x7c c:/st/stm32cubeide_1.11.0/stm32cubeide/plugins/com.st.stm32cube.ide.mcu.externaltools.gnu-tools-for-stm32.10.3-2021.10.win32_1.0.100.202210260954/tools/bin/../lib/gcc/arm-none-eabi/10.3.1/../../../../arm-none-eabi/lib/thumb/v7e-m+fp/hard\libc_nano.a(lib_a-rand.o)
                0x000000000800f9d8                rand
 .text.sprintf  0x000000000800fa54       0x40 c:/st/stm32cubeide_1.11.0/stm32cubeide/plugins/com.st.stm32cube.ide.mcu.externaltools.gnu-tools-for-stm32.10.3-2021.10.win32_1.0.100.202210260954/tools/bin/../lib/gcc/arm-none-eabi/10.3.1/../../../../arm-none-eabi/lib/thumb/v7e-m+fp/hard\libc_nano.a(lib_a-sprintf.o)
                0x000000000800fa54                siprintf
                0x000000000800fa54                sprintf
 .text.strncmp  0x000000000800fa94       0x28 c:/st/stm32cubeide_1.11.0/stm32cubeide/plugins/com.st.stm32cube.ide.mcu.externaltools.gnu-tools-for-stm32.10.3-2021.10.win32_1.0.100.202210260954/tools/bin/../lib/gcc/arm-none-eabi/10.3.1/../../../../arm-none-eabi/lib/thumb/v7e-m+fp/hard\libc_nano.a(lib_a-strncmp.o)
                0x000000000800fa94                strncmp
 .text._strtol_l.constprop.0
                0x000000000800fabc      0x104 c:/st/stm32cubeide_1.11.0/stm32cubeide/plugins/com.st.stm32cube.ide.mcu.externaltools.gnu-tools-for-stm32.10.3-2021.10.win32_1.0.100.202210260954/tools/bin/../lib/gcc/arm-none-eabi/10.3.1/../../../../arm-none-eabi/lib/thumb/v7e-m+fp/hard\libc_nano.a(lib_a-strtol.o)
 .text.strtol   0x000000000800fbc0       0x14 c:/st/stm32cubeide_1.11.0/stm32cubeide/plugins/com.st.stm32cube.ide.mcu.externaltools.gnu-tools-for-stm32.10.3-2021.10.win32_1.0.100.202210260954/tools/bin/../lib/gcc/arm-none-eabi/10.3.1/../../../../arm-none-eabi/lib/thumb/v7e-m+fp/hard\libc_nano.a(lib_a-strtol.o)
                0x000000000800fbc0                strtol
 .text.__swbuf_r
                0x000000000800fbd4       0xa4 c:/st/stm32cubeide_1.11.0/stm32cubeide/plugins/com.st.stm32cube.ide.mcu.externaltools.gnu-tools-for-stm32.10.3-2021.10.win32_1.0.100.202210260954/tools/bin/../lib/gcc/arm-none-eabi/10.3.1/../../../../arm-none-eabi/lib/thumb/v7e-m+fp/hard\libc_nano.a(lib_a-wbuf.o)
                0x000000000800fbd4                __swbuf_r
 .text.__swsetup_r
                0x000000000800fc78       0xdc c:/st/stm32cubeide_1.11.0/stm32cubeide/plugins/com.st.stm32cube.ide.mcu.externaltools.gnu-tools-for-stm32.10.3-2021.10.win32_1.0.100.202210260954/tools/bin/../lib/gcc/arm-none-eabi/10.3.1/../../../../arm-none-eabi/lib/thumb/v7e-m+fp/hard\libc_nano.a(lib_a-wsetup.o)
                0x000000000800fc78                __swsetup_r
 .text.__assert_func
                0x000000000800fd54       0x3c c:/st/stm32cubeide_1.11.0/stm32cubeide/plugins/com.st.stm32cube.ide.mcu.externaltools.gnu-tools-for-stm32.10.3-2021.10.win32_1.0.100.202210260954/tools/bin/../lib/gcc/arm-none-eabi/10.3.1/../../../../arm-none-eabi/lib/thumb/v7e-m+fp/hard\libc_nano.a(lib_a-assert.o)
                0x000000000800fd54                __assert_func
 .text.__sflush_r
                0x000000000800fd90      0x10c c:/st/stm32cubeide_1.11.0/stm32cubeide/plugins/com.st.stm32cube.ide.mcu.externaltools.gnu-tools-for-stm32.10.3-2021.10.win32_1.0.100.202210260954/tools/bin/../lib/gcc/arm-none-eabi/10.3.1/../../../../arm-none-eabi/lib/thumb/v7e-m+fp/hard\libc_nano.a(lib_a-fflush.o)
                0x000000000800fd90                __sflush_r
 .text._fflush_r
                0x000000000800fe9c       0x78 c:/st/stm32cubeide_1.11.0/stm32cubeide/plugins/com.st.stm32cube.ide.mcu.externaltools.gnu-tools-for-stm32.10.3-2021.10.win32_1.0.100.202210260954/tools/bin/../lib/gcc/arm-none-eabi/10.3.1/../../../../arm-none-eabi/lib/thumb/v7e-m+fp/hard\libc_nano.a(lib_a-fflush.o)
                0x000000000800fe9c                _fflush_r
 .text.std      0x000000000800ff14       0x48 c:/st/stm32cubeide_1.11.0/stm32cubeide/plugins/com.st.stm32cube.ide.mcu.externaltools.gnu-tools-for-stm32.10.3-2021.10.win32_1.0.100.202210260954/tools/bin/../lib/gcc/arm-none-eabi/10.3.1/../../../../arm-none-eabi/lib/thumb/v7e-m+fp/hard\libc_nano.a(lib_a-findfp.o)
 .text._cleanup_r
                0x000000000800ff5c        0xc c:/st/stm32cubeide_1.11.0/stm32cubeide/plugins/com.st.stm32cube.ide.mcu.externaltools.gnu-tools-for-stm32.10.3-2021.10.win32_1.0.100.202210260954/tools/bin/../lib/gcc/arm-none-eabi/10.3.1/../../../../arm-none-eabi/lib/thumb/v7e-m+fp/hard\libc_nano.a(lib_a-findfp.o)
                0x000000000800ff5c                _cleanup_r
 .text.__sfmoreglue
                0x000000000800ff68       0x2c c:/st/stm32cubeide_1.11.0/stm32cubeide/plugins/com.st.stm32cube.ide.mcu.externaltools.gnu-tools-for-stm32.10.3-2021.10.win32_1.0.100.202210260954/tools/bin/../lib/gcc/arm-none-eabi/10.3.1/../../../../arm-none-eabi/lib/thumb/v7e-m+fp/hard\libc_nano.a(lib_a-findfp.o)
                0x000000000800ff68                __sfmoreglue
 .text.__sfp_lock_acquire
                0x000000000800ff94        0xc c:/st/stm32cubeide_1.11.0/stm32cubeide/plugins/com.st.stm32cube.ide.mcu.externaltools.gnu-tools-for-stm32.10.3-2021.10.win32_1.0.100.202210260954/tools/bin/../lib/gcc/arm-none-eabi/10.3.1/../../../../arm-none-eabi/lib/thumb/v7e-m+fp/hard\libc_nano.a(lib_a-findfp.o)
                0x000000000800ff94                __sfp_lock_acquire
 .text.__sfp_lock_release
                0x000000000800ffa0        0xc c:/st/stm32cubeide_1.11.0/stm32cubeide/plugins/com.st.stm32cube.ide.mcu.externaltools.gnu-tools-for-stm32.10.3-2021.10.win32_1.0.100.202210260954/tools/bin/../lib/gcc/arm-none-eabi/10.3.1/../../../../arm-none-eabi/lib/thumb/v7e-m+fp/hard\libc_nano.a(lib_a-findfp.o)
                0x000000000800ffa0                __sfp_lock_release
 .text.__sinit_lock_acquire
                0x000000000800ffac        0xc c:/st/stm32cubeide_1.11.0/stm32cubeide/plugins/com.st.stm32cube.ide.mcu.externaltools.gnu-tools-for-stm32.10.3-2021.10.win32_1.0.100.202210260954/tools/bin/../lib/gcc/arm-none-eabi/10.3.1/../../../../arm-none-eabi/lib/thumb/v7e-m+fp/hard\libc_nano.a(lib_a-findfp.o)
                0x000000000800ffac                __sinit_lock_acquire
 .text.__sinit_lock_release
                0x000000000800ffb8        0xc c:/st/stm32cubeide_1.11.0/stm32cubeide/plugins/com.st.stm32cube.ide.mcu.externaltools.gnu-tools-for-stm32.10.3-2021.10.win32_1.0.100.202210260954/tools/bin/../lib/gcc/arm-none-eabi/10.3.1/../../../../arm-none-eabi/lib/thumb/v7e-m+fp/hard\libc_nano.a(lib_a-findfp.o)
                0x000000000800ffb8                __sinit_lock_release
 .text.__sinit  0x000000000800ffc4       0x70 c:/st/stm32cubeide_1.11.0/stm32cubeide/plugins/com.st.stm32cube.ide.mcu.externaltools.gnu-tools-for-stm32.10.3-2021.10.win32_1.0.100.202210260954/tools/bin/../lib/gcc/arm-none-eabi/10.3.1/../../../../arm-none-eabi/lib/thumb/v7e-m+fp/hard\libc_nano.a(lib_a-findfp.o)
                0x000000000800ffc4                __sinit
 .text.__sfp    0x0000000008010034       0x8c c:/st/stm32cubeide_1.11.0/stm32cubeide/plugins/com.st.stm32cube.ide.mcu.externaltools.gnu-tools-for-stm32.10.3-2021.10.win32_1.0.100.202210260954/tools/bin/../lib/gcc/arm-none-eabi/10.3.1/../../../../arm-none-eabi/lib/thumb/v7e-m+fp/hard\libc_nano.a(lib_a-findfp.o)
                0x0000000008010034                __sfp
 .text.fprintf  0x00000000080100c0       0x24 c:/st/stm32cubeide_1.11.0/stm32cubeide/plugins/com.st.stm32cube.ide.mcu.externaltools.gnu-tools-for-stm32.10.3-2021.10.win32_1.0.100.202210260954/tools/bin/../lib/gcc/arm-none-eabi/10.3.1/../../../../arm-none-eabi/lib/thumb/v7e-m+fp/hard\libc_nano.a(lib_a-fprintf.o)
                0x00000000080100c0                fiprintf
                0x00000000080100c0                fprintf
 .text._fwalk_reent
                0x00000000080100e4       0x3e c:/st/stm32cubeide_1.11.0/stm32cubeide/plugins/com.st.stm32cube.ide.mcu.externaltools.gnu-tools-for-stm32.10.3-2021.10.win32_1.0.100.202210260954/tools/bin/../lib/gcc/arm-none-eabi/10.3.1/../../../../arm-none-eabi/lib/thumb/v7e-m+fp/hard\libc_nano.a(lib_a-fwalk.o)
                0x00000000080100e4                _fwalk_reent
 .text.__retarget_lock_init_recursive
                0x0000000008010122        0x2 c:/st/stm32cubeide_1.11.0/stm32cubeide/plugins/com.st.stm32cube.ide.mcu.externaltools.gnu-tools-for-stm32.10.3-2021.10.win32_1.0.100.202210260954/tools/bin/../lib/gcc/arm-none-eabi/10.3.1/../../../../arm-none-eabi/lib/thumb/v7e-m+fp/hard\libc_nano.a(lib_a-lock.o)
                0x0000000008010122                __retarget_lock_init_recursive
 .text.__retarget_lock_acquire_recursive
                0x0000000008010124        0x2 c:/st/stm32cubeide_1.11.0/stm32cubeide/plugins/com.st.stm32cube.ide.mcu.externaltools.gnu-tools-for-stm32.10.3-2021.10.win32_1.0.100.202210260954/tools/bin/../lib/gcc/arm-none-eabi/10.3.1/../../../../arm-none-eabi/lib/thumb/v7e-m+fp/hard\libc_nano.a(lib_a-lock.o)
                0x0000000008010124                __retarget_lock_acquire_recursive
 .text.__retarget_lock_release_recursive
                0x0000000008010126        0x2 c:/st/stm32cubeide_1.11.0/stm32cubeide/plugins/com.st.stm32cube.ide.mcu.externaltools.gnu-tools-for-stm32.10.3-2021.10.win32_1.0.100.202210260954/tools/bin/../lib/gcc/arm-none-eabi/10.3.1/../../../../arm-none-eabi/lib/thumb/v7e-m+fp/hard\libc_nano.a(lib_a-lock.o)
                0x0000000008010126                __retarget_lock_release_recursive
 .text.__swhatbuf_r